 GostCryptSetup

 Timestamp is 5819bc01 (Wed Nov  2 11:12:17 2016)

 Preferred load address is 00400000

 Start         Length     Name                   Class
 0001:00000000 00000170H .text$di                CODE
 0001:00000170 000499a0H .text$mn                CODE
 0001:00049b10 00001880H .text$x                 CODE
 0001:0004b390 000001f3H .text$yd                CODE
 0002:00000000 00000490H .idata$5                DATA
 0002:00000490 00000004H .00cfg                  DATA
 0002:00000494 00000004H .CRT$XCA                DATA
 0002:00000498 00000004H .CRT$XCAA               DATA
 0002:0000049c 0000000cH .CRT$XCC                DATA
 0002:000004a8 0000000cH .CRT$XCL                DATA
 0002:000004b4 00000010H .CRT$XCU                DATA
 0002:000004c4 00000004H .CRT$XCZ                DATA
 0002:000004c8 00000004H .CRT$XIA                DATA
 0002:000004cc 00000004H .CRT$XIAA               DATA
 0002:000004d0 00000004H .CRT$XIAC               DATA
 0002:000004d4 00000018H .CRT$XIC                DATA
 0002:000004ec 00000004H .CRT$XIZ                DATA
 0002:000004f0 00000004H .CRT$XLA                DATA
 0002:000004f4 00000004H .CRT$XLZ                DATA
 0002:000004f8 00000004H .CRT$XPA                DATA
 0002:000004fc 00000008H .CRT$XPX                DATA
 0002:00000504 00000004H .CRT$XPXA               DATA
 0002:00000508 00000004H .CRT$XPZ                DATA
 0002:0000050c 00000004H .CRT$XTA                DATA
 0002:00000510 00000010H .CRT$XTZ                DATA
 0002:00000520 0001039cH .rdata                  DATA
 0002:000108bc 00000018H .rdata$T                DATA
 0002:000108d4 000010ecH .rdata$r                DATA
 0002:000119c0 00000178H .rdata$sxdata           DATA
 0002:00011b38 000003c0H .rdata$zzzdbg           DATA
 0002:00011ef8 00000004H .rtc$IAA                DATA
 0002:00011efc 00000004H .rtc$IZZ                DATA
 0002:00011f00 00000004H .rtc$TAA                DATA
 0002:00011f04 00000004H .rtc$TZZ                DATA
 0002:00011f08 00002834H .xdata$x                DATA
 0002:0001473c 00000000H ATL$__a                 DATA
 0002:0001473c 00000000H ATL$__z                 DATA
 0002:0001473c 00000000H .edata                  DATA
 0002:0001473c 000000c8H .idata$2                DATA
 0002:00014804 00000014H .idata$3                DATA
 0002:00014818 00000490H .idata$4                DATA
 0002:00014ca8 000013c8H .idata$6                DATA
 0003:00000000 00000e70H .data                   DATA
 0003:00000e70 00000a10H .data$r                 DATA
 0003:00001880 0002acccH .bss                    DATA
 0004:00000000 000000c4H .gfids$x                DATA
 0004:000000c4 000000b8H .gfids$y                DATA
 0005:00000000 00000004H .tls                    DATA
 0005:00000004 00000004H .tls$                   DATA
 0005:00000008 00000001H .tls$ZZZ                DATA
 0006:00000000 00000d70H .rsrc$01                DATA
 0006:00000d70 0007cc50H .rsrc$02                DATA

  Address         Publics by Value              Rva+Base       Lib:Object

 0000:00000000       ___guard_fids_count        00000000     <absolute>
 0000:00000000       ___guard_longjmp_count     00000000     <absolute>
 0000:00000000       ___guard_longjmp_table     00000000     <absolute>
 0000:00000000       ___guard_iat_table         00000000     <absolute>
 0000:00000000       ___guard_iat_count         00000000     <absolute>
 0000:00000000       __except_list              00000000     <absolute>
 0000:00000000       ___guard_fids_table        00000000     <absolute>
 0000:00000000       ___dynamic_value_reloc_table 00000000     <absolute>
 0000:0000002c       __tls_array                0000002c     <absolute>
 0000:0000005e       ___safe_se_handler_count   0000005e     <absolute>
 0000:00000100       ___guard_flags             00000100     <absolute>
 0000:00000000       ___ImageBase               00400000     <linker-defined>
 0001:00000170       ??$AtlAdd@K@ATL@@YAJPAKKK@Z 00401170 f i ComSetup.obj
 0001:000001a0       ??$AtlMultiply@H@ATL@@YAJPAHHH@Z 004011a0 f i ComSetup.obj
 0001:000001e0       ??1?$CAtlSafeAllocBufferManager@VCCRTAllocator@ATL@@@_ATL_SAFE_ALLOCA_IMPL@ATL@@QAE@XZ 004011e0 f i ComSetup.obj
 0001:00000200       ??1?$CAutoVectorPtr@_W@ATL@@QAE@XZ 00401200 f i ComSetup.obj
 0001:00000200       ??1?$CAutoVectorPtr@D@ATL@@QAE@XZ 00401200 f i ComSetup.obj
 0001:00000220       ??1?$CTempBuffer@D$0BAA@VCCRTAllocator@ATL@@@ATL@@QAE@XZ 00401220 f i ComSetup.obj
 0001:00000220       ??1?$CTempBuffer@E$0BAA@VCCRTAllocator@ATL@@@ATL@@QAE@XZ 00401220 f i ComSetup.obj
 0001:00000220       ??1?$CTempBuffer@D$0EAA@VCCRTAllocator@ATL@@@ATL@@QAE@XZ 00401220 f i ComSetup.obj
 0001:00000230       ??1CParseBuffer@CRegParser@ATL@@QAE@XZ 00401230 f i ComSetup.obj
 0001:00000240       ??1CRegKey@ATL@@QAE@XZ     00401240 f i ComSetup.obj
 0001:00000260       ??1CRegObject@ATL@@UAE@XZ  00401260 f i ComSetup.obj
 0001:000002e0       ??_GCRegObject@ATL@@UAEPAXI@Z 004012e0 f i ComSetup.obj
 0001:000002e0       ??_ECRegObject@ATL@@UAEPAXI@Z 004012e0 f i ComSetup.obj
 0001:00000310       ??_E_com_error@@UAEPAXI@Z  00401310 f i ComSetup.obj
 0001:00000310       ??_G_com_error@@UAEPAXI@Z  00401310 f i ComSetup.obj
 0001:00000350       ?Add@?$CSimpleMap@PADPA_WVCExpansionVectorEqualHelper@ATL@@@ATL@@QAEHABQADABQA_W@Z 00401350 f i ComSetup.obj
 0001:000003c0       ?Add@CExpansionVector@ATL@@QAEHPBDPB_W@Z 004013c0 f i ComSetup.obj
 0001:00000520       ?AddRef@CRegObject@ATL@@UAGKXZ 00401520 f i ComSetup.obj
 0001:00000530       ?AddReplacement@CRegObject@ATL@@UAGJPB_W0@Z 00401530 f i ComSetup.obj
 0001:00000670       ?AddString@CParseBuffer@CRegParser@ATL@@QAEHPB_W@Z 00401670 f i ComSetup.obj
 0001:00000790       ?AddValue@CRegParser@ATL@@IAEJAAVCRegKey@2@PBDPAD@Z 00401790 f i ComSetup.obj
 0001:00000bf0       ?Allocate@?$CAtlSafeAllocBufferManager@VCCRTAllocator@ATL@@@_ATL_SAFE_ALLOCA_IMPL@ATL@@QAEPAXK@Z 00401bf0 f i ComSetup.obj
 0001:00000c40       ?Allocate@?$CTempBuffer@E$0BAA@VCCRTAllocator@ATL@@@ATL@@QAEPAEI@Z 00401c40 f i ComSetup.obj
 0001:00000c40       ?Allocate@?$CTempBuffer@D$0BAA@VCCRTAllocator@ATL@@@ATL@@QAEPADI@Z 00401c40 f i ComSetup.obj
 0001:00000c80       ?Allocate@?$CTempBuffer@D$0EAA@VCCRTAllocator@ATL@@@ATL@@QAEPADI@Z 00401c80 f i ComSetup.obj
 0001:00000cc0       ?AllocateHeap@?$CTempBuffer@E$0BAA@VCCRTAllocator@ATL@@@ATL@@AAEXI@Z 00401cc0 f i ComSetup.obj
 0001:00000cc0       ?AllocateHeap@?$CTempBuffer@D$0BAA@VCCRTAllocator@ATL@@@ATL@@AAEXI@Z 00401cc0 f i ComSetup.obj
 0001:00000cc0       ?AllocateHeap@?$CTempBuffer@D$0EAA@VCCRTAllocator@ATL@@@ATL@@AAEXI@Z 00401cc0 f i ComSetup.obj
 0001:00000cf0       ?Append@CParseBuffer@CRegParser@ATL@@QAEHPBDH@Z 00401cf0 f i ComSetup.obj
 0001:00000d90       ?AtlA2WHelper@@YGPA_WPA_WPBDHI@Z 00401d90 f i ComSetup.obj
 0001:00000dd0       ?AtlCrtErrorCheck@ATL@@YAHH@Z 00401dd0 f i ComSetup.obj
 0001:00000e70       ?AtlHresultFromLastError@ATL@@YAJXZ 00401e70 f i ComSetup.obj
 0001:00000e90       ?AtlHresultFromWin32@ATL@@YAJK@Z 00401e90 f i ComSetup.obj
 0001:00000eb0       ?AtlThrowImpl@ATL@@YGXJ@Z  00401eb0 f i ComSetup.obj
 0001:00000ed0       ?AtlW2AHelper@@YGPADPADPB_WHI@Z 00401ed0 f i ComSetup.obj
 0001:00000f10       ?CanForceRemoveKey@CRegParser@ATL@@IAEHPBD@Z 00401f10 f i ComSetup.obj
 0001:00000f50       ?ChToByte@CRegParser@ATL@@KAED@Z 00401f50 f i ComSetup.obj
 0001:00000fd0       ?ClearReplacements@CExpansionVector@ATL@@QAEJXZ 00401fd0 f i ComSetup.obj
 0001:00001060       ?ClearReplacements@CRegObject@ATL@@UAGJXZ 00402060 f i ComSetup.obj
 0001:00001090       ?Create@CRegKey@ATL@@QAEJPAUHKEY__@@PBDPADKKPAU_SECURITY_ATTRIBUTES@@PAK@Z 00402090 f i ComSetup.obj
 0001:00001170       ?DeleteSubKey@CRegKey@ATL@@QAEJPBD@Z 00402170 f i ComSetup.obj
 0001:00001250       ?ErrorMessage@_com_error@@QBEPBDXZ 00402250 f i ComSetup.obj
 0001:00001320       ?FreeHeap@?$CTempBuffer@D$0BAA@VCCRTAllocator@ATL@@@ATL@@AAEXXZ 00402320 f i ComSetup.obj
 0001:00001320       ?FreeHeap@?$CTempBuffer@D$0EAA@VCCRTAllocator@ATL@@@ATL@@AAEXXZ 00402320 f i ComSetup.obj
 0001:00001320       ?FreeHeap@?$CTempBuffer@E$0BAA@VCCRTAllocator@ATL@@@ATL@@AAEXXZ 00402320 f i ComSetup.obj
 0001:00001330       ?HasSubKeys@CRegParser@ATL@@IAEHPAUHKEY__@@@Z 00402330 f i ComSetup.obj
 0001:00001380       ?Lookup@?$CSimpleMap@PADPA_WVCExpansionVectorEqualHelper@ATL@@@ATL@@QBEPA_WABQAD@Z 00402380 f i ComSetup.obj
 0001:000013e0       ?NextToken@CRegParser@ATL@@IAEJPAD@Z 004023e0 f i ComSetup.obj
 0001:00001550       ?Open@CRegKey@ATL@@QAEJPAUHKEY__@@PBDK@Z 00402550 f i ComSetup.obj
 0001:00001600       ?PreProcessBuffer@CRegParser@ATL@@QAEJPADPAPAD@Z 00402600 f i ComSetup.obj
 0001:00001900       ?QueryInterface@CRegObject@ATL@@UAGJABU_GUID@@PAPAX@Z 00402900 f i ComSetup.obj
 0001:00001910       ?RecurseDeleteKey@CRegKey@ATL@@QAEJPBD@Z 00402910 f i ComSetup.obj
 0001:00001a60       ?RegisterBuffer@CRegParser@ATL@@QAEJPADH@Z 00402a60 f i ComSetup.obj
 0001:00001bc0       ?RegisterFromResource@CRegObject@ATL@@IAEJPB_WPBD1H@Z 00402bc0 f i ComSetup.obj
 0001:00001ea0       ?RegisterSubkeys@CRegParser@ATL@@IAEJPADPAUHKEY__@@HH@Z 00402ea0 f i ComSetup.obj
 0001:000025b0       ?Release@CRegObject@ATL@@UAGKXZ 004035b0 f i ComSetup.obj
 0001:000025c0       ?ResourceRegister@CRegObject@ATL@@QAGJPB_WI0@Z 004035c0 f i ComSetup.obj
 0001:00002710       ?ResourceUnregister@CRegObject@ATL@@QAGJPB_WI0@Z 00403710 f i ComSetup.obj
 0001:00002860       ?SetDWORDValue@CRegKey@ATL@@QAEJPBDK@Z 00403860 f i ComSetup.obj
 0001:00002880       ?SetMultiStringValue@CRegKey@ATL@@QAEJPBD0@Z 00403880 f i ComSetup.obj
 0001:000028e0       ?SetStringValue@CRegKey@ATL@@QAEJPBD0K@Z 004038e0 f i ComSetup.obj
 0001:00002930       ?SkipAssignment@CRegParser@ATL@@IAEJPAD@Z 00403930 f i ComSetup.obj
 0001:000029a0       ?SkipWhiteSpace@CRegParser@ATL@@IAEXXZ 004039a0 f i ComSetup.obj
 0001:000029f0       ?StrChrA@CRegParser@ATL@@KAPADPADD@Z 004039f0 f i ComSetup.obj
 0001:00002a30       ?VTFromRegType@CRegParser@ATL@@KAHPBDAAG@Z 00403a30 f i ComSetup.obj
 0001:00002b10       ?_AtlInitializeCriticalSectionEx@ATL@@YAHPAU_RTL_CRITICAL_SECTION@@KK@Z 00403b10 f i ComSetup.obj
 0001:00002b30       ?_AtlVerifyStackAvailable@_ATL_SAFE_ALLOCA_IMPL@ATL@@YA_NK@Z 00403b30 f i ComSetup.obj
 0001:00002bf0       ?memcpy_s@Checked@ATL@@YAXPAXIPBXI@Z 00403bf0 f i ComSetup.obj
 0001:00002c10       _RegisterComServers        00403c10 f   ComSetup.obj
 0001:00002ea0       _UnregisterComServers      00403ea0 f   ComSetup.obj
 0001:00003010       ___local_stdio_printf_options 00404010 f i ComSetup.obj
 0001:000030c0       _sprintf_s                 004040c0 f i ComSetup.obj
 0001:000030f0       _mkfulldir                 004040f0 f   Dir.obj
 0001:000031d0       _mkfulldir_internal        004041d0 f   Dir.obj
 0001:00003690       _ExtractAllFilesThread     00404690 f   SelfExtract.obj
 0001:00003a80       _IsSelfExtractingPackage   00404a80 f   SelfExtract.obj
 0001:00003b00       _MakeSelfExtractingPackage 00404b00 f   SelfExtract.obj
 0001:00004350       _SelfExtractInMemory       00405350 f   SelfExtract.obj
 0001:000045a0       _SelfExtractStartupInit    004055a0 f   SelfExtract.obj
 0001:000045e0       _VerifyPackageIntegrity    004055e0 f   SelfExtract.obj
 0001:00004790       __snprintf                 00405790 f i SelfExtract.obj
 0001:000047d0       __snwprintf                004057d0 f i SelfExtract.obj
 0001:00004810       _sprintf                   00405810 f i SelfExtract.obj
 0001:00004850       ??$?HDU?$char_traits@D@std@@V?$allocator@D@1@@std@@YA?AV?$basic_string@DU?$char_traits@D@std@@V?$allocator@D@2@@0@$$QAV10@D@Z 00405850 f i Setup.obj
 0001:00004890       ??$?HDU?$char_traits@D@std@@V?$allocator@D@1@@std@@YA?AV?$basic_string@DU?$char_traits@D@std@@V?$allocator@D@2@@0@$$QAV10@PBD@Z 00405890 f i Setup.obj
 0001:000048f0       ??0?$basic_string@DU?$char_traits@D@std@@V?$allocator@D@2@@std@@QAE@PBD@Z 004058f0 f i Setup.obj
 0001:00004950       ??1?$basic_string@DU?$char_traits@D@std@@V?$allocator@D@2@@std@@QAE@XZ 00405950 f i Setup.obj
 0001:00004990       ??4?$basic_string@DU?$char_traits@D@std@@V?$allocator@D@2@@std@@QAEAAV01@$$QAV01@@Z 00405990 f i Setup.obj
 0001:00004a10       ?DoApplicationDataUninstall@@YAHPAUHWND__@@@Z 00405a10 f   Setup.obj
 0001:00004eb0       ?UninstallDlgProc@@YGHPAUHWND__@@IIJ@Z 00405eb0 f   Setup.obj
 0001:000050f0       ?_Assign_rv@?$basic_string@DU?$char_traits@D@std@@V?$allocator@D@2@@std@@QAEX$$QAV12@@Z 004060f0 f i Setup.obj
 0001:00005160       ?_Chassign@?$basic_string@DU?$char_traits@D@std@@V?$allocator@D@2@@std@@QAEXIID@Z 00406160 f i Setup.obj
 0001:000051b0       ?_Copy@?$basic_string@DU?$char_traits@D@std@@V?$allocator@D@2@@std@@QAEXII@Z 004061b0 f i Setup.obj
 0001:00005350       ?append@?$basic_string@DU?$char_traits@D@std@@V?$allocator@D@2@@std@@QAEAAV12@ABV12@II@Z 00406350 f i Setup.obj
 0001:00005450       ?append@?$basic_string@DU?$char_traits@D@std@@V?$allocator@D@2@@std@@QAEAAV12@ID@Z 00406450 f i Setup.obj
 0001:00005500       ?append@?$basic_string@DU?$char_traits@D@std@@V?$allocator@D@2@@std@@QAEAAV12@PBDI@Z 00406500 f i Setup.obj
 0001:00005630       ?assign@?$basic_string@DU?$char_traits@D@std@@V?$allocator@D@2@@std@@QAEAAV12@ABV12@II@Z 00406630 f i Setup.obj
 0001:00005760       ?assign@?$basic_string@DU?$char_traits@D@std@@V?$allocator@D@2@@std@@QAEAAV12@PBDI@Z 00406760 f i Setup.obj
 0001:00005860       ?compare@?$char_traits@D@std@@SAHPBD0I@Z 00406860 f i Setup.obj
 0001:000058d0       ?deallocate@?$allocator@D@std@@QAEXPADI@Z 004068d0 f i BootEncryption.obj
 0001:000058d0       ?deallocate@?$_Wrap_alloc@V?$allocator@D@std@@@std@@QAEXPADI@Z 004068d0 f i Setup.obj
 0001:00005920       ?erase@?$basic_string@DU?$char_traits@D@std@@V?$allocator@D@2@@std@@QAEAAV12@II@Z 00406920 f i Setup.obj
 0001:000059c0       ?find@?$basic_string@DU?$char_traits@D@std@@V?$allocator@D@2@@std@@QBEIPBDI@Z 004069c0 f i Setup.obj
 0001:00005a00       ?find@?$basic_string@DU?$char_traits@D@std@@V?$allocator@D@2@@std@@QBEIPBDII@Z 00406a00 f i Setup.obj
 0001:00005aa0       ?insert@?$basic_string@DU?$char_traits@D@std@@V?$allocator@D@2@@std@@QAEAAV12@IABV12@II@Z 00406aa0 f i Setup.obj
 0001:00005c40       ?insert@?$basic_string@DU?$char_traits@D@std@@V?$allocator@D@2@@std@@QAEAAV12@IPBD@Z 00406c40 f i Setup.obj
 0001:00005c80       ?insert@?$basic_string@DU?$char_traits@D@std@@V?$allocator@D@2@@std@@QAEAAV12@IPBDI@Z 00406c80 f i Setup.obj
 0001:00005e00       ?substr@?$basic_string@DU?$char_traits@D@std@@V?$allocator@D@2@@std@@QBE?AV12@II@Z 00406e00 f i Setup.obj
 0001:00005e40       ?swprintf@@YAHQA_WQB_WZZ   00406e40 f i Setup.obj
 0001:00005e70       _ClearLogWindow            00406e70 f   Setup.obj
 0001:00005ea0       _CreateLink                00406ea0 f   Setup.obj
 0001:00006020       _DetermineUpgradeDowngradeStatus 00407020 f   Setup.obj
 0001:00006130       _DoDriverUnload            00407130 f   Setup.obj
 0001:000065c0       _DoFilesInstall            004075c0 f   Setup.obj
 0001:00006df0       _DoInstall                 00407df0 f   Setup.obj
 0001:00007a80       _DoRegInstall              00408a80 f   Setup.obj
 0001:000082c0       _DoRegUninstall            004092c0 f   Setup.obj
 0001:000083c0       _DoServiceUninstall        004093c0 f   Setup.obj
 0001:000088b0       _DoShortcutsInstall        004098b0 f   Setup.obj
 0001:00008d10       _DoShortcutsUninstall      00409d10 f   Setup.obj
 0001:000090b0       _DoUninstall               0040a0b0 f   Setup.obj
 0001:000092f0       _OutcomePrompt             0040a2f0 f   Setup.obj
 0001:00009440       _RegMessage                0040a440 f   Setup.obj
 0001:00009460       _SetInstallationPath       0040a460 f   Setup.obj
 0001:000098c0       _StatusMessage             0040a8c0 f   Setup.obj
 0001:00009930       _StatusMessageParam        0040a930 f   Setup.obj
 0001:000099d0       _UpgradeBootLoader         0040a9d0 f   Setup.obj
 0001:00009b00       _WinMain@16                0040ab00 f   Setup.obj
 0001:00009e10       _fprintf                   0040ae10 f i Setup.obj
 0001:00009e40       _localcleanup              0040ae40 f   Setup.obj
 0001:00009e50       ??4?$basic_string@_WU?$char_traits@_W@std@@V?$allocator@_W@2@@std@@QAEAAV01@PB_W@Z 0040ae50 f i Wizard.obj
 0001:0000a020       ?LoadPage@@YAXPAUHWND__@@H@Z 0040b020 f   Wizard.obj
 0001:0000a160       ?_Copy@?$basic_string@_WU?$char_traits@_W@std@@V?$allocator@_W@2@@std@@QAEXII@Z 0040b160 f i Wizard.obj
 0001:0000a2d0       ?allocate@?$allocator@_W@std@@QAEPA_WI@Z 0040b2d0 f i Wizard.obj
 0001:0000a340       ?assign@?$basic_string@_WU?$char_traits@_W@std@@V?$allocator@_W@2@@std@@QAEAAV12@ABV12@II@Z 0040b340 f i Wizard.obj
 0001:0000a460       ?assign@?$basic_string@_WU?$char_traits@_W@std@@V?$allocator@_W@2@@std@@QAEAAV12@PB_WI@Z 0040b460 f i Wizard.obj
 0001:0000a560       ?erase@?$basic_string@_WU?$char_traits@_W@std@@V?$allocator@_W@2@@std@@QAEAAV12@II@Z 0040b560 f i Wizard.obj
 0001:0000a610       _InitProgressBar           0040b610 f   Wizard.obj
 0001:0000a660       _MainDialogProc@16         0040b660 f   Wizard.obj
 0001:0000b240       _PageDialogProc@16         0040c240 f   Wizard.obj
 0001:0000c670       _RefreshUIGFX              0040d670 f   Wizard.obj
 0001:0000c780       _UpdateProgressBarProc     0040d780 f   Wizard.obj
 0001:0000c820       _localcleanupwiz           0040d820 f   Wizard.obj
 0001:0000c8c0       _XmlFindElement            0040d8c0 f   Xml.obj
 0001:0000c950       _XmlFindElementByAttributeValue 0040d950 f   Xml.obj
 0001:0000ca20       _XmlGetAttributeText       0040da20 f   Xml.obj
 0001:0000cbb0       _XmlGetNodeText            0040dbb0 f   Xml.obj
 0001:0000cca0       ??$?6U?$char_traits@D@std@@@std@@YAAAV?$basic_ostream@DU?$char_traits@D@std@@@0@AAV10@PBD@Z 0040dca0 f i BootEncryption.obj
 0001:0000cfe0       ??$?6_WU?$char_traits@_W@std@@@std@@YAAAV?$basic_ostream@_WU?$char_traits@_W@std@@@0@AAV10@PBD@Z 0040dfe0 f i BootEncryption.obj
 0001:0000d5d0       ??$?HDU?$char_traits@D@std@@V?$allocator@D@1@@std@@YA?AV?$basic_string@DU?$char_traits@D@std@@V?$allocator@D@2@@0@$$QAV10@0@Z 0040e5d0 f i BootEncryption.obj
 0001:0000d640       ??$?HDU?$char_traits@D@std@@V?$allocator@D@1@@std@@YA?AV?$basic_string@DU?$char_traits@D@std@@V?$allocator@D@2@@0@$$QAV10@ABV10@@Z 0040e640 f i BootEncryption.obj
 0001:0000d680       ??$?HDU?$char_traits@D@std@@V?$allocator@D@1@@std@@YA?AV?$basic_string@DU?$char_traits@D@std@@V?$allocator@D@2@@0@ABV10@D@Z 0040e680 f i BootEncryption.obj
 0001:0000d750       ??$?HDU?$char_traits@D@std@@V?$allocator@D@1@@std@@YA?AV?$basic_string@DU?$char_traits@D@std@@V?$allocator@D@2@@0@ABV10@PBD@Z 0040e750 f i BootEncryption.obj
 0001:0000d850       ??$?HDU?$char_traits@D@std@@V?$allocator@D@1@@std@@YA?AV?$basic_string@DU?$char_traits@D@std@@V?$allocator@D@2@@0@PBD$$QAV10@@Z 0040e850 f i BootEncryption.obj
 0001:0000d8b0       ??$?H_WU?$char_traits@_W@std@@V?$allocator@_W@1@@std@@YA?AV?$basic_string@_WU?$char_traits@_W@std@@V?$allocator@_W@2@@0@ABV10@PB_W@Z 0040e8b0 f i BootEncryption.obj
 0001:0000d9c0       ??$GetContainerForward@V?$list@UPartition@GostCrypt@@V?$allocator@UPartition@GostCrypt@@@std@@@std@@@ForEach@GostCrypt@@SA?AU?$ContainerForward@V?$list@UPartition@GostCrypt@@V?$allocator@UPartition@GostCrypt@@@std@@@std@@@01@ABV?$list@UPartition@GostCrypt@@V?$allocator@UPartition@GostCrypt@@@std@@@std@@@Z 0040e9c0 f i BootEncryption.obj
 0001:0000da30       ??$_Buynode@ABUPartition@GostCrypt@@@?$_List_buy@UPartition@GostCrypt@@V?$allocator@UPartition@GostCrypt@@@std@@@std@@QAEPAU?$_List_node@UPartition@GostCrypt@@PAX@1@PAU21@0ABUPartition@GostCrypt@@@Z 0040ea30 f i BootEncryption.obj
 0001:0000dac0       ??$_Immortalize@V_Iostream_error_category@std@@@std@@YAAAV_Iostream_error_category@0@XZ 0040eac0 f i BootEncryption.obj
 0001:0000db30       ??$_Insert_range@V?$_List_const_iterator@V?$_List_val@U?$_List_simple_types@UPartition@GostCrypt@@@std@@@std@@@std@@@?$list@UPartition@GostCrypt@@V?$allocator@UPartition@GostCrypt@@@std@@@std@@QAEXV?$_List_unchecked_const_iterator@V?$_List_val@U?$_List_simple_types@UPartition@GostCrypt@@@std@@@std@@U_Iterator_base0@2@@1@V?$_List_const_iterator@V?$_List_val@U?$_List_simple_types@UPartition@GostCrypt@@@std@@@std@@@1@1Uforward_iterator_tag@1@@Z 0040eb30 f i BootEncryption.obj
 0001:0000dc00       ??$_Reusenode@ABUPartition@GostCrypt@@@?$list@UPartition@GostCrypt@@V?$allocator@UPartition@GostCrypt@@@std@@@std@@QAEXV?$_List_iterator@V?$_List_val@U?$_List_simple_types@UPartition@GostCrypt@@@std@@@std@@@1@ABUPartition@GostCrypt@@@Z 0040ec00 f i BootEncryption.obj
 0001:0000dca0       ??$assign@V?$_List_const_iterator@V?$_List_val@U?$_List_simple_types@UPartition@GostCrypt@@@std@@@std@@@std@@@?$list@UPartition@GostCrypt@@V?$allocator@UPartition@GostCrypt@@@std@@@std@@QAEXV?$_List_const_iterator@V?$_List_val@U?$_List_simple_types@UPartition@GostCrypt@@@std@@@std@@@1@0@Z 0040eca0 f i BootEncryption.obj
 0001:0000dd80       ??$use_facet@V?$ctype@D@std@@@std@@YAABV?$ctype@D@0@ABVlocale@0@@Z 0040ed80 f i BootEncryption.obj
 0001:0000deb0       ??$use_facet@V?$ctype@_W@std@@@std@@YAABV?$ctype@_W@0@ABVlocale@0@@Z 0040eeb0 f i BootEncryption.obj
 0001:0000dfe0       ??$use_facet@V?$num_put@DV?$ostreambuf_iterator@DU?$char_traits@D@std@@@std@@@std@@@std@@YAABV?$num_put@DV?$ostreambuf_iterator@DU?$char_traits@D@std@@@std@@@0@ABVlocale@0@@Z 0040efe0 f i BootEncryption.obj
 0001:0000e110       ??$use_facet@V?$numpunct@D@std@@@std@@YAABV?$numpunct@D@0@ABVlocale@0@@Z 0040f110 f i BootEncryption.obj
 0001:0000e240       ??0?$basic_iostream@DU?$char_traits@D@std@@@std@@QAE@PAV?$basic_streambuf@DU?$char_traits@D@std@@@1@@Z 0040f240 f i BootEncryption.obj
 0001:0000e320       ??0?$basic_iostream@_WU?$char_traits@_W@std@@@std@@QAE@PAV?$basic_streambuf@_WU?$char_traits@_W@std@@@1@@Z 0040f320 f i BootEncryption.obj
 0001:0000e400       ??0?$basic_streambuf@DU?$char_traits@D@std@@@std@@IAE@XZ 0040f400 f i BootEncryption.obj
 0001:0000e4d0       ??0?$basic_streambuf@_WU?$char_traits@_W@std@@@std@@IAE@XZ 0040f4d0 f i BootEncryption.obj
 0001:0000e5a0       ??0?$basic_string@_WU?$char_traits@_W@std@@V?$allocator@_W@2@@std@@QAE@PB_W@Z 0040f5a0 f i BootEncryption.obj
 0001:0000e600       ??0?$basic_stringstream@DU?$char_traits@D@std@@V?$allocator@D@2@@std@@QAE@H@Z 0040f600 f i BootEncryption.obj
 0001:0000e6f0       ??0?$ctype@_W@std@@QAE@ABV_Locinfo@1@I@Z 0040f6f0 f i BootEncryption.obj
 0001:0000e750       ??0?$list@UPartition@GostCrypt@@V?$allocator@UPartition@GostCrypt@@@std@@@std@@QAE@ABV01@@Z 0040f750 f i BootEncryption.obj
 0001:0000e7f0       ??0BootEncryption@GostCrypt@@QAE@PAUHWND__@@@Z 0040f7f0 f   BootEncryption.obj
 0001:0000e880       ??0Device@GostCrypt@@QAE@V?$basic_string@DU?$char_traits@D@std@@V?$allocator@D@2@@std@@_N@Z 0040f880 f   BootEncryption.obj
 0001:0000ea50       ??0ErrorException@GostCrypt@@QAE@ABU01@@Z 0040fa50 f i BootEncryption.obj
 0001:0000eaa0       ??0Exception@GostCrypt@@QAE@ABU01@@Z 0040faa0 f i BootEncryption.obj
 0001:0000eab0       ??0File@GostCrypt@@QAE@V?$basic_string@DU?$char_traits@D@std@@V?$allocator@D@2@@std@@_N1@Z 0040fab0 f   BootEncryption.obj
 0001:0000ec80       ??0ParameterIncorrect@GostCrypt@@QAE@ABU01@@Z 0040fc80 f i BootEncryption.obj
 0001:0000eca0       ??0Partition@GostCrypt@@QAE@ABU01@@Z 0040fca0 f i BootEncryption.obj
 0001:0000ed90       ??0SystemDriveConfiguration@GostCrypt@@QAE@ABU01@@Z 0040fd90 f i BootEncryption.obj
 0001:0000eed0       ??0SystemDriveConfiguration@GostCrypt@@QAE@XZ 0040fed0 f i BootEncryption.obj
 0001:0000f030       ??0SystemException@GostCrypt@@QAE@ABU01@@Z 00410030 f i BootEncryption.obj
 0001:0000f050       ??0_Locinfo@std@@QAE@PBD@Z 00410050 f i BootEncryption.obj
 0001:0000f130       ??0_System_error@std@@IAE@Verror_code@1@ABV?$basic_string@DU?$char_traits@D@std@@V?$allocator@D@2@@1@@Z 00410130 f i BootEncryption.obj
 0001:0000f1f0       ??0_System_error@std@@QAE@ABV01@@Z 004101f0 f i BootEncryption.obj
 0001:0000f240       ??0bad_alloc@std@@QAE@ABV01@@Z 00410240 f i BootEncryption.obj
 0001:0000f280       ??0bad_cast@std@@QAE@ABV01@@Z 00410280 f i BootEncryption.obj
 0001:0000f2c0       ??0exception@std@@QAE@ABV01@@Z 004102c0 f i BootEncryption.obj
 0001:0000f2f0       ??0failure@ios_base@std@@QAE@ABV012@@Z 004102f0 f i BootEncryption.obj
 0001:0000f340       ??0runtime_error@std@@QAE@ABV01@@Z 00410340 f i BootEncryption.obj
 0001:0000f380       ??0sentry@?$basic_ostream@_WU?$char_traits@_W@std@@@std@@QAE@AAV12@@Z 00410380 f i BootEncryption.obj
 0001:0000f380       ??0sentry@?$basic_ostream@DU?$char_traits@D@std@@@std@@QAE@AAV12@@Z 00410380 f i BootEncryption.obj
 0001:0000f410       ??0system_error@std@@QAE@ABV01@@Z 00410410 f i BootEncryption.obj
 0001:0000f460       ??0system_error@std@@QAE@Verror_code@1@PBD@Z 00410460 f i BootEncryption.obj
 0001:0000f520       ??1?$ContainerForward@V?$list@UPartition@GostCrypt@@V?$allocator@UPartition@GostCrypt@@@std@@@std@@@ForEach@GostCrypt@@UAE@XZ 00410520 f i BootEncryption.obj
 0001:0000f540       ??1?$_List_buy@UPartition@GostCrypt@@V?$allocator@UPartition@GostCrypt@@@std@@@std@@QAE@XZ 00410540 f i BootEncryption.obj
 0001:0000f540       ??1?$_List_buy@KV?$allocator@K@std@@@std@@QAE@XZ 00410540 f i Dlgcode.obj
 0001:0000f550       ??1?$_Yarn@_W@std@@QAE@XZ  00410550 f i BootEncryption.obj
 0001:0000f550       ??1?$_Yarn@D@std@@QAE@XZ   00410550 f i BootEncryption.obj
 0001:0000f570       ??1?$basic_ios@_WU?$char_traits@_W@std@@@std@@UAE@XZ 00410570 f i BootEncryption.obj
 0001:0000f570       ??1?$basic_ios@DU?$char_traits@D@std@@@std@@UAE@XZ 00410570 f i BootEncryption.obj
 0001:0000f5c0       ??1?$basic_iostream@DU?$char_traits@D@std@@@std@@UAE@XZ 004105c0 f i BootEncryption.obj
 0001:0000f620       ??1?$basic_iostream@_WU?$char_traits@_W@std@@@std@@UAE@XZ 00410620 f i BootEncryption.obj
 0001:0000f680       ??1?$basic_istream@DU?$char_traits@D@std@@@std@@UAE@XZ 00410680 f i BootEncryption.obj
 0001:0000f6a0       ??1?$basic_istream@_WU?$char_traits@_W@std@@@std@@UAE@XZ 004106a0 f i BootEncryption.obj
 0001:0000f6c0       ??1?$basic_streambuf@DU?$char_traits@D@std@@@std@@UAE@XZ 004106c0 f i BootEncryption.obj
 0001:0000f730       ??1?$basic_streambuf@_WU?$char_traits@_W@std@@@std@@UAE@XZ 00410730 f i BootEncryption.obj
 0001:0000f7a0       ??1?$basic_string@_WU?$char_traits@_W@std@@V?$allocator@_W@2@@std@@QAE@XZ 004107a0 f i BootEncryption.obj
 0001:0000f7e0       ??1?$basic_stringstream@DU?$char_traits@D@std@@V?$allocator@D@2@@std@@UAE@XZ 004107e0 f i BootEncryption.obj
 0001:0000f8d0       ??1?$basic_stringstream@_WU?$char_traits@_W@std@@V?$allocator@_W@2@@std@@UAE@XZ 004108d0 f i BootEncryption.obj
 0001:0000f9c0       ??1?$list@UPartition@GostCrypt@@V?$allocator@UPartition@GostCrypt@@@std@@@std@@QAE@XZ 004109c0 f i BootEncryption.obj
 0001:0000f9e0       ??1BootEncryption@GostCrypt@@QAE@XZ 004109e0 f   BootEncryption.obj
 0001:0000fa10       ??1Container@ForEach@GostCrypt@@UAE@XZ 00410a10 f i BootEncryption.obj
 0001:0000fa20       ??1ErrorException@GostCrypt@@QAE@XZ 00410a20 f i BootEncryption.obj
 0001:0000fa60       ??1File@GostCrypt@@QAE@XZ  00410a60 f i BootEncryption.obj
 0001:0000fa60       ??1Device@GostCrypt@@QAE@XZ 00410a60 f i BootEncryption.obj
 0001:0000fb50       ??1Partition@GostCrypt@@QAE@XZ 00410b50 f i BootEncryption.obj
 0001:0000fbf0       ??1SystemDriveConfiguration@GostCrypt@@QAE@XZ 00410bf0 f i BootEncryption.obj
 0001:0000fc90       ??1_Locinfo@std@@QAE@XZ    00410c90 f i BootEncryption.obj
 0001:0000fd60       ??1_Sentry_base@?$basic_ostream@_WU?$char_traits@_W@std@@@std@@QAE@XZ 00410d60 f i BootEncryption.obj
 0001:0000fd60       ??1_Sentry_base@?$basic_ostream@DU?$char_traits@D@std@@@std@@QAE@XZ 00410d60 f i BootEncryption.obj
 0001:0000fdb0       ??1facet@locale@std@@MAE@XZ 00410db0 f i BootEncryption.obj
 0001:0000fdc0       ??1locale@std@@QAE@XZ      00410dc0 f i BootEncryption.obj
 0001:0000fe10       ??1sentry@?$basic_ostream@DU?$char_traits@D@std@@@std@@QAE@XZ 00410e10 f i BootEncryption.obj
 0001:0000fe10       ??1sentry@?$basic_ostream@_WU?$char_traits@_W@std@@@std@@QAE@XZ 00410e10 f i BootEncryption.obj
 0001:0000fe70       ?_Unlock@?$basic_streambuf@DU?$char_traits@D@std@@@std@@UAEXXZ 00410e70 f i BootEncryption.obj
 0001:0000fe70       @_guard_check_icall_nop@4  00410e70 f i LIBCMT:guard_support.obj
 0001:0000fe70       ??1?$_String_alloc@U?$_String_base_types@DV?$allocator@D@std@@@std@@@std@@QAE@XZ 00410e70 f i Dlgcode.obj
 0001:0000fe70       ??3@YAXPAX0@Z              00410e70 f i BootEncryption.obj
 0001:0000fe70       ??1?$_String_alloc@U?$_String_base_types@_WV?$allocator@_W@std@@@std@@@std@@QAE@XZ 00410e70 f i Wizard.obj
 0001:0000fe70       ?_Lock@?$basic_streambuf@DU?$char_traits@D@std@@@std@@UAEXXZ 00410e70 f i BootEncryption.obj
 0001:0000fe70       __initialize_denormal_control 00410e70 f i LIBCMT:denormal_control.obj
 0001:0000fe70       ___except_validate_context_record 00410e70 f i libvcruntime:jbcxrval.obj
 0001:0000fe70       ___except_validate_jump_buffer 00410e70 f i libvcruntime:jbcxrval.obj
 0001:0000fe70       __initialize_invalid_parameter_handler 00410e70 f i LIBCMT:invalid_parameter_handler.obj
 0001:0000fe70       ?_Lock@?$basic_streambuf@_WU?$char_traits@_W@std@@@std@@UAEXXZ 00410e70 f i BootEncryption.obj
 0001:0000fe70       ?_Unlock@?$basic_streambuf@_WU?$char_traits@_W@std@@@std@@UAEXXZ 00410e70 f i BootEncryption.obj
 0001:0000fe80       ??4?$basic_string@DU?$char_traits@D@std@@V?$allocator@D@2@@std@@QAEAAV01@PBD@Z 00410e80 f i BootEncryption.obj
 0001:0000fec0       ??4Partition@GostCrypt@@QAEAAU01@ABU01@@Z 00410ec0 f i BootEncryption.obj
 0001:0000ff30       ??4SystemDriveConfiguration@GostCrypt@@QAEAAU01@ABU01@@Z 00410f30 f i BootEncryption.obj
 0001:000100a0       ??6?$basic_ostream@DU?$char_traits@D@std@@@std@@QAEAAV01@H@Z 004110a0 f i BootEncryption.obj
 0001:000102e0       ??Y?$basic_string@DU?$char_traits@D@std@@V?$allocator@D@2@@std@@QAEAAV01@PBD@Z 004112e0 f i BootEncryption.obj
 0001:00010320       ??_D?$basic_iostream@DU?$char_traits@D@std@@@std@@QAEXXZ 00411320 f i BootEncryption.obj
 0001:000103c0       ??_D?$basic_iostream@_WU?$char_traits@_W@std@@@std@@QAEXXZ 004113c0 f i BootEncryption.obj
 0001:00010460       ??_D?$basic_stringstream@DU?$char_traits@D@std@@V?$allocator@D@2@@std@@QAEXXZ 00411460 f i BootEncryption.obj
 0001:000104c0       ??_D?$basic_stringstream@_WU?$char_traits@_W@std@@V?$allocator@_W@2@@std@@QAEXXZ 004114c0 f i BootEncryption.obj
 0001:00010513       ??_E?$basic_iostream@DU?$char_traits@D@std@@@std@@$4PPPPPPPM@A@AEPAXI@Z 00411513 f i BootEncryption.obj
 0001:0001051b       ??_E?$basic_iostream@_WU?$char_traits@_W@std@@@std@@$4PPPPPPPM@A@AEPAXI@Z 0041151b f i BootEncryption.obj
 0001:00010523       ??_E?$basic_istream@DU?$char_traits@D@std@@@std@@$4PPPPPPPM@A@AEPAXI@Z 00411523 f i BootEncryption.obj
 0001:0001052b       ??_E?$basic_istream@_WU?$char_traits@_W@std@@@std@@$4PPPPPPPM@A@AEPAXI@Z 0041152b f i BootEncryption.obj
 0001:00010533       ??_E?$basic_ostream@DU?$char_traits@D@std@@@std@@$4PPPPPPPM@A@AEPAXI@Z 00411533 f i BootEncryption.obj
 0001:0001053b       ??_E?$basic_ostream@_WU?$char_traits@_W@std@@@std@@$4PPPPPPPM@A@AEPAXI@Z 0041153b f i BootEncryption.obj
 0001:00010543       ??_E?$basic_stringstream@DU?$char_traits@D@std@@V?$allocator@D@2@@std@@$4PPPPPPPM@A@AEPAXI@Z 00411543 f i BootEncryption.obj
 0001:0001054b       ??_E?$basic_stringstream@_WU?$char_traits@_W@std@@V?$allocator@_W@2@@std@@$4PPPPPPPM@A@AEPAXI@Z 0041154b f i BootEncryption.obj
 0001:00010560       ??_G?$ContainerForward@V?$list@UPartition@GostCrypt@@V?$allocator@UPartition@GostCrypt@@@std@@@std@@@ForEach@GostCrypt@@UAEPAXI@Z 00411560 f i BootEncryption.obj
 0001:00010560       ??_E?$ContainerForward@V?$list@UPartition@GostCrypt@@V?$allocator@UPartition@GostCrypt@@@std@@@std@@@ForEach@GostCrypt@@UAEPAXI@Z 00411560 f i BootEncryption.obj
 0001:000105a0       ??_E?$basic_ios@DU?$char_traits@D@std@@@std@@UAEPAXI@Z 004115a0 f i BootEncryption.obj
 0001:000105a0       ??_G?$basic_ios@DU?$char_traits@D@std@@@std@@UAEPAXI@Z 004115a0 f i BootEncryption.obj
 0001:000105a0       ??_G?$basic_ios@_WU?$char_traits@_W@std@@@std@@UAEPAXI@Z 004115a0 f i BootEncryption.obj
 0001:000105a0       ??_E?$basic_ios@_WU?$char_traits@_W@std@@@std@@UAEPAXI@Z 004115a0 f i BootEncryption.obj
 0001:00010600       ??_G?$basic_iostream@DU?$char_traits@D@std@@@std@@UAEPAXI@Z 00411600 f i BootEncryption.obj
 0001:00010600       ??_E?$basic_iostream@DU?$char_traits@D@std@@@std@@UAEPAXI@Z 00411600 f i BootEncryption.obj
 0001:00010630       ??_G?$basic_iostream@_WU?$char_traits@_W@std@@@std@@UAEPAXI@Z 00411630 f i BootEncryption.obj
 0001:00010630       ??_E?$basic_iostream@_WU?$char_traits@_W@std@@@std@@UAEPAXI@Z 00411630 f i BootEncryption.obj
 0001:00010660       ??_E?$basic_istream@DU?$char_traits@D@std@@@std@@UAEPAXI@Z 00411660 f i BootEncryption.obj
 0001:00010660       ??_G?$basic_istream@DU?$char_traits@D@std@@@std@@UAEPAXI@Z 00411660 f i BootEncryption.obj
 0001:000106e0       ??_G?$basic_istream@_WU?$char_traits@_W@std@@@std@@UAEPAXI@Z 004116e0 f i BootEncryption.obj
 0001:000106e0       ??_E?$basic_istream@_WU?$char_traits@_W@std@@@std@@UAEPAXI@Z 004116e0 f i BootEncryption.obj
 0001:00010760       ??_G?$basic_ostream@DU?$char_traits@D@std@@@std@@UAEPAXI@Z 00411760 f i BootEncryption.obj
 0001:00010760       ??_E?$basic_ostream@DU?$char_traits@D@std@@@std@@UAEPAXI@Z 00411760 f i BootEncryption.obj
 0001:000107e0       ??_E?$basic_ostream@_WU?$char_traits@_W@std@@@std@@UAEPAXI@Z 004117e0 f i BootEncryption.obj
 0001:000107e0       ??_G?$basic_ostream@_WU?$char_traits@_W@std@@@std@@UAEPAXI@Z 004117e0 f i BootEncryption.obj
 0001:00010860       ??_E?$basic_streambuf@DU?$char_traits@D@std@@@std@@UAEPAXI@Z 00411860 f i BootEncryption.obj
 0001:00010860       ??_G?$basic_streambuf@DU?$char_traits@D@std@@@std@@UAEPAXI@Z 00411860 f i BootEncryption.obj
 0001:000108f0       ??_G?$basic_streambuf@_WU?$char_traits@_W@std@@@std@@UAEPAXI@Z 004118f0 f i BootEncryption.obj
 0001:000108f0       ??_E?$basic_streambuf@_WU?$char_traits@_W@std@@@std@@UAEPAXI@Z 004118f0 f i BootEncryption.obj
 0001:00010980       ??_G?$basic_stringbuf@DU?$char_traits@D@std@@V?$allocator@D@2@@std@@UAEPAXI@Z 00411980 f i BootEncryption.obj
 0001:00010980       ??_E?$basic_stringbuf@DU?$char_traits@D@std@@V?$allocator@D@2@@std@@UAEPAXI@Z 00411980 f i BootEncryption.obj
 0001:00010a10       ??_E?$basic_stringbuf@_WU?$char_traits@_W@std@@V?$allocator@_W@2@@std@@UAEPAXI@Z 00411a10 f i BootEncryption.obj
 0001:00010a10       ??_G?$basic_stringbuf@_WU?$char_traits@_W@std@@V?$allocator@_W@2@@std@@UAEPAXI@Z 00411a10 f i BootEncryption.obj
 0001:00010aa0       ??_G?$basic_stringstream@DU?$char_traits@D@std@@V?$allocator@D@2@@std@@UAEPAXI@Z 00411aa0 f i BootEncryption.obj
 0001:00010aa0       ??_E?$basic_stringstream@DU?$char_traits@D@std@@V?$allocator@D@2@@std@@UAEPAXI@Z 00411aa0 f i BootEncryption.obj
 0001:00010b10       ??_E?$basic_stringstream@_WU?$char_traits@_W@std@@V?$allocator@_W@2@@std@@UAEPAXI@Z 00411b10 f i BootEncryption.obj
 0001:00010b10       ??_G?$basic_stringstream@_WU?$char_traits@_W@std@@V?$allocator@_W@2@@std@@UAEPAXI@Z 00411b10 f i BootEncryption.obj
 0001:00010b80       ??_E?$ctype@D@std@@MAEPAXI@Z 00411b80 f i BootEncryption.obj
 0001:00010b80       ??_G?$ctype@D@std@@MAEPAXI@Z 00411b80 f i BootEncryption.obj
 0001:00010be0       ??_G?$ctype@_W@std@@MAEPAXI@Z 00411be0 f i BootEncryption.obj
 0001:00010be0       ??_E?$ctype@_W@std@@MAEPAXI@Z 00411be0 f i BootEncryption.obj
 0001:00010c30       ??_E?$num_put@DV?$ostreambuf_iterator@DU?$char_traits@D@std@@@std@@@std@@MAEPAXI@Z 00411c30 f i BootEncryption.obj
 0001:00010c30       ??_G?$num_put@DV?$ostreambuf_iterator@DU?$char_traits@D@std@@@std@@@std@@MAEPAXI@Z 00411c30 f i BootEncryption.obj
 0001:00010c60       ??_G?$numpunct@D@std@@MAEPAXI@Z 00411c60 f i BootEncryption.obj
 0001:00010c60       ??_E?$numpunct@D@std@@MAEPAXI@Z 00411c60 f i BootEncryption.obj
 0001:00010cb0       ??_EContainer@ForEach@GostCrypt@@UAEPAXI@Z 00411cb0 f i BootEncryption.obj
 0001:00010cb0       ??_GContainer@ForEach@GostCrypt@@UAEPAXI@Z 00411cb0 f i BootEncryption.obj
 0001:00010ce0       ??_E_Facet_base@std@@UAEPAXI@Z 00411ce0 f i BootEncryption.obj
 0001:00010ce0       ??_G_Facet_base@std@@UAEPAXI@Z 00411ce0 f i BootEncryption.obj
 0001:00010d10       ??_Eerror_category@std@@UAEPAXI@Z 00411d10 f i BootEncryption.obj
 0001:00010d10       ??_G_Iostream_error_category@std@@UAEPAXI@Z 00411d10 f i BootEncryption.obj
 0001:00010d10       ??_E_Iostream_error_category@std@@UAEPAXI@Z 00411d10 f i BootEncryption.obj
 0001:00010d10       ??_Gerror_category@std@@UAEPAXI@Z 00411d10 f i BootEncryption.obj
 0001:00010d40       ??_Gexception@std@@UAEPAXI@Z 00411d40 f i BootEncryption.obj
 0001:00010d40       ??_Gbad_cast@std@@UAEPAXI@Z 00411d40 f i BootEncryption.obj
 0001:00010d40       ??_Eruntime_error@std@@UAEPAXI@Z 00411d40 f i BootEncryption.obj
 0001:00010d40       ??_Gbad_alloc@std@@UAEPAXI@Z 00411d40 f i BootEncryption.obj
 0001:00010d40       ??_Ebad_cast@std@@UAEPAXI@Z 00411d40 f i BootEncryption.obj
 0001:00010d40       ??_Ebad_alloc@std@@UAEPAXI@Z 00411d40 f i BootEncryption.obj
 0001:00010d40       ??_Eexception@std@@UAEPAXI@Z 00411d40 f i BootEncryption.obj
 0001:00010d40       ??_Gruntime_error@std@@UAEPAXI@Z 00411d40 f i BootEncryption.obj
 0001:00010d70       ??_Efailure@ios_base@std@@UAEPAXI@Z 00411d70 f i BootEncryption.obj
 0001:00010d70       ??_G_System_error@std@@UAEPAXI@Z 00411d70 f i BootEncryption.obj
 0001:00010d70       ??_Esystem_error@std@@UAEPAXI@Z 00411d70 f i BootEncryption.obj
 0001:00010d70       ??_Gsystem_error@std@@UAEPAXI@Z 00411d70 f i BootEncryption.obj
 0001:00010d70       ??_E_System_error@std@@UAEPAXI@Z 00411d70 f i BootEncryption.obj
 0001:00010d70       ??_Gfailure@ios_base@std@@UAEPAXI@Z 00411d70 f i BootEncryption.obj
 0001:00010da0       ??_Eios_base@std@@UAEPAXI@Z 00411da0 f i BootEncryption.obj
 0001:00010da0       ??_Gios_base@std@@UAEPAXI@Z 00411da0 f i BootEncryption.obj
 0001:00010e00       ?CallDriver@BootEncryption@GostCrypt@@QAEXKPAXK0K@Z 00411e00 f   BootEncryption.obj
 0001:00010ec0       ?CallDriver@Elevator@GostCrypt@@SAXKPAXK0K@Z 00411ec0 f i BootEncryption.obj
 0001:00010ef0       ?CreateBootLoaderInMemory@BootEncryption@GostCrypt@@IAEXPAEI_N1@Z 00411ef0 f   BootEncryption.obj
 0001:00011310       ?GetChecksum@BootEncryption@GostCrypt@@IAEIPAEI@Z 00412310 f   BootEncryption.obj
 0001:00011340       ?GetDrivePartitions@BootEncryption@GostCrypt@@IAE?AV?$list@UPartition@GostCrypt@@V?$allocator@UPartition@GostCrypt@@@std@@@std@@H@Z 00412340 f   BootEncryption.obj
 0001:00011ba0       ?GetDriverServiceStartType@BootEncryption@GostCrypt@@QAEKXZ 00412ba0 f   BootEncryption.obj
 0001:00011bf0       ?GetInstalledBootLoaderVersion@BootEncryption@GostCrypt@@QAEGXZ 00412bf0 f   BootEncryption.obj
 0001:00011c10       ?GetStatus@BootEncryption@GostCrypt@@QAE?AUBootEncryptionStatus@@XZ 00412c10 f   BootEncryption.obj
 0001:00011c30       ?GetSystemDriveConfiguration@BootEncryption@GostCrypt@@QAE?AUSystemDriveConfiguration@2@XZ 00412c30 f   BootEncryption.obj
 0001:00012740       ?GetSystemLoaderBackupPath@BootEncryption@GostCrypt@@IAE?AV?$basic_string@DU?$char_traits@D@std@@V?$allocator@D@2@@std@@XZ 00413740 f   BootEncryption.obj
 0001:00012930       ?GetTempPathA@BootEncryption@GostCrypt@@QAE?AV?$basic_string@DU?$char_traits@D@std@@V?$allocator@D@2@@std@@XZ 00413930 f   BootEncryption.obj
 0001:000129c0       ?GetVolumeProperties@BootEncryption@GostCrypt@@QAEXPAUVOLUME_PROPERTIES_STRUCT@@@Z 004139c0 f   BootEncryption.obj
 0001:00012a10       ?GetWindowsDirectoryA@BootEncryption@GostCrypt@@IAE?AV?$basic_string@DU?$char_traits@D@std@@V?$allocator@D@2@@std@@XZ 00413a10 f   BootEncryption.obj
 0001:00012ad0       ?InstallBootLoader@BootEncryption@GostCrypt@@QAEX_N0@Z 00413ad0 f   BootEncryption.obj
 0001:00012de0       ?IsHiddenSystemRunning@BootEncryption@GostCrypt@@QAE_NXZ 00413de0 f   BootEncryption.obj
 0001:00012e10       ?Next@?$ContainerForward@V?$list@KV?$allocator@K@std@@@std@@@ForEach@GostCrypt@@UBEXXZ 00413e10 f i Dlgcode.obj
 0001:00012e10       ?Next@?$ContainerForward@V?$list@UPartition@GostCrypt@@V?$allocator@UPartition@GostCrypt@@@std@@@std@@@ForEach@GostCrypt@@UBEXXZ 00413e10 f i BootEncryption.obj
 0001:00012e20       ?Read@File@GostCrypt@@QAEKPAEK@Z 00413e20 f   BootEncryption.obj
 0001:00012e90       ?RegisterFilter@BootEncryption@GostCrypt@@IAEX_NW4FilterType@12@PBU_GUID@@@Z 00413e90 f   BootEncryption.obj
 0001:000134e0       ?RegisterFilterDriver@BootEncryption@GostCrypt@@QAEX_NW4FilterType@12@@Z 004144e0 f   BootEncryption.obj
 0001:00013590       ?RegisterFilterDriver@Elevator@GostCrypt@@SAX_NW4FilterType@BootEncryption@2@@Z 00414590 f i BootEncryption.obj
 0001:000135c0       ?RenameDeprecatedSystemLoaderBackup@BootEncryption@GostCrypt@@QAEXXZ 004145c0 f   BootEncryption.obj
 0001:000138d0       ?SeekAt@File@GostCrypt@@QAEX_J@Z 004148d0 f   BootEncryption.obj
 0001:00013920       ?SetDriverServiceStartType@BootEncryption@GostCrypt@@QAEXK@Z 00414920 f   BootEncryption.obj
 0001:00013c50       ?SetDriverServiceStartType@Elevator@GostCrypt@@SAXK@Z 00414c50 f i BootEncryption.obj
 0001:00013c80       ?Show@ErrorException@GostCrypt@@UBEXPAUHWND__@@@Z 00414c80 f i BootEncryption.obj
 0001:00013cb0       ?Show@ParameterIncorrect@GostCrypt@@UBEXPAUHWND__@@@Z 00414cb0 f i BootEncryption.obj
 0001:00013dd0       ?Show@SystemException@GostCrypt@@UBEXPAUHWND__@@@Z 00414dd0 f i BootEncryption.obj
 0001:00013df0       ?Write@File@GostCrypt@@QAEXPAEK@Z 00414df0 f   BootEncryption.obj
 0001:00013f60       ?WriteBootDriveSector@BootEncryption@GostCrypt@@QAEX_KPAE@Z 00414f60 f   BootEncryption.obj
 0001:00013fd0       ?_Assign_rv@?$basic_string@_WU?$char_traits@_W@std@@V?$allocator@_W@2@@std@@QAEX$$QAV12@@Z 00414fd0 f i BootEncryption.obj
 0001:00014040       ?_Buynode0@?$_List_alloc@U?$_List_base_types@UPartition@GostCrypt@@V?$allocator@UPartition@GostCrypt@@@std@@@std@@@std@@QAEPAU?$_List_node@UPartition@GostCrypt@@PAX@2@PAU32@0@Z 00415040 f i BootEncryption.obj
 0001:00014080       ?_Deallocate@std@@YAXPAXII@Z 00415080 f i BootEncryption.obj
 0001:000140e0       ?_Decref@facet@locale@std@@UAEPAV_Facet_base@3@XZ 004150e0 f i BootEncryption.obj
 0001:00014100       ?_Ffmt@?$num_put@DV?$ostreambuf_iterator@DU?$char_traits@D@std@@@std@@@std@@ABAPADPADDH@Z 00415100 f i BootEncryption.obj
 0001:000141c0       ?_Fput@?$num_put@DV?$ostreambuf_iterator@DU?$char_traits@D@std@@@std@@@std@@ABA?AV?$ostreambuf_iterator@DU?$char_traits@D@std@@@2@V32@AAVios_base@2@DPBDI@Z 004151c0 f i BootEncryption.obj
 0001:00014580       ?_Getcat@?$ctype@D@std@@SAIPAPBVfacet@locale@2@PBV42@@Z 00415580 f i BootEncryption.obj
 0001:00014650       ?_Getcat@?$ctype@_W@std@@SAIPAPBVfacet@locale@2@PBV42@@Z 00415650 f i BootEncryption.obj
 0001:00014700       ?_Getcat@?$num_put@DV?$ostreambuf_iterator@DU?$char_traits@D@std@@@std@@@std@@SAIPAPBVfacet@locale@2@PBV42@@Z 00415700 f i BootEncryption.obj
 0001:000147b0       ?_Getcat@?$numpunct@D@std@@SAIPAPBVfacet@locale@2@PBV42@@Z 004157b0 f i BootEncryption.obj
 0001:00014880       ?_Gnavail@?$basic_streambuf@DU?$char_traits@D@std@@@std@@IBE_JXZ 00415880 f i BootEncryption.obj
 0001:00014880       ?_Gnavail@?$basic_streambuf@_WU?$char_traits@_W@std@@@std@@IBE_JXZ 00415880 f i BootEncryption.obj
 0001:000148a0       ?_Grow@?$basic_string@DU?$char_traits@D@std@@V?$allocator@D@2@@std@@QAE_NI_N@Z 004158a0 f i BootEncryption.obj
 0001:00014910       ?_Grow@?$basic_string@_WU?$char_traits@_W@std@@V?$allocator@_W@2@@std@@QAE_NI_N@Z 00415910 f i BootEncryption.obj
 0001:00014990       ?_Ifmt@?$num_put@DV?$ostreambuf_iterator@DU?$char_traits@D@std@@@std@@@std@@ABAPADPADPBDH@Z 00415990 f i BootEncryption.obj
 0001:00014a20       ?_Incref@facet@locale@std@@UAEXXZ 00415a20 f i BootEncryption.obj
 0001:00014a30       ?_Init@?$numpunct@D@std@@IAEXABV_Locinfo@2@_N@Z 00415a30 f i BootEncryption.obj
 0001:00014bd0       ?_Init@ios_base@std@@IAEXXZ 00415bd0 f i BootEncryption.obj
 0001:00014ca0       ?_Iput@?$num_put@DV?$ostreambuf_iterator@DU?$char_traits@D@std@@@std@@@std@@ABA?AV?$ostreambuf_iterator@DU?$char_traits@D@std@@@2@V32@AAVios_base@2@DPADI@Z 00415ca0 f i BootEncryption.obj
 0001:00015000       ?_Makestr@_System_error@std@@CA?AV?$basic_string@DU?$char_traits@D@std@@V?$allocator@D@2@@2@Verror_code@2@V32@@Z 00416000 f i BootEncryption.obj
 0001:000150d0       ?_Myptr@?$_String_alloc@U?$_String_base_types@DV?$allocator@D@std@@@std@@@std@@QBEPBDXZ 004160d0 f i BootEncryption.obj
 0001:000150e0       ?_Osfx@?$basic_ostream@DU?$char_traits@D@std@@@std@@QAEXXZ 004160e0 f i BootEncryption.obj
 0001:000150e0       ?_Osfx@?$basic_ostream@_WU?$char_traits@_W@std@@@std@@QAEXXZ 004160e0 f i BootEncryption.obj
 0001:00015210       ?_Pnavail@?$basic_streambuf@DU?$char_traits@D@std@@@std@@IBE_JXZ 00416210 f i BootEncryption.obj
 0001:00015210       ?_Pnavail@?$basic_streambuf@_WU?$char_traits@_W@std@@@std@@IBE_JXZ 00416210 f i BootEncryption.obj
 0001:00015230       ?_Put@?$num_put@DV?$ostreambuf_iterator@DU?$char_traits@D@std@@@std@@@std@@ABA?AV?$ostreambuf_iterator@DU?$char_traits@D@std@@@2@V32@PBDI@Z 00416230 f i BootEncryption.obj
 0001:000152b0       ?_Rep@?$num_put@DV?$ostreambuf_iterator@DU?$char_traits@D@std@@@std@@@std@@ABA?AV?$ostreambuf_iterator@DU?$char_traits@D@std@@@2@V32@DI@Z 004162b0 f i BootEncryption.obj
 0001:00015320       ?_Tidy@?$basic_string@DU?$char_traits@D@std@@V?$allocator@D@2@@std@@QAEX_NI@Z 00416320 f i BootEncryption.obj
 0001:00015380       ?_Tidy@?$basic_string@_WU?$char_traits@_W@std@@V?$allocator@_W@2@@std@@QAEX_NI@Z 00416380 f i BootEncryption.obj
 0001:000153f0       ?_Tidy@?$basic_stringbuf@DU?$char_traits@D@std@@V?$allocator@D@2@@std@@IAEXXZ 004163f0 f i BootEncryption.obj
 0001:000154a0       ?_Tidy@?$basic_stringbuf@_WU?$char_traits@_W@std@@V?$allocator@_W@2@@std@@IAEXXZ 004164a0 f i BootEncryption.obj
 0001:00015520       ?_Tidy@?$numpunct@D@std@@AAEXXZ 00416520 f i BootEncryption.obj
 0001:00015540       ?_Unchecked_erase@?$list@UPartition@GostCrypt@@V?$allocator@UPartition@GostCrypt@@@std@@@std@@QAEXV?$_List_unchecked_const_iterator@V?$_List_val@U?$_List_simple_types@UPartition@GostCrypt@@@std@@@std@@U_Iterator_base0@2@@2@@Z 00416540 f i BootEncryption.obj
 0001:00015580       ?allocate@?$_Wrap_alloc@V?$allocator@D@std@@@std@@QAEPADI@Z 00416580 f i Setup.obj
 0001:00015580       ?allocate@?$allocator@D@std@@QAEPADI@Z 00416580 f i BootEncryption.obj
 0001:000155e0       ?append@?$basic_string@_WU?$char_traits@_W@std@@V?$allocator@_W@2@@std@@QAEAAV12@ABV12@II@Z 004165e0 f i BootEncryption.obj
 0001:000156f0       ?append@?$basic_string@_WU?$char_traits@_W@std@@V?$allocator@_W@2@@std@@QAEAAV12@PB_WI@Z 004166f0 f i BootEncryption.obj
 0001:00015820       ?assign@?$basic_string@DU?$char_traits@D@std@@V?$allocator@D@2@@std@@QAEAAV12@ID@Z 00416820 f i BootEncryption.obj
 0001:000158f0       ?clear@?$list@UPartition@GostCrypt@@V?$allocator@UPartition@GostCrypt@@@std@@@std@@QAEXXZ 004168f0 f i BootEncryption.obj
 0001:00015930       ?clear@ios_base@std@@QAEXH@Z 00416930 f i BootEncryption.obj
 0001:000159a0       ?deallocate@?$allocator@U?$_List_node@UPartition@GostCrypt@@PAX@std@@@std@@QAEXPAU?$_List_node@UPartition@GostCrypt@@PAX@2@I@Z 004169a0 f i BootEncryption.obj
 0001:00015a10       ?deallocate@?$allocator@_W@std@@QAEXPA_WI@Z 00416a10 f i BootEncryption.obj
 0001:00015a10       ?deallocate@?$_Wrap_alloc@V?$allocator@_W@std@@@std@@QAEXPA_WI@Z 00416a10 f i Wizard.obj
 0001:00015a70       ?default_error_condition@error_category@std@@UBE?AVerror_condition@2@H@Z 00416a70 f i BootEncryption.obj
 0001:00015a90       ?do_decimal_point@?$numpunct@D@std@@MBEDXZ 00416a90 f i BootEncryption.obj
 0001:00015aa0       ?do_falsename@?$numpunct@D@std@@MBE?AV?$basic_string@DU?$char_traits@D@std@@V?$allocator@D@2@@2@XZ 00416aa0 f i BootEncryption.obj
 0001:00015b00       ?do_grouping@?$numpunct@D@std@@MBE?AV?$basic_string@DU?$char_traits@D@std@@V?$allocator@D@2@@2@XZ 00416b00 f i BootEncryption.obj
 0001:00015b60       ?do_is@?$ctype@_W@std@@MBEPB_WPB_W0PAF@Z 00416b60 f i BootEncryption.obj
 0001:00015b80       ?do_is@?$ctype@_W@std@@MBE_NF_W@Z 00416b80 f i BootEncryption.obj
 0001:00015ba0       ?do_narrow@?$ctype@D@std@@MBEDDD@Z 00416ba0 f i BootEncryption.obj
 0001:00015bb0       ?do_narrow@?$ctype@D@std@@MBEPBDPBD0DPAD@Z 00416bb0 f i BootEncryption.obj
 0001:00015bd0       ?do_narrow@?$ctype@_W@std@@MBED_WD@Z 00416bd0 f i BootEncryption.obj
 0001:00015c20       ?do_narrow@?$ctype@_W@std@@MBEPB_WPB_W0DPAD@Z 00416c20 f i BootEncryption.obj
 0001:00015cc0       ?do_put@?$num_put@DV?$ostreambuf_iterator@DU?$char_traits@D@std@@@std@@@std@@MBE?AV?$ostreambuf_iterator@DU?$char_traits@D@std@@@2@V32@AAVios_base@2@DJ@Z 00416cc0 f i BootEncryption.obj
 0001:00015d30       ?do_put@?$num_put@DV?$ostreambuf_iterator@DU?$char_traits@D@std@@@std@@@std@@MBE?AV?$ostreambuf_iterator@DU?$char_traits@D@std@@@2@V32@AAVios_base@2@DK@Z 00416d30 f i BootEncryption.obj
 0001:00015da0       ?do_put@?$num_put@DV?$ostreambuf_iterator@DU?$char_traits@D@std@@@std@@@std@@MBE?AV?$ostreambuf_iterator@DU?$char_traits@D@std@@@2@V32@AAVios_base@2@DN@Z 00416da0 f i BootEncryption.obj
 0001:00015f40       ?do_put@?$num_put@DV?$ostreambuf_iterator@DU?$char_traits@D@std@@@std@@@std@@MBE?AV?$ostreambuf_iterator@DU?$char_traits@D@std@@@2@V32@AAVios_base@2@DO@Z 00416f40 f i BootEncryption.obj
 0001:000160e0       ?do_put@?$num_put@DV?$ostreambuf_iterator@DU?$char_traits@D@std@@@std@@@std@@MBE?AV?$ostreambuf_iterator@DU?$char_traits@D@std@@@2@V32@AAVios_base@2@DPBX@Z 004170e0 f i BootEncryption.obj
 0001:00016140       ?do_put@?$num_put@DV?$ostreambuf_iterator@DU?$char_traits@D@std@@@std@@@std@@MBE?AV?$ostreambuf_iterator@DU?$char_traits@D@std@@@2@V32@AAVios_base@2@D_J@Z 00417140 f i BootEncryption.obj
 0001:000161b0       ?do_put@?$num_put@DV?$ostreambuf_iterator@DU?$char_traits@D@std@@@std@@@std@@MBE?AV?$ostreambuf_iterator@DU?$char_traits@D@std@@@2@V32@AAVios_base@2@D_K@Z 004171b0 f i BootEncryption.obj
 0001:00016220       ?do_put@?$num_put@DV?$ostreambuf_iterator@DU?$char_traits@D@std@@@std@@@std@@MBE?AV?$ostreambuf_iterator@DU?$char_traits@D@std@@@2@V32@AAVios_base@2@D_N@Z 00417220 f i BootEncryption.obj
 0001:00016420       ?do_scan_is@?$ctype@_W@std@@MBEPB_WFPB_W0@Z 00417420 f i BootEncryption.obj
 0001:00016460       ?do_scan_not@?$ctype@_W@std@@MBEPB_WFPB_W0@Z 00417460 f i BootEncryption.obj
 0001:000164a0       ?do_thousands_sep@?$numpunct@D@std@@MBEDXZ 004174a0 f i BootEncryption.obj
 0001:000164b0       ?do_tolower@?$ctype@D@std@@MBEDD@Z 004174b0 f i BootEncryption.obj
 0001:000164d0       ?do_tolower@?$ctype@D@std@@MBEPBDPADPBD@Z 004174d0 f i BootEncryption.obj
 0001:00016520       ?do_tolower@?$ctype@_W@std@@MBEPB_WPA_WPB_W@Z 00417520 f i BootEncryption.obj
 0001:00016570       ?do_tolower@?$ctype@_W@std@@MBE_W_W@Z 00417570 f i BootEncryption.obj
 0001:00016590       ?do_toupper@?$ctype@D@std@@MBEDD@Z 00417590 f i BootEncryption.obj
 0001:000165b0       ?do_toupper@?$ctype@D@std@@MBEPBDPADPBD@Z 004175b0 f i BootEncryption.obj
 0001:00016600       ?do_toupper@?$ctype@_W@std@@MBEPB_WPA_WPB_W@Z 00417600 f i BootEncryption.obj
 0001:00016650       ?do_toupper@?$ctype@_W@std@@MBE_W_W@Z 00417650 f i BootEncryption.obj
 0001:00016670       ?do_truename@?$numpunct@D@std@@MBE?AV?$basic_string@DU?$char_traits@D@std@@V?$allocator@D@2@@2@XZ 00417670 f i BootEncryption.obj
 0001:000166d0       ?do_widen@?$ctype@D@std@@MBEDD@Z 004176d0 f i BootEncryption.obj
 0001:000166e0       ?do_widen@?$ctype@D@std@@MBEPBDPBD0PAD@Z 004176e0 f i BootEncryption.obj
 0001:00016700       ?do_widen@?$ctype@_W@std@@MBEPBDPBD0PA_W@Z 00417700 f i BootEncryption.obj
 0001:00016790       ?do_widen@?$ctype@_W@std@@MBE_WD@Z 00417790 f i BootEncryption.obj
 0001:000167e0       ?equivalent@error_category@std@@UBE_NABVerror_code@2@H@Z 004177e0 f i BootEncryption.obj
 0001:00016810       ?equivalent@error_category@std@@UBE_NHABVerror_condition@2@@Z 00417810 f i BootEncryption.obj
 0001:00016850       ?erase@?$list@UPartition@GostCrypt@@V?$allocator@UPartition@GostCrypt@@@std@@@std@@QAE?AV?$_List_iterator@V?$_List_val@U?$_List_simple_types@UPartition@GostCrypt@@@std@@@std@@@2@V?$_List_const_iterator@V?$_List_val@U?$_List_simple_types@UPartition@GostCrypt@@@std@@@std@@@2@0@Z 00417850 f i BootEncryption.obj
 0001:000168c0       ?falsename@?$numpunct@D@std@@QBE?AV?$basic_string@DU?$char_traits@D@std@@V?$allocator@D@2@@2@XZ 004178c0 f i BootEncryption.obj
 0001:000168e0       ?flush@?$basic_ostream@DU?$char_traits@D@std@@@std@@QAEAAV12@XZ 004178e0 f i BootEncryption.obj
 0001:000168e0       ?flush@?$basic_ostream@_WU?$char_traits@_W@std@@@std@@QAEAAV12@XZ 004178e0 f i BootEncryption.obj
 0001:00016a00       ?getloc@ios_base@std@@QBE?AVlocale@2@XZ 00417a00 f i BootEncryption.obj
 0001:00016a60       ?grouping@?$numpunct@D@std@@QBE?AV?$basic_string@DU?$char_traits@D@std@@V?$allocator@D@2@@2@XZ 00417a60 f i BootEncryption.obj
 0001:00016a80       ?init@?$basic_ios@DU?$char_traits@D@std@@@std@@IAEXPAV?$basic_streambuf@DU?$char_traits@D@std@@@2@_N@Z 00417a80 f i BootEncryption.obj
 0001:00016bb0       ?init@?$basic_ios@_WU?$char_traits@_W@std@@@std@@IAEXPAV?$basic_streambuf@_WU?$char_traits@_W@std@@@2@_N@Z 00417bb0 f i BootEncryption.obj
 0001:00016ce0       ?insert@?$basic_string@DU?$char_traits@D@std@@V?$allocator@D@2@@std@@QAEAAV12@IID@Z 00417ce0 f i BootEncryption.obj
 0001:00016df0       ?message@_Generic_error_category@std@@UBE?AV?$basic_string@DU?$char_traits@D@std@@V?$allocator@D@2@@2@H@Z 00417df0 f i BootEncryption.obj
 0001:00016e60       ?message@_Iostream_error_category@std@@UBE?AV?$basic_string@DU?$char_traits@D@std@@V?$allocator@D@2@@2@H@Z 00417e60 f i BootEncryption.obj
 0001:00016eb0       ?message@error_code@std@@QBE?AV?$basic_string@DU?$char_traits@D@std@@V?$allocator@D@2@@2@XZ 00417eb0 f i BootEncryption.obj
 0001:00016ee0       ?name@_Iostream_error_category@std@@UBEPBDXZ 00417ee0 f i BootEncryption.obj
 0001:00016ef0       ?overflow@?$basic_stringbuf@DU?$char_traits@D@std@@V?$allocator@D@2@@std@@MAEHH@Z 00417ef0 f i BootEncryption.obj
 0001:000170d0       ?overflow@?$basic_stringbuf@_WU?$char_traits@_W@std@@V?$allocator@_W@2@@std@@MAEGG@Z 004180d0 f i BootEncryption.obj
 0001:000172e0       ?pbackfail@?$basic_streambuf@DU?$char_traits@D@std@@@std@@MAEHH@Z 004182e0 f i BootEncryption.obj
 0001:000172e0       ?overflow@?$basic_streambuf@DU?$char_traits@D@std@@@std@@MAEHH@Z 004182e0 f i BootEncryption.obj
 0001:000172f0       ?overflow@?$basic_streambuf@_WU?$char_traits@_W@std@@@std@@MAEGG@Z 004182f0 f i BootEncryption.obj
 0001:000172f0       ?pbackfail@?$basic_streambuf@_WU?$char_traits@_W@std@@@std@@MAEGG@Z 004182f0 f i BootEncryption.obj
 0001:00017300       ?pbackfail@?$basic_stringbuf@DU?$char_traits@D@std@@V?$allocator@D@2@@std@@MAEHH@Z 00418300 f i BootEncryption.obj
 0001:00017360       ?pbackfail@?$basic_stringbuf@_WU?$char_traits@_W@std@@V?$allocator@_W@2@@std@@MAEGG@Z 00418360 f i BootEncryption.obj
 0001:000173d0       ?rfind@?$basic_string@DU?$char_traits@D@std@@V?$allocator@D@2@@std@@QBEIPBDI@Z 004183d0 f i BootEncryption.obj
 0001:00017410       ?rfind@?$basic_string@DU?$char_traits@D@std@@V?$allocator@D@2@@std@@QBEIPBDII@Z 00418410 f i BootEncryption.obj
 0001:000174a0       ?seekoff@?$basic_streambuf@_WU?$char_traits@_W@std@@@std@@MAE?AV?$fpos@U_Mbstatet@@@2@_JHH@Z 004184a0 f i BootEncryption.obj
 0001:000174a0       ?seekoff@?$basic_streambuf@DU?$char_traits@D@std@@@std@@MAE?AV?$fpos@U_Mbstatet@@@2@_JHH@Z 004184a0 f i BootEncryption.obj
 0001:000174e0       ?seekoff@?$basic_stringbuf@DU?$char_traits@D@std@@V?$allocator@D@2@@std@@MAE?AV?$fpos@U_Mbstatet@@@2@_JHH@Z 004184e0 f i BootEncryption.obj
 0001:000176b0       ?seekoff@?$basic_stringbuf@_WU?$char_traits@_W@std@@V?$allocator@_W@2@@std@@MAE?AV?$fpos@U_Mbstatet@@@2@_JHH@Z 004186b0 f i BootEncryption.obj
 0001:000178b0       ?seekpos@?$basic_streambuf@_WU?$char_traits@_W@std@@@std@@MAE?AV?$fpos@U_Mbstatet@@@2@V32@H@Z 004188b0 f i BootEncryption.obj
 0001:000178b0       ?seekpos@?$basic_streambuf@DU?$char_traits@D@std@@@std@@MAE?AV?$fpos@U_Mbstatet@@@2@V32@H@Z 004188b0 f i BootEncryption.obj
 0001:000178f0       ?seekpos@?$basic_stringbuf@DU?$char_traits@D@std@@V?$allocator@D@2@@std@@MAE?AV?$fpos@U_Mbstatet@@@2@V32@H@Z 004188f0 f i BootEncryption.obj
 0001:00017a20       ?seekpos@?$basic_stringbuf@_WU?$char_traits@_W@std@@V?$allocator@_W@2@@std@@MAE?AV?$fpos@U_Mbstatet@@@2@V32@H@Z 00418a20 f i BootEncryption.obj
 0001:00017b70       ?setbuf@?$basic_streambuf@_WU?$char_traits@_W@std@@@std@@MAEPAV12@PA_W_J@Z 00418b70 f i BootEncryption.obj
 0001:00017b70       ?setbuf@?$basic_streambuf@DU?$char_traits@D@std@@@std@@MAEPAV12@PAD_J@Z 00418b70 f i BootEncryption.obj
 0001:00017b80       ?showmanyc@?$basic_streambuf@_WU?$char_traits@_W@std@@@std@@MAE_JXZ 00418b80 f i BootEncryption.obj
 0001:00017b80       ?showmanyc@?$basic_streambuf@DU?$char_traits@D@std@@@std@@MAE_JXZ 00418b80 f i BootEncryption.obj
 0001:00017b90       ?str@?$basic_stringbuf@DU?$char_traits@D@std@@V?$allocator@D@2@@std@@QBE?AV?$basic_string@DU?$char_traits@D@std@@V?$allocator@D@2@@2@XZ 00418b90 f i BootEncryption.obj
 0001:00017cd0       ?str@?$basic_stringbuf@_WU?$char_traits@_W@std@@V?$allocator@_W@2@@std@@QBE?AV?$basic_string@_WU?$char_traits@_W@std@@V?$allocator@_W@2@@2@XZ 00418cd0 f i BootEncryption.obj
 0001:00017e00       ?str@?$basic_stringstream@DU?$char_traits@D@std@@V?$allocator@D@2@@std@@QBE?AV?$basic_string@DU?$char_traits@D@std@@V?$allocator@D@2@@2@XZ 00418e00 f i BootEncryption.obj
 0001:00017e20       ?str@?$basic_stringstream@_WU?$char_traits@_W@std@@V?$allocator@_W@2@@std@@QBE?AV?$basic_string@_WU?$char_traits@_W@std@@V?$allocator@_W@2@@2@XZ 00418e20 f i BootEncryption.obj
 0001:00017e40       ?substr@?$basic_string@_WU?$char_traits@_W@std@@V?$allocator@_W@2@@std@@QBE?AV12@II@Z 00418e40 f i BootEncryption.obj
 0001:00017e80       ?truename@?$numpunct@D@std@@QBE?AV?$basic_string@DU?$char_traits@D@std@@V?$allocator@D@2@@2@XZ 00418e80 f i BootEncryption.obj
 0001:00017ea0       ?uflow@?$basic_streambuf@DU?$char_traits@D@std@@@std@@MAEHXZ 00418ea0 f i BootEncryption.obj
 0001:00017ed0       ?uflow@?$basic_streambuf@_WU?$char_traits@_W@std@@@std@@MAEGXZ 00418ed0 f i BootEncryption.obj
 0001:00017f00       ?underflow@?$basic_streambuf@DU?$char_traits@D@std@@@std@@MAEHXZ 00418f00 f i BootEncryption.obj
 0001:00017f10       ?underflow@?$basic_streambuf@_WU?$char_traits@_W@std@@@std@@MAEGXZ 00418f10 f i BootEncryption.obj
 0001:00017f20       ?underflow@?$basic_stringbuf@DU?$char_traits@D@std@@V?$allocator@D@2@@std@@MAEHXZ 00418f20 f i BootEncryption.obj
 0001:00017f80       ?underflow@?$basic_stringbuf@_WU?$char_traits@_W@std@@V?$allocator@_W@2@@std@@MAEGXZ 00418f80 f i BootEncryption.obj
 0001:00017ff0       ?what@exception@std@@UBEPBDXZ 00418ff0 f i BootEncryption.obj
 0001:00018000       ?xsgetn@?$basic_streambuf@DU?$char_traits@D@std@@@std@@MAE_JPAD_J@Z 00419000 f i BootEncryption.obj
 0001:000180f0       ?xsgetn@?$basic_streambuf@_WU?$char_traits@_W@std@@@std@@MAE_JPA_W_J@Z 004190f0 f i BootEncryption.obj
 0001:000181f0       ?xsputn@?$basic_streambuf@DU?$char_traits@D@std@@@std@@MAE_JPBD_J@Z 004191f0 f i BootEncryption.obj
 0001:000182e0       ?xsputn@?$basic_streambuf@_WU?$char_traits@_W@std@@@std@@MAE_JPB_W_J@Z 004192e0 f i BootEncryption.obj
 0001:000183e0       _GetCrc32                  004193e0 f   Crc.obj
 0001:00018410       ??$_Buynode@ABUpiecewise_construct_t@std@@V?$tuple@$$QAV?$basic_string@DU?$char_traits@D@std@@V?$allocator@D@2@@std@@@2@V?$tuple@$$V@2@@?$_Tree_comp_alloc@V?$_Tmap_traits@V?$basic_string@DU?$char_traits@D@std@@V?$allocator@D@2@@std@@PAXU?$less@V?$basic_string@DU?$char_traits@D@std@@V?$allocator@D@2@@std@@@2@V?$allocator@U?$pair@$$CBV?$basic_string@DU?$char_traits@D@std@@V?$allocator@D@2@@std@@PAX@std@@@2@$0A@@std@@@std@@QAEPAU?$_Tree_node@U?$pair@$$CBV?$basic_string@DU?$char_traits@D@std@@V?$allocator@D@2@@std@@PAX@std@@PAX@1@ABUpiecewise_construct_t@1@$$QAV?$tuple@$$QAV?$basic_string@DU?$char_traits@D@std@@V?$allocator@D@2@@std@@@1@$$QAV?$tuple@$$V@1@@Z 00419410 f i Dictionary.obj
 0001:00018460       ??$_Buynode@ABUpiecewise_construct_t@std@@V?$tuple@ABH@2@V?$tuple@$$V@2@@?$_Tree_comp_alloc@V?$_Tmap_traits@HPAXU?$less@H@std@@V?$allocator@U?$pair@$$CBHPAX@std@@@2@$0A@@std@@@std@@QAEPAU?$_Tree_node@U?$pair@$$CBHPAX@std@@PAX@1@ABUpiecewise_construct_t@1@$$QAV?$tuple@ABH@1@$$QAV?$tuple@$$V@1@@Z 00419460 f i Dictionary.obj
 0001:00018490       ??$_Insert_at@AAU?$pair@$$CBHPAX@std@@PAU?$_Tree_node@U?$pair@$$CBHPAX@std@@PAX@2@@?$_Tree@V?$_Tmap_traits@HPAXU?$less@H@std@@V?$allocator@U?$pair@$$CBHPAX@std@@@2@$0A@@std@@@std@@IAE?AV?$_Tree_iterator@V?$_Tree_val@U?$_Tree_simple_types@U?$pair@$$CBHPAX@std@@@std@@@std@@@1@_NPAU?$_Tree_node@U?$pair@$$CBHPAX@std@@PAX@1@AAU?$pair@$$CBHPAX@1@1@Z 00419490 f i Dictionary.obj
 0001:00018630       ??$_Insert_at@AAU?$pair@$$CBV?$basic_string@DU?$char_traits@D@std@@V?$allocator@D@2@@std@@PAX@std@@PAU?$_Tree_node@U?$pair@$$CBV?$basic_string@DU?$char_traits@D@std@@V?$allocator@D@2@@std@@PAX@std@@PAX@2@@?$_Tree@V?$_Tmap_traits@V?$basic_string@DU?$char_traits@D@std@@V?$allocator@D@2@@std@@PAXU?$less@V?$basic_string@DU?$char_traits@D@std@@V?$allocator@D@2@@std@@@2@V?$allocator@U?$pair@$$CBV?$basic_string@DU?$char_traits@D@std@@V?$allocator@D@2@@std@@PAX@std@@@2@$0A@@std@@@std@@IAE?AV?$_Tree_iterator@V?$_Tree_val@U?$_Tree_simple_types@U?$pair@$$CBV?$basic_string@DU?$char_traits@D@std@@V?$allocator@D@2@@std@@PAX@std@@@std@@@std@@@1@_NPAU?$_Tree_node@U?$pair@$$CBV?$basic_string@DU?$char_traits@D@std@@V?$allocator@D@2@@std@@PAX@std@@PAX@1@AAU?$pair@$$CBV?$basic_string@DU?$char_traits@D@std@@V?$allocator@D@2@@std@@PAX@1@1@Z 00419630 f i Dictionary.obj
 0001:00018800       ??$_Insert_hint@AAU?$pair@$$CBHPAX@std@@PAU?$_Tree_node@U?$pair@$$CBHPAX@std@@PAX@2@@?$_Tree@V?$_Tmap_traits@HPAXU?$less@H@std@@V?$allocator@U?$pair@$$CBHPAX@std@@@2@$0A@@std@@@std@@IAE?AV?$_Tree_iterator@V?$_Tree_val@U?$_Tree_simple_types@U?$pair@$$CBHPAX@std@@@std@@@std@@@1@V?$_Tree_const_iterator@V?$_Tree_val@U?$_Tree_simple_types@U?$pair@$$CBHPAX@std@@@std@@@std@@@1@AAU?$pair@$$CBHPAX@1@PAU?$_Tree_node@U?$pair@$$CBHPAX@std@@PAX@1@@Z 00419800 f i Dictionary.obj
 0001:000189f0       ??$_Insert_hint@AAU?$pair@$$CBV?$basic_string@DU?$char_traits@D@std@@V?$allocator@D@2@@std@@PAX@std@@PAU?$_Tree_node@U?$pair@$$CBV?$basic_string@DU?$char_traits@D@std@@V?$allocator@D@2@@std@@PAX@std@@PAX@2@@?$_Tree@V?$_Tmap_traits@V?$basic_string@DU?$char_traits@D@std@@V?$allocator@D@2@@std@@PAXU?$less@V?$basic_string@DU?$char_traits@D@std@@V?$allocator@D@2@@std@@@2@V?$allocator@U?$pair@$$CBV?$basic_string@DU?$char_traits@D@std@@V?$allocator@D@2@@std@@PAX@std@@@2@$0A@@std@@@std@@IAE?AV?$_Tree_iterator@V?$_Tree_val@U?$_Tree_simple_types@U?$pair@$$CBV?$basic_string@DU?$char_traits@D@std@@V?$allocator@D@2@@std@@PAX@std@@@std@@@std@@@1@V?$_Tree_const_iterator@V?$_Tree_val@U?$_Tree_simple_types@U?$pair@$$CBV?$basic_string@DU?$char_traits@D@std@@V?$allocator@D@2@@std@@PAX@std@@@std@@@std@@@1@AAU?$pair@$$CBV?$basic_string@DU?$char_traits@D@std@@V?$allocator@D@2@@std@@PAX@1@PAU?$_Tree_node@U?$pair@$$CBV?$basic_string@DU?$char_traits@D@std@@V?$allocator@D@2@@std@@PAX@std@@PAX@1@@Z 004199f0 f i Dictionary.obj
 0001:00018c50       ??$_Insert_nohint@AAU?$pair@$$CBHPAX@std@@PAU?$_Tree_node@U?$pair@$$CBHPAX@std@@PAX@2@@?$_Tree@V?$_Tmap_traits@HPAXU?$less@H@std@@V?$allocator@U?$pair@$$CBHPAX@std@@@2@$0A@@std@@@std@@IAE?AU?$pair@V?$_Tree_iterator@V?$_Tree_val@U?$_Tree_simple_types@U?$pair@$$CBHPAX@std@@@std@@@std@@@std@@_N@1@_NAAU?$pair@$$CBHPAX@1@PAU?$_Tree_node@U?$pair@$$CBHPAX@std@@PAX@1@@Z 00419c50 f i Dictionary.obj
 0001:00018d70       ??$_Insert_nohint@AAU?$pair@$$CBV?$basic_string@DU?$char_traits@D@std@@V?$allocator@D@2@@std@@PAX@std@@PAU?$_Tree_node@U?$pair@$$CBV?$basic_string@DU?$char_traits@D@std@@V?$allocator@D@2@@std@@PAX@std@@PAX@2@@?$_Tree@V?$_Tmap_traits@V?$basic_string@DU?$char_traits@D@std@@V?$allocator@D@2@@std@@PAXU?$less@V?$basic_string@DU?$char_traits@D@std@@V?$allocator@D@2@@std@@@2@V?$allocator@U?$pair@$$CBV?$basic_string@DU?$char_traits@D@std@@V?$allocator@D@2@@std@@PAX@std@@@2@$0A@@std@@@std@@IAE?AU?$pair@V?$_Tree_iterator@V?$_Tree_val@U?$_Tree_simple_types@U?$pair@$$CBV?$basic_string@DU?$char_traits@D@std@@V?$allocator@D@2@@std@@PAX@std@@@std@@@std@@@std@@_N@1@_NAAU?$pair@$$CBV?$basic_string@DU?$char_traits@D@std@@V?$allocator@D@2@@std@@PAX@1@PAU?$_Tree_node@U?$pair@$$CBV?$basic_string@DU?$char_traits@D@std@@V?$allocator@D@2@@std@@PAX@std@@PAX@1@@Z 00419d70 f i Dictionary.obj
 0001:00018fe0       ??$_Lbound@V?$basic_string@DU?$char_traits@D@std@@V?$allocator@D@2@@std@@@?$_Tree@V?$_Tmap_traits@V?$basic_string@DU?$char_traits@D@std@@V?$allocator@D@2@@std@@PAXU?$less@V?$basic_string@DU?$char_traits@D@std@@V?$allocator@D@2@@std@@@2@V?$allocator@U?$pair@$$CBV?$basic_string@DU?$char_traits@D@std@@V?$allocator@D@2@@std@@PAX@std@@@2@$0A@@std@@@std@@IBEPAU?$_Tree_node@U?$pair@$$CBV?$basic_string@DU?$char_traits@D@std@@V?$allocator@D@2@@std@@PAX@std@@PAX@1@ABV?$basic_string@DU?$char_traits@D@std@@V?$allocator@D@2@@1@@Z 00419fe0 f i Dictionary.obj
 0001:000190c0       ??$_Try_emplace@ABH$$V@?$map@HPAXU?$less@H@std@@V?$allocator@U?$pair@$$CBHPAX@std@@@2@@std@@QAE?AU?$pair@V?$_Tree_iterator@V?$_Tree_val@U?$_Tree_simple_types@U?$pair@$$CBHPAX@std@@@std@@@std@@@std@@_N@1@ABH@Z 0041a0c0 f i Dictionary.obj
 0001:00019150       ??$_Try_emplace@V?$basic_string@DU?$char_traits@D@std@@V?$allocator@D@2@@std@@$$V@?$map@V?$basic_string@DU?$char_traits@D@std@@V?$allocator@D@2@@std@@PAXU?$less@V?$basic_string@DU?$char_traits@D@std@@V?$allocator@D@2@@std@@@2@V?$allocator@U?$pair@$$CBV?$basic_string@DU?$char_traits@D@std@@V?$allocator@D@2@@std@@PAX@std@@@2@@std@@QAE?AU?$pair@V?$_Tree_iterator@V?$_Tree_val@U?$_Tree_simple_types@U?$pair@$$CBV?$basic_string@DU?$char_traits@D@std@@V?$allocator@D@2@@std@@PAX@std@@@std@@@std@@@std@@_N@1@$$QAV?$basic_string@DU?$char_traits@D@std@@V?$allocator@D@2@@1@@Z 0041a150 f i Dictionary.obj
 0001:00019200       ?imbue@?$basic_streambuf@_WU?$char_traits@_W@std@@@std@@MAEXABVlocale@2@@Z 0041a200 f i BootEncryption.obj
 0001:00019200       ?imbue@?$basic_streambuf@DU?$char_traits@D@std@@@std@@MAEXABVlocale@2@@Z 0041a200 f i BootEncryption.obj
 0001:00019200       ??$destroy@PAU?$_Tree_node@U?$pair@$$CBHPAX@std@@PAX@std@@@?$_Wrap_alloc@V?$allocator@U?$_Tree_node@U?$pair@$$CBHPAX@std@@PAX@std@@@std@@@std@@QAEXPAPAU?$_Tree_node@U?$pair@$$CBHPAX@std@@PAX@1@@Z 0041a200 f i Dictionary.obj
 0001:00019200       ??$destroy@PA_W@?$_Wrap_alloc@V?$allocator@_W@std@@@std@@QAEXPAPA_W@Z 0041a200 f i Wizard.obj
 0001:00019200       ??$destroy@PAU?$_Tree_node@U?$pair@$$CBV?$basic_string@DU?$char_traits@D@std@@V?$allocator@D@2@@std@@PAX@std@@PAX@std@@@?$_Wrap_alloc@V?$allocator@U?$_Tree_node@U?$pair@$$CBV?$basic_string@DU?$char_traits@D@std@@V?$allocator@D@2@@std@@PAX@std@@PAX@std@@@std@@@std@@QAEXPAPAU?$_Tree_node@U?$pair@$$CBV?$basic_string@DU?$char_traits@D@std@@V?$allocator@D@2@@std@@PAX@std@@PAX@1@@Z 0041a200 f i Dictionary.obj
 0001:00019200       ??$destroy@PAD@?$_Wrap_alloc@V?$allocator@D@std@@@std@@QAEXPAPAD@Z 0041a200 f i Dlgcode.obj
 0001:00019210       ??0?$_Wrap_alloc@V?$allocator@U?$_Tree_node@U?$pair@$$CBV?$basic_string@DU?$char_traits@D@std@@V?$allocator@D@2@@std@@PAX@std@@PAX@std@@@std@@@std@@QAE@XZ 0041a210 f i Dictionary.obj
 0001:00019210       ??0?$_Wrap_alloc@V?$allocator@U?$_Tree_node@U?$pair@$$CBHPAX@std@@PAX@std@@@std@@@std@@QAE@XZ 0041a210 f i Dictionary.obj
 0001:00019210       ??0?$_Wrap_alloc@V?$allocator@D@std@@@std@@QAE@XZ 0041a210 f i Dlgcode.obj
 0001:00019210       ??0?$_Wrap_alloc@V?$allocator@_W@std@@@std@@QAE@XZ 0041a210 f i Wizard.obj
 0001:00019220       ??E?$_Tree_unchecked_const_iterator@V?$_Tree_val@U?$_Tree_simple_types@U?$pair@$$CBV?$basic_string@DU?$char_traits@D@std@@V?$allocator@D@2@@std@@PAX@std@@@std@@@std@@U_Iterator_base0@2@@std@@QAEAAV01@XZ 0041a220 f i Dictionary.obj
 0001:00019220       ??E?$_Tree_unchecked_const_iterator@V?$_Tree_val@U?$_Tree_simple_types@U?$pair@$$CBHPAX@std@@@std@@@std@@U_Iterator_base0@2@@std@@QAEAAV01@XZ 0041a220 f i Dictionary.obj
 0001:00019270       ??F?$_Tree_unchecked_const_iterator@V?$_Tree_val@U?$_Tree_simple_types@U?$pair@$$CBHPAX@std@@@std@@@std@@U_Iterator_base0@2@@std@@QAEAAV01@XZ 0041a270 f i Dictionary.obj
 0001:00019270       ??F?$_Tree_unchecked_const_iterator@V?$_Tree_val@U?$_Tree_simple_types@U?$pair@$$CBV?$basic_string@DU?$char_traits@D@std@@V?$allocator@D@2@@std@@PAX@std@@@std@@@std@@U_Iterator_base0@2@@std@@QAEAAV01@XZ 0041a270 f i Dictionary.obj
 0001:000192d0       ??R?$less@V?$basic_string@DU?$char_traits@D@std@@V?$allocator@D@2@@std@@@std@@QBE_NABV?$basic_string@DU?$char_traits@D@std@@V?$allocator@D@2@@1@0@Z 0041a2d0 f i Dictionary.obj
 0001:00019330       ?_Buyheadnode@?$_Tree_comp_alloc@V?$_Tmap_traits@HPAXU?$less@H@std@@V?$allocator@U?$pair@$$CBHPAX@std@@@2@$0A@@std@@@std@@QAEPAU?$_Tree_node@U?$pair@$$CBHPAX@std@@PAX@2@XZ 0041a330 f i Dictionary.obj
 0001:00019360       ?_Buyheadnode@?$_Tree_comp_alloc@V?$_Tmap_traits@V?$basic_string@DU?$char_traits@D@std@@V?$allocator@D@2@@std@@PAXU?$less@V?$basic_string@DU?$char_traits@D@std@@V?$allocator@D@2@@std@@@2@V?$allocator@U?$pair@$$CBV?$basic_string@DU?$char_traits@D@std@@V?$allocator@D@2@@std@@PAX@std@@@2@$0A@@std@@@std@@QAEPAU?$_Tree_node@U?$pair@$$CBV?$basic_string@DU?$char_traits@D@std@@V?$allocator@D@2@@std@@PAX@std@@PAX@2@XZ 0041a360 f i Dictionary.obj
 0001:00019390       ?_Buynode0@?$_Tree_comp_alloc@V?$_Tmap_traits@HPAXU?$less@H@std@@V?$allocator@U?$pair@$$CBHPAX@std@@@2@$0A@@std@@@std@@QAEPAU?$_Tree_node@U?$pair@$$CBHPAX@std@@PAX@2@XZ 0041a390 f i Dictionary.obj
 0001:000193d0       ?_Buynode0@?$_Tree_comp_alloc@V?$_Tmap_traits@V?$basic_string@DU?$char_traits@D@std@@V?$allocator@D@2@@std@@PAXU?$less@V?$basic_string@DU?$char_traits@D@std@@V?$allocator@D@2@@std@@@2@V?$allocator@U?$pair@$$CBV?$basic_string@DU?$char_traits@D@std@@V?$allocator@D@2@@std@@PAX@std@@@2@$0A@@std@@@std@@QAEPAU?$_Tree_node@U?$pair@$$CBV?$basic_string@DU?$char_traits@D@std@@V?$allocator@D@2@@std@@PAX@std@@PAX@2@XZ 0041a3d0 f i Dictionary.obj
 0001:00019410       ?_Destroy_if_not_nil@?$_Tree@V?$_Tmap_traits@V?$basic_string@DU?$char_traits@D@std@@V?$allocator@D@2@@std@@PAXU?$less@V?$basic_string@DU?$char_traits@D@std@@V?$allocator@D@2@@std@@@2@V?$allocator@U?$pair@$$CBV?$basic_string@DU?$char_traits@D@std@@V?$allocator@D@2@@std@@PAX@std@@@2@$0A@@std@@@std@@IAEXPAU?$_Tree_node@U?$pair@$$CBV?$basic_string@DU?$char_traits@D@std@@V?$allocator@D@2@@std@@PAX@std@@PAX@2@@Z 0041a410 f i Dictionary.obj
 0001:00019460       ?_Erase@?$_Tree@V?$_Tmap_traits@HPAXU?$less@H@std@@V?$allocator@U?$pair@$$CBHPAX@std@@@2@$0A@@std@@@std@@IAEXPAU?$_Tree_node@U?$pair@$$CBHPAX@std@@PAX@2@@Z 0041a460 f i Dictionary.obj
 0001:000194a0       ?_Erase@?$_Tree@V?$_Tmap_traits@V?$basic_string@DU?$char_traits@D@std@@V?$allocator@D@2@@std@@PAXU?$less@V?$basic_string@DU?$char_traits@D@std@@V?$allocator@D@2@@std@@@2@V?$allocator@U?$pair@$$CBV?$basic_string@DU?$char_traits@D@std@@V?$allocator@D@2@@std@@PAX@std@@@2@$0A@@std@@@std@@IAEXPAU?$_Tree_node@U?$pair@$$CBV?$basic_string@DU?$char_traits@D@std@@V?$allocator@D@2@@std@@PAX@std@@PAX@2@@Z 0041a4a0 f i Dictionary.obj
 0001:00019550       ?_Lrotate@?$_Tree@V?$_Tmap_traits@V?$basic_string@DU?$char_traits@D@std@@V?$allocator@D@2@@std@@PAXU?$less@V?$basic_string@DU?$char_traits@D@std@@V?$allocator@D@2@@std@@@2@V?$allocator@U?$pair@$$CBV?$basic_string@DU?$char_traits@D@std@@V?$allocator@D@2@@std@@PAX@std@@@2@$0A@@std@@@std@@IAEXPAU?$_Tree_node@U?$pair@$$CBV?$basic_string@DU?$char_traits@D@std@@V?$allocator@D@2@@std@@PAX@std@@PAX@2@@Z 0041a550 f i Dictionary.obj
 0001:00019550       ?_Lrotate@?$_Tree@V?$_Tmap_traits@HPAXU?$less@H@std@@V?$allocator@U?$pair@$$CBHPAX@std@@@2@$0A@@std@@@std@@IAEXPAU?$_Tree_node@U?$pair@$$CBHPAX@std@@PAX@2@@Z 0041a550 f i Dictionary.obj
 0001:000195b0       ?_Rrotate@?$_Tree@V?$_Tmap_traits@V?$basic_string@DU?$char_traits@D@std@@V?$allocator@D@2@@std@@PAXU?$less@V?$basic_string@DU?$char_traits@D@std@@V?$allocator@D@2@@std@@@2@V?$allocator@U?$pair@$$CBV?$basic_string@DU?$char_traits@D@std@@V?$allocator@D@2@@std@@PAX@std@@@2@$0A@@std@@@std@@IAEXPAU?$_Tree_node@U?$pair@$$CBV?$basic_string@DU?$char_traits@D@std@@V?$allocator@D@2@@std@@PAX@std@@PAX@2@@Z 0041a5b0 f i Dictionary.obj
 0001:000195b0       ?_Rrotate@?$_Tree@V?$_Tmap_traits@HPAXU?$less@H@std@@V?$allocator@U?$pair@$$CBHPAX@std@@@2@$0A@@std@@@std@@IAEXPAU?$_Tree_node@U?$pair@$$CBHPAX@std@@PAX@2@@Z 0041a5b0 f i Dictionary.obj
 0001:00019610       ?clear@?$_Tree@V?$_Tmap_traits@HPAXU?$less@H@std@@V?$allocator@U?$pair@$$CBHPAX@std@@@2@$0A@@std@@@std@@QAEXXZ 0041a610 f i Dictionary.obj
 0001:00019690       ?erase@?$_Tree@V?$_Tmap_traits@HPAXU?$less@H@std@@V?$allocator@U?$pair@$$CBHPAX@std@@@2@$0A@@std@@@std@@QAE?AV?$_Tree_iterator@V?$_Tree_val@U?$_Tree_simple_types@U?$pair@$$CBHPAX@std@@@std@@@std@@@2@V?$_Tree_const_iterator@V?$_Tree_val@U?$_Tree_simple_types@U?$pair@$$CBHPAX@std@@@std@@@std@@@2@0@Z 0041a690 f i Dictionary.obj
 0001:00019730       ?erase@?$_Tree@V?$_Tmap_traits@HPAXU?$less@H@std@@V?$allocator@U?$pair@$$CBHPAX@std@@@2@$0A@@std@@@std@@QAE?AV?$_Tree_iterator@V?$_Tree_val@U?$_Tree_simple_types@U?$pair@$$CBHPAX@std@@@std@@@std@@@2@V?$_Tree_const_iterator@V?$_Tree_val@U?$_Tree_simple_types@U?$pair@$$CBHPAX@std@@@std@@@std@@@2@@Z 0041a730 f i Dictionary.obj
 0001:000199b0       ?erase@?$_Tree@V?$_Tmap_traits@V?$basic_string@DU?$char_traits@D@std@@V?$allocator@D@2@@std@@PAXU?$less@V?$basic_string@DU?$char_traits@D@std@@V?$allocator@D@2@@std@@@2@V?$allocator@U?$pair@$$CBV?$basic_string@DU?$char_traits@D@std@@V?$allocator@D@2@@std@@PAX@std@@@2@$0A@@std@@@std@@QAE?AV?$_Tree_iterator@V?$_Tree_val@U?$_Tree_simple_types@U?$pair@$$CBV?$basic_string@DU?$char_traits@D@std@@V?$allocator@D@2@@std@@PAX@std@@@std@@@std@@@2@V?$_Tree_const_iterator@V?$_Tree_val@U?$_Tree_simple_types@U?$pair@$$CBV?$basic_string@DU?$char_traits@D@std@@V?$allocator@D@2@@std@@PAX@std@@@std@@@std@@@2@0@Z 0041a9b0 f i Dictionary.obj
 0001:00019aa0       ?erase@?$_Tree@V?$_Tmap_traits@V?$basic_string@DU?$char_traits@D@std@@V?$allocator@D@2@@std@@PAXU?$less@V?$basic_string@DU?$char_traits@D@std@@V?$allocator@D@2@@std@@@2@V?$allocator@U?$pair@$$CBV?$basic_string@DU?$char_traits@D@std@@V?$allocator@D@2@@std@@PAX@std@@@2@$0A@@std@@@std@@QAE?AV?$_Tree_iterator@V?$_Tree_val@U?$_Tree_simple_types@U?$pair@$$CBV?$basic_string@DU?$char_traits@D@std@@V?$allocator@D@2@@std@@PAX@std@@@std@@@std@@@2@V?$_Tree_const_iterator@V?$_Tree_val@U?$_Tree_simple_types@U?$pair@$$CBV?$basic_string@DU?$char_traits@D@std@@V?$allocator@D@2@@std@@PAX@std@@@std@@@std@@@2@@Z 0041aaa0 f i Dictionary.obj
 0001:00019d90       ?find@?$_Tree@V?$_Tmap_traits@V?$basic_string@DU?$char_traits@D@std@@V?$allocator@D@2@@std@@PAXU?$less@V?$basic_string@DU?$char_traits@D@std@@V?$allocator@D@2@@std@@@2@V?$allocator@U?$pair@$$CBV?$basic_string@DU?$char_traits@D@std@@V?$allocator@D@2@@std@@PAX@std@@@2@$0A@@std@@@std@@QAE?AV?$_Tree_iterator@V?$_Tree_val@U?$_Tree_simple_types@U?$pair@$$CBV?$basic_string@DU?$char_traits@D@std@@V?$allocator@D@2@@std@@PAX@std@@@std@@@std@@@2@ABV?$basic_string@DU?$char_traits@D@std@@V?$allocator@D@2@@2@@Z 0041ad90 f i Dictionary.obj
 0001:00019e20       _AddDictionaryEntry        0041ae20 f   Dictionary.obj
 0001:00019ed0       _AddPoolData               0041aed0 f   Dictionary.obj
 0001:00019f50       _ClearDictionaryPool       0041af50 f   Dictionary.obj
 0001:00019fd0       _GetDictionaryValue        0041afd0 f   Dictionary.obj
 0001:0001a080       _GetDictionaryValueByInt   0041b080 f   Dictionary.obj
 0001:0001a0d0       ??$GetContainerForward@V?$basic_string@DU?$char_traits@D@std@@V?$allocator@D@2@@std@@@ForEach@GostCrypt@@SA?AU?$ContainerForward@V?$basic_string@DU?$char_traits@D@std@@V?$allocator@D@2@@std@@@01@ABV?$basic_string@DU?$char_traits@D@std@@V?$allocator@D@2@@std@@@Z 0041b0d0 f i Dlgcode.obj
 0001:0001a0f0       ??$GetContainerForward@V?$list@KV?$allocator@K@std@@@std@@@ForEach@GostCrypt@@SA?AU?$ContainerForward@V?$list@KV?$allocator@K@std@@@std@@@01@ABV?$list@KV?$allocator@K@std@@@std@@@Z 0041b0f0 f i Dlgcode.obj
 0001:0001a160       ??$_Buynode@ABK@?$_List_buy@KV?$allocator@K@std@@@std@@QAEPAU?$_List_node@KPAX@1@PAU21@0ABK@Z 0041b160 f i Dlgcode.obj
 0001:0001a160       ??$_Buynode@K@?$_List_buy@KV?$allocator@K@std@@@std@@QAEPAU?$_List_node@KPAX@1@PAU21@0$$QAK@Z 0041b160 f i Dlgcode.obj
 0001:0001a180       ??$_Insert_range@V?$_List_const_iterator@V?$_List_val@U?$_List_simple_types@K@std@@@std@@@std@@@?$list@KV?$allocator@K@std@@@std@@QAEXV?$_List_unchecked_const_iterator@V?$_List_val@U?$_List_simple_types@K@std@@@std@@U_Iterator_base0@2@@1@V?$_List_const_iterator@V?$_List_val@U?$_List_simple_types@K@std@@@std@@@1@1Uforward_iterator_tag@1@@Z 0041b180 f i Dlgcode.obj
 0001:0001a250       ??0?$ContainerForward@V?$basic_string@DU?$char_traits@D@std@@V?$allocator@D@2@@std@@@ForEach@GostCrypt@@QAE@ABV?$basic_string@DU?$char_traits@D@std@@V?$allocator@D@2@@std@@@Z 0041b250 f i Dlgcode.obj
 0001:0001a2f0       ??0?$list@KV?$allocator@K@std@@@std@@QAE@ABV01@@Z 0041b2f0 f i Dlgcode.obj
 0001:0001a390       ??1?$ContainerForward@V?$basic_string@DU?$char_traits@D@std@@V?$allocator@D@2@@std@@@ForEach@GostCrypt@@UAE@XZ 0041b390 f i Dlgcode.obj
 0001:0001a3e0       ??1?$ContainerForward@V?$list@KV?$allocator@K@std@@@std@@@ForEach@GostCrypt@@UAE@XZ 0041b3e0 f i Dlgcode.obj
 0001:0001a430       ??1?$list@KV?$allocator@K@std@@@std@@QAE@XZ 0041b430 f i Dlgcode.obj
 0001:0001a470       ??6?$basic_ostream@DU?$char_traits@D@std@@@std@@QAEAAV01@K@Z 0041b470 f i Dlgcode.obj
 0001:0001a6b0       ??6?$basic_ostream@DU?$char_traits@D@std@@@std@@QAEAAV01@P6AAAVios_base@1@AAV21@@Z@Z 0041b6b0 f i Dlgcode.obj
 0001:0001a6e0       ??6?$basic_ostream@DU?$char_traits@D@std@@@std@@QAEAAV01@_K@Z 0041b6e0 f i Dlgcode.obj
 0001:0001a930       ??_E?$ContainerForward@V?$basic_string@DU?$char_traits@D@std@@V?$allocator@D@2@@std@@@ForEach@GostCrypt@@UAEPAXI@Z 0041b930 f i Dlgcode.obj
 0001:0001a930       ??_G?$ContainerForward@V?$basic_string@DU?$char_traits@D@std@@V?$allocator@D@2@@std@@@ForEach@GostCrypt@@UAEPAXI@Z 0041b930 f i Dlgcode.obj
 0001:0001a990       ??_E?$ContainerForward@V?$list@KV?$allocator@K@std@@@std@@@ForEach@GostCrypt@@UAEPAXI@Z 0041b990 f i Dlgcode.obj
 0001:0001a990       ??_G?$ContainerForward@V?$list@KV?$allocator@K@std@@@std@@@ForEach@GostCrypt@@UAEPAXI@Z 0041b990 f i Dlgcode.obj
 0001:0001a9c0       ?AuxiliaryDlgProc@@YGHPAUHWND__@@IIJ@Z 0041b9c0 f   Dlgcode.obj
 0001:0001ab50       ?ExceptionHandler@@YGJPAU_EXCEPTION_POINTERS@@@Z 0041bb50 f   Dlgcode.obj
 0001:0001abf0       ?ExceptionHandlerThread@@YAXPAX@Z 0041bbf0 f   Dlgcode.obj
 0001:0001b950       ?GetServiceConfigPath@@YA?AV?$basic_string@DU?$char_traits@D@std@@V?$allocator@D@2@@std@@PBD@Z 0041c950 f   Dlgcode.obj
 0001:0001bac0       ?GetWindowsEdition@@YA?AV?$basic_string@DU?$char_traits@D@std@@V?$allocator@D@2@@std@@XZ 0041cac0 f   Dlgcode.obj
 0001:0001c1d0       ?GetWrongPasswordErrorMessage@@YA?AV?$basic_string@_WU?$char_traits@_W@std@@V?$allocator@_W@2@@std@@PAUHWND__@@@Z 0041d1d0 f   Dlgcode.obj
[...]
 0003:000018c0       ?tokpath@?1??mkfulldir_internal@@9@9 004658c0     Dir.obj
 0003:000019c8       ?trail@?1??mkfulldir_internal@@9@9 004659c8     Dir.obj
 0003:00001e38       ?RestPtInfo@?1??SetSystemRestorePoint@@YAXPAUHWND__@@H@Z@4U_RESTOREPTINFOA@@A 00465e38     Setup.obj
 0003:00001e88       ?SMgrStatus@?1??SetSystemRestorePoint@@YAXPAUHWND__@@H@Z@4U_SMGRSTATUS@@A 00465e88     Setup.obj
 0003:00001e94       ?failed@?1??SetSystemRestorePoint@@YAXPAUHWND__@@H@Z@4HA 00465e94     Setup.obj
 0003:00001e98       ?_SRSetRestorePoint@?1??SetSystemRestorePoint@@YAXPAUHWND__@@H@Z@4P6GHPAU_RESTOREPTINFOA@@PAU_SMGRSTATUS@@@ZA 00465e98     Setup.obj
 0003:000021f0       ?hDonTextFont@@3PAUHFONT__@@A 004661f0     Wizard.obj
 0003:000021f4       ?OsPrngAvailable@@3HA      004661f4     Wizard.obj
 0003:000021f8       ?hCryptProv@@3KA           004661f8     Wizard.obj
 0003:000021fc       ?DonColorSchemeId@@3HA     004661fc     Wizard.obj
 0003:00002200       ?DonTextColor@@3KA         00466200     Wizard.obj
 0003:00002204       ?DonBkgColor@@3KA          00466204     Wizard.obj
 0003:00002208       ?prngInitialized@?1??GetDonVal@@YAHHH@Z@4HA 00466208     Wizard.obj
 0003:0000220c       ?buffer@?1??GetDonVal@@YAHHH@Z@4PAEA 0046620c     Wizard.obj
 0003:00002210       ?PageDebugId@?1??PageDialogProc@@9@16@4PADA 00466210     Wizard.obj
 0003:000022b4       ?IntKeyMap@@3V?$map@HPAXU?$less@H@std@@V?$allocator@U?$pair@$$CBHPAX@std@@@2@@std@@A 004662b4     Dictionary.obj
 0003:000022bc       ?StringKeyMap@@3V?$map@V?$basic_string@DU?$char_traits@D@std@@V?$allocator@D@2@@std@@PAXU?$less@V?$basic_string@DU?$char_traits@D@std@@V?$allocator@D@2@@std@@@2@V?$allocator@U?$pair@$$CBV?$basic_string@DU?$char_traits@D@std@@V?$allocator@D@2@@std@@PAX@std@@@2@@std@@A 004662bc     Dictionary.obj
 0003:000022c4       ?DataPool@@3PAXA           004662c4     Dictionary.obj
 0003:000022c8       ?DataPoolSize@@3IA         004662c8     Dictionary.obj
 0003:000028d4       ?ConfigFileHandle@@3PAU_iobuf@@A 004668d4     Dlgcode.obj
 0003:000028d8       ?StaticModelessWaitDlgHandle@@3PAUHWND__@@A 004668d8     Dlgcode.obj
 0003:000028dc       ?SelectMultipleFilesOffset@@3HA 004668dc     Dlgcode.obj
 0003:000028e0       ?SelectMultipleFilesPath@@3PADA 004668e0     Dlgcode.obj
 0003:000228e0       ?explorerCloseSent@@3HA    004868e0     Dlgcode.obj
 0003:000228e4       ?explorerTopLevelWindow@@3PAUHWND__@@A 004868e4     Dlgcode.obj
 0003:000228f0       ?hbmTextualLogoBitmapRescaled@?1??AboutDlgProc@@9@16@4PAUHBITMAP__@@A 004868f0     Dlgcode.obj
 0003:000228f4       ?aboutMenuAppended@?1??InitDialog@@9@4HA 004868f4     Dlgcode.obj
 0003:000228f8       ?hcWait@?1??WaitCursor@@9@4PAUHICON__@@A 004868f8     Dlgcode.obj
 0003:000228fc       ?hcArrow@?1??NormalCursor@@9@4PAUHICON__@@A 004868fc     Dlgcode.obj
 0003:00022900       ?hcArrowWait@?1??ArrowWaitCursor@@9@4PAUHICON__@@A 00486900     Dlgcode.obj
 0003:00022904       ?hcHand@?1??HandCursor@@9@4PAUHICON__@@A 00486904     Dlgcode.obj
 0003:00022908       ?codeEnd@?1??IsReturnAddress@@YAH_K@Z@4IA 00486908     Dlgcode.obj
 0003:0002290c       ?resource@?1??GetLegalNotices@@9@4PADA 0048690c     Dlgcode.obj
 0003:00022910       ?size@?1??GetLegalNotices@@9@4KA 00486910     Dlgcode.obj
 0003:00022918       ?path@?1??GetConfigPath@@9@4PADA 00486918     Dlgcode.obj
 0003:00022b20       ?path@?1??GetProgramConfigPath@@9@4PADA 00486b20     Dlgcode.obj
 0003:00022d28       ?isWow64@?1??Is64BitOs@@9@4HA 00486d28     Dlgcode.obj
 0003:00022d2c       ?valid@?1??Is64BitOs@@9@4HA 00486d2c     Dlgcode.obj
 0003:00022d30       ?statusCached@?1??IsHiddenOSRunning@@9@4HA 00486d30     Dlgcode.obj
 0003:00022d34       ?hiddenOSRunning@?1??IsHiddenOSRunning@@9@4HA 00486d34     Dlgcode.obj
 0003:00022d38       _LanguageFileBuffer        00486d38     Language.obj
 0003:00022d3c       _PreferredLangId           00486d3c     Language.obj
 0003:00022d44       _LanguageResource          00486d44     Language.obj
 0003:00022d48       _HeaderResource            00486d48     Language.obj
 0003:00022d50       _ActiveLangPackVersion     00486d50     Language.obj
 0003:00022d98       ?initlocks@std@@3V_Init_locks@1@A 00486d98     libcpmt:xlock.obj
 0003:00022da0       ?mtx@std@@3PAU_RTL_CRITICAL_SECTION@@A 00486da0     libcpmt:xlock.obj
 0003:00022e68       _global_locale             00486e68     libcpmt:locale0.obj
 0003:00022e6c       ?_Fac_head@std@@3PAU_Fac_node@1@A 00486e6c     libcpmt:locale0.obj
 0003:00022e84       ?classic_locale@std@@3Vlocale@1@A 00486e84     libcpmt:locale0.obj
 0003:00022e8c       ?_Fac_tidy_reg@std@@3U_Fac_tidy_reg_t@1@B 00486e8c     libcpmt:locale0.obj
 0003:00022e8d       ?registered@?1??_Setgloballocale@locale@std@@CAXPAX@Z@4_NA 00486e8d     libcpmt:locale0.obj
 0003:00022e94       ?stdstr@std@@3PAPAVios_base@1@A 00486e94     libcpmt:ios.obj
 0003:00022ebc       ?stdopens@std@@3PADA       00486ebc     libcpmt:ios.obj
 0003:00022ee8       ?atfuns_cdecl@@3PAP6AXXZA  00486ee8     libcpmt:iosptrs.obj
 0003:00022f10       ?initlocks@std@@3V_Init_locks@1@A 00486f10     libcpmt:iosptrs.obj
 0003:00022f11       ?init_atexit@@3U_Init_atexit@@A 00486f11     libcpmt:iosptrs.obj
 0003:00023040       ?module_local_atexit_table@@3U_onexit_table_t@@A 00487040     LIBCMT:utility.obj
 0003:0002304c       ?module_local_at_quick_exit_table@@3U_onexit_table_t@@A 0048704c     LIBCMT:utility.obj
 0003:00023058       ?is_initialized_as_dll@@3_NA 00487058     LIBCMT:utility.obj
 0003:0002305c       ?_Tss_mutex@@3U_RTL_CRITICAL_SECTION@@A 0048705c     LIBCMT:thread_safe_statics.obj
 0003:00023074       ?_Tss_cv@@3U_RTL_CONDITION_VARIABLE@@A 00487074     LIBCMT:thread_safe_statics.obj
 0003:00023078       ?_Tss_event@@3PAXA         00487078     LIBCMT:thread_safe_statics.obj
 0003:0002307c       ?encoded_sleep_condition_variable_cs@@3P6GHPAU_RTL_CONDITION_VARIABLE@@PAU_RTL_CRITICAL_SECTION@@K@ZA 0048707c     LIBCMT:thread_safe_statics.obj
 0003:00023080       ?encoded_wake_all_condition_variable@@3P6GXPAU_RTL_CONDITION_VARIABLE@@@ZA 00487080     LIBCMT:thread_safe_statics.obj
 0003:00023088       _GS_ExceptionRecord        00487088     LIBCMT:gs_report.obj
 0003:000230d8       _GS_ContextRecord          004870d8     LIBCMT:gs_report.obj
 0003:000233bc       ?module_handles@@3PAPAUHINSTANCE__@@A 004873bc     libvcruntime:winapi_downlevel.obj
 0003:000233cc       ?encoded_function_pointers@@3PAPAXA 004873cc     libvcruntime:winapi_downlevel.obj
 0003:000233f0       ?__vcrt_startup_thread_ptd@@3U__vcrt_ptd@@A 004873f0     libvcruntime:per_thread_data.obj
 0003:0002341c       ___vcrt_lock_table         0048741c     libvcruntime:locks.obj
 0003:00023434       ___vcrt_locks_initialized  00487434     libvcruntime:locks.obj
 0003:00023460       ?heap@@3V_HeapManager@@A   00487460     libvcruntime:undname.obj
 0003:00023474       ___acrt_invalid_parameter_handler 00487474     libucrt:invalid_parameter.obj
 0003:00023478       _c_termination_complete    00487478     libucrt:exit.obj
 0003:0002347c       _thread_local_exit_callback_func 0048747c     libucrt:exit.obj
 0003:00023480       ?c_exit_complete@?5??common_exit@@YAXHW4_crt_exit_cleanup_mode@@W4_crt_exit_return_mode@@@Z@4_NA 00487480     libucrt:exit.obj
 0003:00023498       ___acrt_lock_table         00487498     libucrt:locks.obj
 0003:000235d0       ___acrt_locks_initialized  004875d0     libucrt:locks.obj
 0003:000235d8       ?program_name@?5???$common_configure_argv@D@@YAHW4_crt_argv_mode@@@Z@4PADA 004875d8     libucrt:argv_parsing.obj
 0003:00023708       ___acrt_new_handler        00487708     libucrt:new_handler.obj
 0003:0002370c       ___acrt_app_type           0048770c     libucrt:report_runtime_error.obj
 0003:00023710       _user_matherr              00487710     libucrt:matherr.obj
 0003:00023714       ?empty_string@?1???$common_wincmdln@D@@YAPADXZ@4PADA 00487714     libucrt:argv_winmain.obj
 0003:0002371c       ___acrt_global_new_mode    0048771c     libucrt:new_mode.obj
 0003:00023728       _module_handles            00487728     libucrt:winapi_thunks.obj
 0003:00023778       _encoded_function_pointers 00487778     libucrt:winapi_thunks.obj
 0003:000237f8       ?static_enum_proc@?1??enum_system_locales_ex_nolock@@YAHQ6GHPA_WKJ@Z@Z@4P6GH0KJ@ZA 004877f8     libucrt:winapi_thunks.obj
 0003:000237fc       ?state_cache@?1??__acrt_is_packaged_app@@9@4JA 004877fc     libucrt:winapi_thunks.obj
 0003:00023804       _enable_percent_n          00487804     libucrt:printf_count_output.obj
 0003:00023a14       __pmatherr_set             00487a14     libucrt:libm_error.obj
 0003:00023a1c       _ctrlc_action              00487a1c     libucrt:signal.obj
 0003:00023a20       _ctrlbreak_action          00487a20     libucrt:signal.obj
 0003:00023a24       _abort_action              00487a24     libucrt:signal.obj
 0003:00023a28       _term_action               00487a28     libucrt:signal.obj
 0003:00023a3c       __tzname                   00487a3c     libucrt:timeset.obj
 0003:00023a40       _last_tz                   00487a40     libucrt:tzset.obj
 0003:00023a48       _tz_api_used               00487a48     libucrt:tzset.obj
 0003:00023a50       _tz_info                   00487a50     libucrt:tzset.obj
 0003:00023afc       ?first_time@?1??__tzset@@9@4JA 00487afc     libucrt:tzset.obj
 0003:00023b18       _fSystemSet                00487b18     libucrt:mbctype.obj
 0003:00023b1c       ?initialized@?1??__acrt_initialize_multibyte@@9@4_NA 00487b1c     libucrt:mbctype.obj
 0004:00000000       __guard_fids___beginthread 00491000     libucrt:thread.obj
 0004:00000004       __guard_fids____dcrt_uninitialize_environments_nolock 00491004     libucrt:environment_initialization.obj
 0004:0000000c       __guard_fids__             0049100c     libucrt:initialization.obj
 0004:0000006c       __guard_fids__             0049106c     libucrt:wsetlocale.obj
 0004:00000084       __guard_fids____acrt_initialize_ptd 00491084     libucrt:per_thread_data.obj
 0004:00000088       __guard_fids_??$?RV<lambda_9227be29367c048ad7fd93a717dcb1a1>@@AAV<lambda_a463b7b0560cfcaf9b17f27c6ef46564>@@V<lambda_ccea11b5727ccf69be64f5f5d9a08d9f>@@@?$__crt_seh_guarded_call@H@@QAEH$$QAV<lambda_9227be29367c048ad7fd93a717dcb1a1>@@AAV<lambda_a463b7b0560cfcaf9b17f27c6ef46564>@@$$QAV<lambda_ccea11b5727ccf69be64f5f5d9a08d9f>@@@Z 00491088     libucrt:winapi_thunks.obj
 0004:0000008c       __guard_fids____libm_error_support 0049108c     libucrt:libm_error.obj
 0004:00000090       __guard_fids__             00491090     libucrt:stdio_initializer.obj
 0004:00000094       __guard_fids__             00491094     libucrt:stdio_initializer.obj
 0004:00000098       __guard_fids_??$expand_argument_wildcards@D@@YAHQAD0AAV?$argument_list@D@?A0xb0e4b824@@@Z 00491098     libucrt:argv_wildcards.obj
 0004:0000009c       __guard_fids__             0049109c     libucrt:locale_initializer.obj
 0004:000000a0       __guard_fids__GetLocaleNameFromLangCountry 004910a0     libucrt:get_qualified_locale.obj
 0004:000000a4       __guard_fids__GetLocaleNameFromLanguage 004910a4     libucrt:get_qualified_locale.obj
 0004:000000a8       __guard_fids__GetLcidFromLangCountry 004910a8     libucrt:getqloc_downlevel.obj
 0004:000000ac       __guard_fids__GetLcidFromLanguage 004910ac     libucrt:getqloc_downlevel.obj
 0004:000000b0       __guard_fids__GetLcidFromCountry 004910b0     libucrt:getqloc_downlevel.obj
 0004:000000b4       __guard_fids__             004910b4     libucrt:sse2_initializer.obj
 0004:000000b8       __guard_fids__             004910b8     libucrt:timeset_initializer.obj
 0004:000000bc       __guard_fids__             004910bc     libucrt:multibyte_initializer.obj
 0004:000000c0       __guard_fids__             004910c0     libucrt:console_output_initializer.obj
 0004:000000c4       __guard_fids__             004910c4     libcpmt:xthrow.obj
 0004:000000cc       __guard_fids__             004910cc     libcpmt:xthrow.obj
 0004:000000d4       __guard_fids__             004910d4     libcpmt:xthrow.obj
 0004:000000dc       __guard_fids__             004910dc     libcpmt:xthrow.obj
 0004:000000e0       __guard_fids__             004910e0     libcpmt:xthrow.obj
 0004:000000e4       __guard_fids__             004910e4     libcpmt:xthrow.obj
 0004:000000e8       __guard_fids__             004910e8     libcpmt:xthrow.obj
 0004:000000ec       __guard_fids__             004910ec     libcpmt:xthrow.obj
 0004:000000f0       __guard_fids_??__Einitlocks@std@@YAXXZ 004910f0     libcpmt:xlock.obj
 0004:000000f4       __guard_fids__             004910f4     libcpmt:xlock.obj
 0004:000000f8       __guard_fids_??__E_Fac_tidy_reg@std@@YAXXZ 004910f8     libcpmt:locale0.obj
 0004:000000fc       __guard_fids_?_Setgloballocale@locale@std@@CAXPAX@Z 004910fc     libcpmt:locale0.obj
 0004:00000100       __guard_fids_??__Eclassic_locale@std@@YAXXZ 00491100     libcpmt:locale0.obj
 0004:00000104       __guard_fids__             00491104     libcpmt:locale0.obj
 0004:00000110       __guard_fids__             00491110     libcpmt:locale0.obj
 0004:00000114       __guard_fids__             00491114     libcpmt:locale0.obj
 0004:00000118       __guard_fids_??__Einitlocks@std@@YAXXZ 00491118     libcpmt:iosptrs.obj
 0004:0000011c       __guard_fids_??__Einit_atexit@@YAXXZ 0049111c     libcpmt:iosptrs.obj
 0004:00000120       __guard_fids__             00491120     libcpmt:iosptrs.obj
 0004:00000124       __guard_fids__             00491124     libcpmt:iosptrs.obj
 0004:00000128       __guard_fids__             00491128     libcpmt:winapisupp.obj
 0004:0000012c       __guard_fids__             0049112c     LIBCMT:thread_safe_statics.obj
 0004:00000130       __guard_fids_?__scrt_initialize_thread_safe_statics@@YAHXZ 00491130     LIBCMT:thread_safe_statics.obj
 0004:00000134       __guard_fids__             00491134     LIBCMT:std_type_info_static.obj
 0004:00000138       __guard_fids__             00491138     LIBCMT:exe_winmain.obj
 0004:0000013c       __guard_fids__             0049113c     LIBCMT:exe_winmain.obj
 0004:00000140       __guard_fids__             00491140     LIBCMT:exe_winmain.obj
 0004:00000144       __guard_fids_?pre_c_initialization@@YAHXZ 00491144     LIBCMT:exe_winmain.obj
 0004:0000014c       __guard_fids____scrt_set_unhandled_exception_filter 0049114c     LIBCMT:utility_desktop.obj
 0004:00000150       __guard_fids__             00491150     LIBCMT:throw_bad_alloc.obj
 0004:00000158       __guard_fids__             00491158     LIBCMT:throw_bad_alloc.obj
 0004:0000015c       __guard_fids__             0049115c     LIBCMT:throw_bad_alloc.obj
 0004:00000160       __guard_fids__             00491160     LIBCMT:guard_support.obj
 0004:00000164       __guard_fids__             00491164     libvcruntime:frame.obj
 0004:00000168       __guard_fids__             00491168     libvcruntime:frame.obj
 0004:00000170       __guard_fids__             00491170     libvcruntime:frame.obj
 0004:00000174       __guard_fids__             00491174     libvcruntime:frame.obj
 0004:00000178       __guard_fids____vcrt_initialize_ptd 00491178     libvcruntime:per_thread_data.obj
 0006:00000d70       $R000000                   00493d70     Setup.res
 0006:00000ff8       $R000288                   00493ff8     Setup.res
 0006:00001b58       $R000DE8                   00494b58     Setup.res
 0006:000024e8       $R001778                   004954e8     Setup.res
 0006:00002708       $R001998                   00495708     Setup.res
 0006:00002ae0       $R001D70                   00495ae0     Setup.res
 0006:00002b40       $R001DD0                   00495b40     Setup.res
 0006:00002bf8       $R001E88                   00495bf8     Setup.res
 0006:00002e80       $R002110                   00495e80     Setup.res
 0006:00003070       $R002300                   00496070     Setup.res
 0006:00003150       $R0023E0                   00496150     Setup.res
 0006:000031f0       $R002480                   004961f0     Setup.res
 0006:00003270       $R002500                   00496270     Setup.res
 0006:000037d8       $R002A68                   004967d8     Setup.res
 0006:00003ea0       $R003130                   00496ea0     Setup.res
 0006:00004748       $R0039D8                   00497748     Setup.res
 0006:000055f0       $R004880                   004985f0     Setup.res
 0006:00005630       $R0048C0                   00498630     Setup.res
 0006:00009ad8       $R008D68                   0049cad8     Setup.res
 0006:00009e00       $R009090                   0049ce00     Setup.res
 0006:00009fe0       $R009270                   0049cfe0     Setup.res
 0006:0000a098       $R009328                   0049d098     Setup.res
 0006:0000a198       $R009428                   0049d198     Setup.res
 0006:0000a710       $R0099A0                   0049d710     Setup.res
 0006:0000abb0       $R009E40                   0049dbb0     Setup.res
 0006:0000adb8       $R00A048                   0049ddb8     Setup.res
 0006:0000b118       $R00A3A8                   0049e118     Setup.res
 0006:0000b758       $R00A9E8                   0049e758     Setup.res
 0006:0000b820       $R00AAB0                   0049e820     Setup.res
 0006:0000bbd0       $R00AE60                   0049ebd0     Setup.res
 0006:0000bdb0       $R00B040                   0049edb0     Setup.res
 0006:0000be10       $R00B0A0                   0049ee10     Setup.res
 0006:0000bf28       $R00B1B8                   0049ef28     Setup.res
 0006:0000c0e0       $R00B370                   0049f0e0     Setup.res
 0006:0000c298       $R00B528                   0049f298     Setup.res
 0006:0000c5f8       $R00B888                   0049f5f8     Setup.res
 0006:0000c6d0       $R00B960                   0049f6d0     Setup.res
 0006:0000c8d0       $R00BB60                   0049f8d0     Setup.res
 0006:0000d0d0       $R00C360                   004a00d0     Setup.res
 0006:00011ee8       $R011178                   004a4ee8     Setup.res
 0006:000120e8       $R011378                   004a50e8     Setup.res
 0006:000171b0       $R016440                   004aa1b0     Setup.res
 0006:00054f28       $R0541B8                   004e7f28     Setup.res
 0006:00056de0       $R056070                   004e9de0     Setup.res
 0006:00066730       $R0659C0                   004f9730     Setup.res
 0006:00066858       $R065AE8                   004f9858     Setup.res
 0006:00066dc0       $R066050                   004f9dc0     Setup.res
 0006:00067488       $R066718                   004fa488     Setup.res
 0006:00067d30       $R066FC0                   004fad30     Setup.res
 0006:00068bd8       $R067E68                   004fbbd8     Setup.res
 0006:00068c28       $R067EB8                   004fbc28     Setup.res
 0006:00069190       $R068420                   004fc190     Setup.res
 0006:000696f8       $R068988                   004fc6f8     Setup.res
 0006:00069dc0       $R069050                   004fcdc0     Setup.res
 0006:0006a668       $R0698F8                   004fd668     Setup.res
 0006:0006b510       $R06A7A0                   004fe510     Setup.res
 0006:0006b560       $R06A7F0                   004fe560     Setup.res
 0006:0006bac8       $R06AD58                   004feac8     Setup.res
 0006:0006c030       $R06B2C0                   004ff030     Setup.res
 0006:0006c6f8       $R06B988                   004ff6f8     Setup.res
 0006:0006cfa0       $R06C230                   004fffa0     Setup.res
 0006:0006de48       $R06D0D8                   00500e48     Setup.res
 0006:0006de98       $R06D128                   00500e98     Setup.res
 0006:0006e1c0       $R06D450                   005011c0     Setup.res
 0006:0006fde0       $R06F070                   00502de0     Setup.res
