 gostcrypt

 Timestamp is 5819b236 (Wed Nov 02 10:30:30 2016)

 Preferred load address is 0000000000010000

 Start         Length     Name                   Class
 0001:00000000 000227d5H .text                   CODE
 0001:000227e0 00003b75H .text$s                 CODE
 0001:00026360 0000002dH .text$x                 CODE
 0002:00000000 000002f8H .idata$5                DATA
 0002:00000300 00008538H .rdata                  DATA
 0002:00008838 000000c8H .rdata$debug            DATA
 0002:00008900 00000644H .xdata                  DATA
 0003:00000000 00002920H .data                   DATA
 0003:00002920 00004436H .bss                    DATA
 0004:00000000 00000d44H .pdata                  DATA
 0005:00000000 0000053eH INIT                    CODE
 0005:00000540 0000022eH INIT$s                  CODE
 0005:00000770 00000014H .idata$2                CODE
 0005:00000784 00000014H .idata$3                CODE
 0005:00000798 000002f8H .idata$4                CODE
 0005:00000a90 00000808H .idata$6                CODE
 0006:00000000 00000058H .rsrc$01                DATA
 0006:00000060 00000280H .rsrc$02                DATA

  Address         Publics by Value              Rva+Base               Lib:Object

 0000:00000000       ___safe_se_handler_table   0000000000000000     <absolute>
 0000:00000000       ___safe_se_handler_count   0000000000000000     <absolute>
 0000:00000000       __ImageBase                0000000000010000     <linker-defined>
 0001:00000010       KeGetCurrentThread         0000000000011010 f i drivefilter.obj
 0001:00000020       DbgRaiseAssertionFailure   0000000000011020 f i drivefilter.obj
 0001:00000030       RtlSecureZeroMemory        0000000000011030 f i drivefilter.obj
 0001:00000070       KeGetCurrentIrql           0000000000011070 f i drivefilter.obj
 0001:00000080       KeLowerIrql                0000000000011080 f i drivefilter.obj
 0001:000000d0       KfRaiseIrql                00000000000110d0 f i drivefilter.obj
 0001:00000120       KeInitializeSpinLock       0000000000011120 f i drivefilter.obj
 0001:00000140       PsGetCurrentThread         0000000000011140 f i drivefilter.obj
 0001:00000160       IoGetCurrentIrpStackLocation 0000000000011160 f i drivefilter.obj
 0001:000001d0       IoGetNextIrpStackLocation  00000000000111d0 f i drivefilter.obj
 0001:00000230       IoMarkIrpPending           0000000000011230 f i drivefilter.obj
 0001:00000270       IoSetCompletionRoutine     0000000000011270 f i drivefilter.obj
 0001:000003a0       IoCopyCurrentIrpStackLocationToNext 00000000000113a0 f i drivefilter.obj
 0001:000003f0       IoSkipCurrentIrpStackLocation 00000000000113f0 f i drivefilter.obj
 0001:00000480       KeRaiseIrqlToDpcLevel      0000000000011480 f i drivefilter.obj
 0001:000004a0       LoadBootArguments          00000000000114a0 f   drivefilter.obj
 0001:00000810       DriveFilterAddDevice       0000000000011810 f   drivefilter.obj
 0001:000022b0       DriveFilterDispatchIrp     00000000000132b0 f   drivefilter.obj
 0001:00002470       ReopenBootVolumeHeader     0000000000013470 f   drivefilter.obj
 0001:00003210       StartLegacyHibernationDriverFilter 0000000000014210 f   drivefilter.obj
 0001:00003f70       StartBootEncryptionSetup   0000000000014f70 f   drivefilter.obj
 0001:000040c0       GetBootDriveVolumeProperties 00000000000150c0 f   drivefilter.obj
 0001:00004290       GetBootEncryptionStatus    0000000000015290 f   drivefilter.obj
 0001:000044f0       GetBootLoaderVersion       00000000000154f0 f   drivefilter.obj
 0001:00004580       GetBootEncryptionAlgorithmName 0000000000015580 f   drivefilter.obj
 0001:00004630       GetSetupResult             0000000000015630 f   drivefilter.obj
 0001:00004640       IsBootDriveMounted         0000000000015640 f   drivefilter.obj
 0001:00004680       IsHiddenSystemRunning      0000000000015680 f   drivefilter.obj
 0001:000046c0       GetBootDriveFilterExtension 00000000000156c0 f   drivefilter.obj
 0001:000046d0       GetSystemDriveCryptoInfo   00000000000156d0 f   drivefilter.obj
 0001:000046f0       AbortBootEncryptionSetup   00000000000156f0 f   drivefilter.obj
 0001:00004c20       StartDecoySystemWipe       0000000000015c20 f   drivefilter.obj
 0001:00004da0       GetDecoySystemWipeStatus   0000000000015da0 f   drivefilter.obj
 0001:00004e90       GetDecoySystemWipeResult   0000000000015e90 f   drivefilter.obj
 0001:00004ea0       AbortDecoySystemWipe       0000000000015ea0 f   drivefilter.obj
 0001:00004f10       GetBootDriveLength         0000000000015f10 f   drivefilter.obj
 0001:00004f20       WriteBootDriveSector       0000000000015f20 f   drivefilter.obj
 0001:00004fa0       DumpFilterEntry            0000000000015fa0 f   dumpfilter.obj
 0001:000057d0       InitializeListHead         00000000000167d0 f i encryptedioqueue.obj
 0001:00007840       EncryptedIoQueueAddIrp     0000000000018840 f   encryptedioqueue.obj
 0001:00007940       EncryptedIoQueueHoldWhenIdle 0000000000018940 f   encryptedioqueue.obj
 0001:00007b20       EncryptedIoQueueIsSuspended 0000000000018b20 f   encryptedioqueue.obj
 0001:00007b40       EncryptedIoQueueIsRunning  0000000000018b40 f   encryptedioqueue.obj
 0001:00007b80       EncryptedIoQueueResumeFromHold 0000000000018b80 f   encryptedioqueue.obj
 0001:00007c00       EncryptedIoQueueStart      0000000000018c00 f   encryptedioqueue.obj
 0001:000080b0       EncryptedIoQueueStop       00000000000190b0 f   encryptedioqueue.obj
 0001:00008240       DriverAddDevice            0000000000019240 f   ntdriver.obj
 0001:000083d0       DumpMemory                 00000000000193d0 f   ntdriver.obj
 0001:00008560       ValidateIOBufferSize       0000000000019560 f   ntdriver.obj
 0001:000086c0       GetVirtualVolumeDeviceObject 00000000000196c0 f   ntdriver.obj
 0001:000086f0       GSTDispatchQueueIRP        00000000000196f0 f   ntdriver.obj
 0001:00008cf0       GSTCreateDeviceObject      0000000000019cf0 f   ntdriver.obj
 0001:00009080       RootDeviceControlMutexAcquireNoWait 000000000001a080 f   ntdriver.obj
 0001:000090f0       RootDeviceControlMutexRelease 000000000001a0f0 f   ntdriver.obj
 0001:00009110       ProcessVolumeDeviceControlIrp 000000000001a110 f   ntdriver.obj
 0001:00009f00       ProcessMainDeviceControlIrp 000000000001af00 f   ntdriver.obj
 0001:0000c090       GSTStartThread             000000000001d090 f   ntdriver.obj
 0001:0000c0d0       GSTStartThreadInProcess    000000000001d0d0 f   ntdriver.obj
 0001:0000c270       GSTStopThread              000000000001d270 f   ntdriver.obj
 0001:0000c2d0       GSTStartVolumeThread       000000000001d2d0 f   ntdriver.obj
 0001:0000c520       GSTStopVolumeThread        000000000001d520 f   ntdriver.obj
 0001:0000c5f0       GSTSleep                   000000000001d5f0 f   ntdriver.obj
 0001:0000c690       VolumeThreadProc           000000000001d690 f   ntdriver.obj
 0001:0000caf0       GSTGetNTNameFromNumber     000000000001daf0 f   ntdriver.obj
 0001:0000cbd0       GSTGetDosNameFromNumber    000000000001dbd0 f   ntdriver.obj
 0001:0000ccc0       GSTTranslateCode           000000000001dcc0 f   ntdriver.obj
 0001:0000d590       GSTDeleteDeviceObject      000000000001e590 f   ntdriver.obj
 0001:0000d730       GSTUnloadDriver            000000000001e730 f   ntdriver.obj
 0001:0000d7b0       OnShutdownPending          000000000001e7b0 f   ntdriver.obj
 0001:0000d850       GSTDeviceIoControl         000000000001e850 f   ntdriver.obj
 0001:0000da40       SendDeviceIoControlRequest 000000000001ea40 f   ntdriver.obj
 0001:0000dc60       ProbeRealDriveSize         000000000001ec60 f   ntdriver.obj
 0001:0000de20       GSTOpenFsVolume            000000000001ee20 f   ntdriver.obj
 0001:0000dfc0       GSTCloseFsVolume           000000000001efc0 f   ntdriver.obj
 0001:0000e150       GSTReadDevice              000000000001f150 f   ntdriver.obj
 0001:0000e1a0       GSTWriteDevice             000000000001f1a0 f   ntdriver.obj
 0001:0000e1f0       GSTFsctlCall               000000000001f1f0 f   ntdriver.obj
 0001:0000e330       CreateDriveLink            000000000001f330 f   ntdriver.obj
 0001:0000e3e0       RemoveDriveLink            000000000001f3e0 f   ntdriver.obj
 0001:0000e460       MountManagerMount          000000000001f460 f   ntdriver.obj
 0001:0000e730       MountManagerUnmount        000000000001f730 f   ntdriver.obj
 0001:0000e830       MountDevice                000000000001f830 f   ntdriver.obj
 0001:0000ec20       UnmountDevice              000000000001fc20 f   ntdriver.obj
 0001:0000f000       UnmountAllDevices          0000000000020000 f   ntdriver.obj
 0001:0000f100       SymbolicLinkToTarget       0000000000020100 f   ntdriver.obj
 0001:0000f1f0       RegionsOverlap             00000000000201f0 f   ntdriver.obj
 0001:0000f270       GetIntersection            0000000000020270 f   ntdriver.obj
 0001:0000f350       IsAccessibleByUser         0000000000020350 f   ntdriver.obj
 0001:0000f4a0       UserCanAccessDriveDevice   00000000000204a0 f   ntdriver.obj
 0001:0000f4d0       IsDriveLetterAvailable     00000000000204d0 f   ntdriver.obj
 0001:0000f5a0       GSTCompleteIrp             00000000000205a0 f   ntdriver.obj
 0001:0000f5f0       GSTCompleteDiskIrp         00000000000205f0 f   ntdriver.obj
 0001:0000f660       GetCpuCount                0000000000020660 f   ntdriver.obj
 0001:0000f6f0       EnsureNullTerminatedString 00000000000206f0 f   ntdriver.obj
 0001:0000f770       GSTReadRegistryKey         0000000000020770 f   ntdriver.obj
 0001:0000f940       IsVolumeClassFilterRegistered 0000000000020940 f   ntdriver.obj
 0001:0000fa30       ReadRegistryConfigFlags    0000000000020a30 f   ntdriver.obj
 0001:0000fb70       GetDeviceSectorSize        0000000000020b70 f   ntdriver.obj
 0001:0000fbd0       ZeroUnreadableSectors      0000000000020bd0 f   ntdriver.obj
 0001:0000fd40       ReadDeviceSkipUnreadableSectors 0000000000020d40 f   ntdriver.obj
 0001:0000fe40       IsVolumeAccessibleByCurrentUser 0000000000020e40 f   ntdriver.obj
 0001:0000ff60       IsOSAtLeast                0000000000020f60 f   ntdriver.obj
 0001:000100a0       GSTOpenVolume              00000000000210a0 f   ntvol.obj
 0001:00011ca0       GSTCloseVolume             0000000000022ca0 f   ntvol.obj
 0001:00011e60       COMPLETE_IRP               0000000000022e60 f   ntvol.obj
 0001:00012000       VolumeFilterAddDevice      0000000000023000 f   volumefilter.obj
 0001:00012960       VolumeFilterDispatchIrp    0000000000023960 f   volumefilter.obj
 0001:00012ae0       CipherInit                 0000000000023ae0 f   Common:crypto.obj
 0001:00012b50       EncipherBlock              0000000000023b50 f   Common:crypto.obj
 0001:00012bd0       EncipherBlocks             0000000000023bd0 f   Common:crypto.obj
 0001:00012c50       DecipherBlock              0000000000023c50 f   Common:crypto.obj
 0001:00012cd0       DecipherBlocks             0000000000023cd0 f   Common:crypto.obj
 0001:00012d50       CipherGet                  0000000000023d50 f   Common:crypto.obj
 0001:00012dc0       CipherGetName              0000000000023dc0 f   Common:crypto.obj
 0001:00012de0       CipherGetBlockSize         0000000000023de0 f   Common:crypto.obj
 0001:00012e00       CipherGetKeySize           0000000000023e00 f   Common:crypto.obj
 0001:00012e20       CipherGetKeyScheduleSize   0000000000023e20 f   Common:crypto.obj
 0001:00012e40       CipherSupportsIntraDataUnitParallelization 0000000000023e40 f   Common:crypto.obj
 0001:00012e50       XorKeySchedule             0000000000023e50 f   Common:crypto.obj
 0001:00012f00       EAGetFirst                 0000000000023f00 f   Common:crypto.obj
 0001:00012f10       EAGetNext                  0000000000023f10 f   Common:crypto.obj
 0001:00012f50       EAInit                     0000000000023f50 f   Common:crypto.obj
 0001:00013020       EAInitMode                 0000000000024020 f   Common:crypto.obj
 0001:000130d0       EAGetName                  00000000000240d0 f   Common:crypto.obj
 0001:000131f0       EAGetKeySize               00000000000241f0 f   Common:crypto.obj
 0001:00013260       EAGetFirstMode             0000000000024260 f   Common:crypto.obj
 0001:00013280       EAGetNextMode              0000000000024280 f   Common:crypto.obj
 0001:00013300       EAGetKeyScheduleSize       0000000000024300 f   Common:crypto.obj
 0001:00013370       EAGetLargestKeyForMode     0000000000024370 f   Common:crypto.obj
 0001:000133e0       EAGetFirstCipher           00000000000243e0 f   Common:crypto.obj
 0001:00013400       EAGetLastCipher            0000000000024400 f   Common:crypto.obj
 0001:00013470       EAGetNextCipher            0000000000024470 f   Common:crypto.obj
 0001:000134f0       EAGetPreviousCipher        00000000000244f0 f   Common:crypto.obj
 0001:000135a0       EAIsModeSupported          00000000000245a0 f   Common:crypto.obj
 0001:00013600       crypto_open                0000000000024600 f   Common:crypto.obj
 0001:00013660       crypto_loadkey             0000000000024660 f   Common:crypto.obj
 0001:00013700       crypto_close               0000000000024700 f   Common:crypto.obj
 0001:00013780       EncryptBuffer              0000000000024780 f   Common:crypto.obj
 0001:000139b0       EncryptDataUnits           00000000000249b0 f   Common:crypto.obj
 0001:00013a00       EncryptDataUnitsCurrentThread 0000000000024a00 f   Common:crypto.obj
 0001:00013bf0       DecryptBuffer              0000000000024bf0 f   Common:crypto.obj
 0001:00013e70       DecryptDataUnits           0000000000024e70 f   Common:crypto.obj
 0001:00013ec0       DecryptDataUnitsCurrentThread 0000000000024ec0 f   Common:crypto.obj
 0001:00014110       GetMaxPkcs5OutSize         0000000000025110 f   Common:crypto.obj
 0001:000141a0       EnableHwEncryption         00000000000251a0 f   Common:crypto.obj
 0001:000141b0       IsHwEncryptionEnabled      00000000000251b0 f   Common:crypto.obj
 0001:000141e0       GetCrc32                   00000000000251e0 f   Common:crc.obj
 0001:00014260       crc32_selftests            0000000000025260 f   Common:crc.obj
 0001:00014340       GetHeaderField16           0000000000025340 f   Common:volumes.obj
 0001:00014370       GetHeaderField32           0000000000025370 f   Common:volumes.obj
 0001:000143a0       GetHeaderField64           00000000000253a0 f   Common:volumes.obj
 0001:000143e0       ReadVolumeHeader           00000000000253e0 f   Common:volumes.obj
 0001:00015550       GetWipePassCount           0000000000026550 f   Common:wipe.obj
 0001:000155d0       WipeBuffer                 00000000000265d0 f   Common:wipe.obj
 0001:000156a0       ReadVolumeHeaderWCache     00000000000266a0 f   Common:cache.obj
 0001:00015870       AddPasswordToCache         0000000000026870 f   Common:cache.obj
 0001:00015930       WipeCache                  0000000000026930 f   Common:cache.obj
 0001:000159b0       TestSectorBufEncryption    00000000000269b0 f   Common:tests.obj
 0001:000160f0       TestLegacySectorBufEncryption 00000000000270f0 f   Common:tests.obj
 0001:000164b0       AutoTestAlgorithms         00000000000274b0 f   Common:tests.obj
 0001:00016510       test_hmac_whirlpool        0000000000027510 f   Common:tests.obj
 0001:000165c0       test_hmac_gosthash         00000000000275c0 f   Common:tests.obj
 0001:00016650       test_hmac_stribog          0000000000027650 f   Common:tests.obj
 0001:000166f0       test_pkcs5                 00000000000276f0 f   Common:tests.obj
 0001:000168c0       ExInitializeFastMutex      00000000000278c0 f i Common:encryptionthreadpool.obj
 0001:00016cf0       EncryptionThreadPoolStart  0000000000027cf0 f   Common:encryptionthreadpool.obj
 0001:00016ea0       EncryptionThreadPoolStop   0000000000027ea0 f   Common:encryptionthreadpool.obj
 0001:00016f40       EncryptionThreadPoolBeginKeyDerivation 0000000000027f40 f   Common:encryptionthreadpool.obj
 0001:000170f0       EncryptionThreadPoolDoWork 00000000000280f0 f   Common:encryptionthreadpool.obj
 0001:00017460       GetEncryptionThreadCount   0000000000028460 f   Common:encryptionthreadpool.obj
 0001:00017490       IsEncryptionThreadPoolRunning 0000000000028490 f   Common:encryptionthreadpool.obj
 0001:000174a0       MirrorBytes16              00000000000284a0 f   Common:endian.obj
 0001:000174c0       MirrorBytes32              00000000000284c0 f   Common:endian.obj
 0001:00017530       MirrorBytes64              0000000000028530 f   Common:endian.obj
 0001:00017640       EncryptBufferXTS           0000000000028640 f   Common:xts.obj
 0001:000176f0       EncryptBufferXTS8Byte      00000000000286f0 f   Common:xts.obj
 0001:000185e0       DecryptBufferXTS           00000000000295e0 f   Common:xts.obj
 0001:00018690       DecryptBufferXTS8Byte      0000000000029690 f   Common:xts.obj
 0001:00019580       hmac_truncate              000000000002a580 f   Common:pkcs5.obj
 0001:000195e0       hmac_whirlpool             000000000002a5e0 f   Common:pkcs5.obj
 0001:00019b80       derive_u_whirlpool         000000000002ab80 f   Common:pkcs5.obj
 0001:00019e20       derive_key_whirlpool       000000000002ae20 f   Common:pkcs5.obj
 0001:0001a040       hmac_gosthash              000000000002b040 f   Common:pkcs5.obj
 0001:0001a4f0       derive_u_gosthash          000000000002b4f0 f   Common:pkcs5.obj
 0001:0001a780       derive_key_gosthash        000000000002b780 f   Common:pkcs5.obj
 0001:0001a960       hmac_stribog               000000000002b960 f   Common:pkcs5.obj
 0001:0001ae10       derive_u_stribog           000000000002be10 f   Common:pkcs5.obj
 0001:0001b0a0       derive_key_stribog         000000000002c0a0 f   Common:pkcs5.obj
 0001:0001b2c0       get_pkcs5_iteration_count  000000000002c2c0 f   Common:pkcs5.obj
 0001:0001b330       S                          000000000002c330 f   Crypto:grasshoppercipher.obj
 0001:0001b5c0       S_inv                      000000000002c5c0 f   Crypto:grasshoppercipher.obj
 0001:0001b850       ll                         000000000002c850 f   Crypto:grasshoppercipher.obj
 0001:0001baf0       R                          000000000002caf0 f   Crypto:grasshoppercipher.obj
 0001:0001bc20       R_inv                      000000000002cc20 f   Crypto:grasshoppercipher.obj
 0001:0001bd40       L                          000000000002cd40 f   Crypto:grasshoppercipher.obj
 0001:0001be00       L_inv                      000000000002ce00 f   Crypto:grasshoppercipher.obj
 0001:0001bec0       F                          000000000002cec0 f   Crypto:grasshoppercipher.obj
 0001:0001c000       grasshopper_set_key        000000000002d000 f   Crypto:grasshoppercipher.obj
 0001:0001c7d0       grasshopper_encrypt        000000000002d7d0 f   Crypto:grasshoppercipher.obj
 0001:0001cd30       grasshopper_decrypt        000000000002dd30 f   Crypto:grasshoppercipher.obj
 0001:0001d290       grasshopper_xor_ks         000000000002e290 f   Crypto:grasshoppercipher.obj
 0001:0001db40       changeEndian               000000000002eb40 f   Crypto:grasshoppercipher.obj
 0001:0001def0       gost_encrypt               000000000002eef0 f   Crypto:gostcipher.obj
 0001:0001e420       gost_decrypt               000000000002f420 f   Crypto:gostcipher.obj
 0001:0001e950       gost_set_key               000000000002f950 f   Crypto:gostcipher.obj
 0001:0001eda0       gost_xor_ks                000000000002fda0 f   Crypto:gostcipher.obj
 0001:0001fac0       GOSTHASH_init              0000000000030ac0 f   Crypto:gosthash.obj
 0001:0001fde0       GOSTHASH_add               0000000000030de0 f   Crypto:gosthash.obj
 0001:00020000       GOSTHASH_finalize          0000000000031000 f   Crypto:gosthash.obj
 0001:000215d0       WHIRLPOOL_init             00000000000325d0 f   Crypto:whirlpool.obj
 0001:00021650       WHIRLPOOL_add              0000000000032650 f   Crypto:whirlpool.obj
 0001:000219a0       WHIRLPOOL_finalize         00000000000329a0 f   Crypto:whirlpool.obj
 0001:00022040       g_N                        0000000000033040 f   Crypto:stribog.obj
 0001:00022100       STRIBOG_init               0000000000033100 f   Crypto:stribog.obj
 0001:00022140       STRIBOG_add                0000000000033140 f   Crypto:stribog.obj
 0001:00022400       STRIBOG_finalize           0000000000033400 f   Crypto:stribog.obj
 0001:00022600       __security_check_cookie    0000000000033600 f   BufferOverflowK:amdsecgs.obj
 0001:00022628       __report_gsfailure         0000000000033628 f   BufferOverflowK:gs_report.obj
 0001:00022656       DbgPrint                   0000000000033656 f   ntoskrnl:ntoskrnl.exe
 0001:00022670       memcmp                     0000000000033670 f   ntoskrnl:memcmp.obj
 0001:0002273e       __C_specific_handler       000000000003373e f   ntoskrnl:ntoskrnl.exe
 0001:0002274c       __GSHandlerCheckCommon     000000000003374c f   sehupd:gshandler.obj
 0001:000227b8       __GSHandlerCheck           00000000000337b8 f   sehupd:gshandler.obj
 0001:000227e0       ??_C@_0CF@LIHGPBLF@c?3?2winddk?27600?416385?41?2inc?2ddk?2w@FNODOBFM@ 00000000000337e0     drivefilter.obj
 0001:00022810       ??_C@_0CM@LOONDNKF@Irp?9?$DOCurrentLocation?5?$DM?$DN?5Irp?9?$DOSta@FNODOBFM@ 0000000000033810     drivefilter.obj
 0001:00022840       ??_C@_0BJ@HKMILGM@Irp?9?$DOCurrentLocation?5?$DO?50?$AA@FNODOBFM@ 0000000000033840     drivefilter.obj
 0001:00022860       ??_C@_0FK@JAEDPCKJ@?$CIInvokeOnSuccess?5?$HM?$HM?5InvokeOnErro@FNODOBFM@ 0000000000033860     drivefilter.obj
 0001:000228c0       ??_C@_0CI@HDMHMCGD@Irp?9?$DOCurrentLocation?5?$DM?$DN?5Irp?9?$DOSta@FNODOBFM@ 00000000000338c0     drivefilter.obj
 0001:000228f0       ??_C@_0CA@ILBJGGPO@Checking?5BootArguments?5at?50x?$CFx?6?$AA@FNODOBFM@ 00000000000338f0     drivefilter.obj
 0001:00022910       ??_C@_0BN@JFNHMJPM@BootArguments?5found?5at?50x?$CFx?6?$AA@FNODOBFM@ 0000000000033910     drivefilter.obj
 0001:00022930       ??_C@_0BN@NBHIKKLK@BootArguments?5CRC?5incorrect?6?$AA@FNODOBFM@ 0000000000033930     drivefilter.obj
 0001:00022950       ??_C@_0BI@NEHGCDJA@BootLoaderVersion?5?$DN?5?$CFx?6?$AA@FNODOBFM@ 0000000000033950     drivefilter.obj
 0001:00022970       ??_C@_0BG@PNJAPAAK@HeaderSaltCrc32?5?$DN?5?$CFx?6?$AA@FNODOBFM@ 0000000000033970     drivefilter.obj
 0001:00022990       ??_C@_0BH@DOJHKKND@CryptoInfoOffset?5?$DN?5?$CFx?6?$AA@FNODOBFM@ 0000000000033990     drivefilter.obj
 0001:000229b0       ??_C@_0BH@OFNGPMHI@CryptoInfoLength?5?$DN?5?$CFd?6?$AA@FNODOBFM@ 00000000000339b0     drivefilter.obj
 0001:000229d0       ??_C@_0CE@JLLKOMJD@HiddenSystemPartitionStart?5?$DN?5?$CFI6@FNODOBFM@ 00000000000339d0     drivefilter.obj
 0001:00022a00       ??_C@_0CD@BAEBNNNN@DecoySystemPartitionStart?5?$DN?5?$CFI64@FNODOBFM@ 0000000000033a00     drivefilter.obj
 0001:00022a30       ??_C@_0M@KEDLLGKK@Flags?5?$DN?5?$CFx?6?$AA@FNODOBFM@ 0000000000033a30     drivefilter.obj
 0001:00022a40       ??_C@_0BJ@DENLEODJ@BootDriveSignature?5?$DN?5?$CFx?6?$AA@FNODOBFM@ 0000000000033a40     drivefilter.obj
 0001:00022a60       ??_C@_0BJ@FBGGCCGI@BootArgumentsCrc32?5?$DN?5?$CFx?6?$AA@FNODOBFM@ 0000000000033a60     drivefilter.obj
 0001:00022a80       ??_C@_0BN@FJJFAJFG@DriveFilterAddDevice?5pdo?$DN?$CFp?6?$AA@FNODOBFM@ 0000000000033a80     drivefilter.obj
 0001:00022aa0       ??_C@_0BD@EAAMLHLJ@Dismounting?5drive?6?$AA@FNODOBFM@ 0000000000033aa0     drivefilter.obj
 0001:00022ac0       ??_C@_0JI@OLKOIMOH@c?3?2users?2alexis?2desktop?2sources_@FNODOBFM@ 0000000000033ac0     drivefilter.obj
 0001:00022b60       ??_C@_0BI@ONACDOIC@Extension?9?$DODriveMounted?$AA@FNODOBFM@ 0000000000033b60     drivefilter.obj
 0001:00022b80       ??_C@_0BD@JFDPBFDA@MountDrive?5pdo?$DN?$CFp?6?$AA@FNODOBFM@ 0000000000033b80     drivefilter.obj
 0001:00022ba0       ??_C@_0CE@KKOENIAD@KeGetCurrentIrql?$CI?$CJ?5?$DN?$DN?5PASSIVE_LE@FNODOBFM@ 0000000000033ba0     drivefilter.obj
 0001:00022bd0       ??_C@_0CA@JLOPIPKN@Reading?5volume?5header?5at?5?$CFI64u?6?$AA@FNODOBFM@ 0000000000033bd0     drivefilter.obj
 0001:00022bf0       ??_C@_0BI@CNAIBCGO@GSTReadDevice?5error?5?$CFx?6?$AA@FNODOBFM@ 0000000000033bf0     drivefilter.obj
 0001:00022c10       ??_C@_0BC@LMOOMJMK@Header?5decrypted?6?$AA@FNODOBFM@ 0000000000033c10     drivefilter.obj
 0001:00022c30       ??_C@_0CE@ONLIABPH@Hidden?5volume?5start?5offset?5?$DN?5?$CFI6@FNODOBFM@ 0000000000033c30     drivefilter.obj
 0001:00022c60       ??_C@_0BM@GBKCGBDB@RemappedAreaOffset?5?$DN?5?$CFI64d?6?$AA@FNODOBFM@ 0000000000033c60     drivefilter.obj
 0001:00022c80       ??_C@_0CE@NLPFMAEC@RemappedAreaDataUnitOffset?5?$DN?5?$CFI6@FNODOBFM@ 0000000000033c80     drivefilter.obj
 0001:00022cb0       ??_C@_0FO@PAPPJPK@Loaded?3?5ConfiguredEncryptedAreaS@FNODOBFM@ 0000000000033cb0     drivefilter.obj
 0001:00022d10       ??_C@_0EK@PHFABMCK@Loaded?3?5EncryptedAreaStart?$DN?$CFI64d@FNODOBFM@ 0000000000033d10     drivefilter.obj
 0001:00022d60       ??_C@_0BF@DFBDNCBE@Wiping?5memory?5?$CFx?5?$CFd?6?$AA@FNODOBFM@ 0000000000033d60     drivefilter.obj
 0001:00022d80       ??_C@_0CH@LNDECHEL@Failed?5to?5get?5drive?5number?5?9?5err@FNODOBFM@ 0000000000033d80     drivefilter.obj
 0001:00022db0       ??_C@_0CH@IHPMFJGA@Failed?5to?5get?5drive?5length?5?9?5err@FNODOBFM@ 0000000000033db0     drivefilter.obj
 0001:00022de0       ??_C@_0BG@CKLJIMPP@Header?5not?5decrypted?6?$AA@FNODOBFM@ 0000000000033de0     drivefilter.obj
 0001:00022e00       ??_C@_0BH@OKCIAKOB@GSTReadDevice?5error?5?$CFx?$AA@FNODOBFM@ 0000000000033e00     drivefilter.obj
 0001:00022e20       ??_C@_0FO@BIDJBKJB@Saving?3?5ConfiguredEncryptedAreaS@FNODOBFM@ 0000000000033e20     drivefilter.obj
 0001:00022e80       ??_C@_0EK@MOIFFFBD@Saving?3?5EncryptedAreaStart?$DN?$CFI64d@FNODOBFM@ 0000000000033e80     drivefilter.obj
 0001:00022ed0       ??_C@_0BF@DGHCICOF@Header?5not?5decrypted?$AA@FNODOBFM@ 0000000000033ed0     drivefilter.obj
 0001:00022ef0       ??_C@_0BI@IEKOAEOL@GSTWriteDevice?5error?5?$CFx?$AA@FNODOBFM@ 0000000000033ef0     drivefilter.obj
 0001:00022f10       ??_C@_0BP@NOBPEAIN@Drive?5and?5volume?5merged?5pdo?$DN?$CFp?$AA@FNODOBFM@ 0000000000033f10     drivefilter.obj
 0001:00022f30       ??_C@_0BM@EOGIDBIC@IRP_MN_START_DEVICE?5pdo?$DN?$CFp?6?$AA@FNODOBFM@ 0000000000033f30     drivefilter.obj
 0001:00022f50       ??_C@_0CK@HDNODHHC@IRP_MN_DEVICE_USAGE_NOTIFICATION@FNODOBFM@ 0000000000033f50     drivefilter.obj
 0001:00022f80       ??_C@_0BJ@ECOGMEFG@Preventing?5dump?5type?$DN?$CFd?6?$AA@FNODOBFM@ 0000000000033f80     drivefilter.obj
 0001:00022fa0       ??_C@_0BN@GINPCIAN@IRP_MN_REMOVE_DEVICE?5pdo?$DN?$CFp?6?$AA@FNODOBFM@ 0000000000033fa0     drivefilter.obj
 0001:00022fc0       ??_C@_0CL@JHMIFAKG@IRP_MJ_POWER?5minor?$DN?$CFd?5type?$DN?$CFd?5sh@FNODOBFM@ 0000000000033fc0     drivefilter.obj
 0001:00022ff0       ??_C@_0DK@ECCPCMLD@?$CBExtension?9?$DObRootDevice?5?$CG?$CG?5Exten@FNODOBFM@ 0000000000033ff0     drivefilter.obj
 0001:00023030       ??_C@_0BB@DLMCDLIB@Header?5reopened?6?$AA@FNODOBFM@ 0000000000034030     drivefilter.obj
 0001:00023050       ??_C@_0BF@GFCPIAML@Header?5not?5reopened?6?$AA@FNODOBFM@ 0000000000034050     drivefilter.obj
 0001:00023070       ??_C@_0BN@EAICPFDC@Filtering?5WriteFunctionA?5?$CFd?6?$AA@FNODOBFM@ 0000000000034070     drivefilter.obj
 0001:00023090       ??_C@_0BN@MGBGIHJM@Filtering?5WriteFunctionB?5?$CFd?6?$AA@FNODOBFM@ 0000000000034090     drivefilter.obj
 0001:000230b0       ??_C@_1M@IMEHFNOE@?$AAh?$AAi?$AAb?$AAe?$AAr?$AA?$AA@FNODOBFM@ 00000000000340b0     drivefilter.obj
 0001:000230c0       ??_C@_1M@JEHGIGBM@?$AAH?$AAi?$AAb?$AAe?$AAr?$AA?$AA@FNODOBFM@ 00000000000340c0     drivefilter.obj
 0001:000230d0       ??_C@_1M@IFMDENJC@?$AAH?$AAI?$AAB?$AAE?$AAR?$AA?$AA@FNODOBFM@ 00000000000340d0     drivefilter.obj
 0001:000230e0       ??_C@_0BJ@CFHEDMMF@?$CBIsOSAtLeast?5?$CIWIN_VISTA?$CJ?$AA@FNODOBFM@ 00000000000340e0     drivefilter.obj
 0001:00023100       ??_C@_0P@MEMLEIEJ@Encrypting?4?4?4?6?$AA@FNODOBFM@ 0000000000034100     drivefilter.obj
 0001:00023110       ??_C@_0P@DCAIKIEM@Decrypting?4?4?4?6?$AA@FNODOBFM@ 0000000000034110     drivefilter.obj
 0001:00023120       ??_C@_0BK@NLGNMKFH@EncryptedAreaStart?$DN?$CFI64d?6?$AA@FNODOBFM@ 0000000000034120     drivefilter.obj
 0001:00023140       ??_C@_0BI@NGOBDECI@EncryptedAreaEnd?$DN?$CFI64d?6?$AA@FNODOBFM@ 0000000000034140     drivefilter.obj
 0001:00023160       ??_C@_0CE@PHJPGEOK@ConfiguredEncryptedAreaStart?$DN?$CFI6@FNODOBFM@ 0000000000034160     drivefilter.obj
 0001:00023190       ??_C@_0CC@FCINBIJC@ConfiguredEncryptedAreaEnd?$DN?$CFI64d@FNODOBFM@ 0000000000034190     drivefilter.obj
 0001:000231c0       ??_C@_0O@CPDGLKAG@offset?$DN?$CFI64d?6?$AA@FNODOBFM@ 00000000000341c0     drivefilter.obj
 0001:000231d0       ??_C@_0DK@GDPNMFEK@EncryptedAreaStart?$DN?$CFI64d?5?$CI?$CFI64d?$CJ@FNODOBFM@ 00000000000341d0     drivefilter.obj
 0001:00023210       ??_C@_0CG@LCCCLOOH@GSTReadDevice?5error?5?$CFx?5?5offset?$DN?$CF@FNODOBFM@ 0000000000034210     drivefilter.obj
 0001:00023240       ??_C@_0BJ@MNLDHNHO@GSTWriteDevice?5error?5?$CFx?6?$AA@FNODOBFM@ 0000000000034240     drivefilter.obj
 0001:00023260       ??_C@_0BE@IDPHHPHP@NT_SUCCESS?5?$CIstatus?$CJ?$AA@FNODOBFM@ 0000000000034260     drivefilter.obj
 0001:00023280       ??_C@_0FE@OKPCPDJI@Setup?5completed?3?5?5EncryptedAreaS@FNODOBFM@ 0000000000034280     drivefilter.obj
 0001:000232e0       ??_C@_0CM@PJEGGJLG@Wiping?5decoy?5system?3?5?5start?5offs@FNODOBFM@ 00000000000342e0     drivefilter.obj
 0001:00023310       ??_C@_0DB@OHMKNOCN@Wipe?5end?3?5DecoySystemWipedAreaEn@FNODOBFM@ 0000000000034310     drivefilter.obj
 0001:00023350       ??_C@_0BJ@DKEIHACK@DumpFilterEntry?5type?$DN?$CFd?6?$AA@FNODOBFM@ 0000000000034350     dumpfilter.obj
 0001:00023370       ??_C@_1CE@LFEKNJLC@?$AA?2?$AAD?$AAe?$AAv?$AAi?$AAc?$AAe?$AA?2?$AAG?$AAo?$AAs?$AAt?$AAC?$AAr?$AAy?$AAp?$AAt?$AA?$AA@FNODOBFM@ 0000000000034370     dumpfilter.obj
 0001:000233a0       ??_C@_0BM@NIHDEFIH@Dump?5filter?5loaded?5type?$DN?$CFd?6?$AA@FNODOBFM@ 00000000000343a0     dumpfilter.obj
 0001:000233c0       ??_C@_0BK@MPDBPBLL@DumpFilterEntry?5error?5?$CFx?6?$AA@FNODOBFM@ 00000000000343c0     dumpfilter.obj
 0001:000233e0       ??_C@_0BJ@IKOJIFKO@DumpFilterStart?5type?$DN?$CFd?6?$AA@FNODOBFM@ 00000000000343e0     dumpfilter.obj
 0001:00023400       ??_C@_0BK@EIOFNLAN@DumpFilterFinish?5type?$DN?$CFd?6?$AA@FNODOBFM@ 0000000000034400     dumpfilter.obj
 0001:00023420       ??_C@_0BK@LHLJKEKP@DumpFilterUnload?5type?$DN?$CFd?6?$AA@FNODOBFM@ 0000000000034420     dumpfilter.obj
 0001:00023440       ??_C@_0JN@NJGKKPMF@c?3?2users?2alexis?2desktop?2sources_@FNODOBFM@ 0000000000034440     encryptedioqueue.obj
 0001:000234e0       ??_C@_0O@FECNDOKE@buffer?9?$DOInUse?$AA@FNODOBFM@ 00000000000344e0     encryptedioqueue.obj
 0001:000234f0       ??_C@_0CG@COCFEEEN@?$CBbuffer?9?$DOInUse?5?$HM?$HM?5queue?9?$DOStartPe@FNODOBFM@ 00000000000344f0     encryptedioqueue.obj
 0001:00023520       ??_C@_0GC@JKEACOCL@request?9?$DOEncryptedOffset?5?$CL?5reque@FNODOBFM@ 0000000000034520     encryptedioqueue.obj
 0001:00023590       ??_C@_0EP@IGAPPBIF@Hidden?5volume?5protection?5trigger@FNODOBFM@ 0000000000034590     encryptedioqueue.obj
 0001:000235e0       ??_C@_0DJ@KOLNOKOK@Preventing?5write?5to?5the?5system?5e@FNODOBFM@ 00000000000345e0     encryptedioqueue.obj
 0001:00023620       ??_C@_0DI@GBCOIBFH@Preventing?5write?5to?5boot?5loader?5@FNODOBFM@ 0000000000034620     encryptedioqueue.obj
 0001:00023660       ??_C@_0CB@JMNJFHBF@STATUS_DEVICE_NOT_READY?5?5out?$DN?$CFd?6@FNODOBFM@ 0000000000034660     encryptedioqueue.obj
 0001:00023690       ??_C@_0BC@DPKEMNCN@?$CBqueue?9?$DOSuspended?$AA@FNODOBFM@ 0000000000034690     encryptedioqueue.obj
 0001:000236b0       ??_C@_0BB@CDEEPNAM@queue?9?$DOSuspended?$AA@FNODOBFM@ 00000000000346b0     encryptedioqueue.obj
 0001:000236d0       ??_C@_0P@IPONPJEA@Queue?5started?6?$AA@FNODOBFM@ 00000000000346d0     encryptedioqueue.obj
 0001:000236e0       ??_C@_0BE@PAKNKFEC@?$CBqueue?9?$DOStopPending?$AA@FNODOBFM@ 00000000000346e0     encryptedioqueue.obj
 0001:00023700       ??_C@_0BI@FIKKAEEK@Queue?5stopping?5?5out?$DN?$CFd?6?$AA@FNODOBFM@ 0000000000034700     encryptedioqueue.obj
 0001:00023720       ??_C@_0BH@LHJJPAN@Queue?5stopped?5?5out?$DN?$CFd?6?$AA@FNODOBFM@ 0000000000034720     encryptedioqueue.obj
 0001:00023740       ??_C@_13HGPDMIBE@?$AA?$DP?$AA?$AA@FNODOBFM@ 0000000000034740     ntdriver.obj
 0001:00023750       ??_C@_0CD@FCIMJPEM@AddDevice?5pdo?$DN?$CFp?5type?$DN?$CFx?5name?$DN?$CFw@FNODOBFM@ 0000000000034750     ntdriver.obj
 0001:00023780       ??_C@_0BN@PIELMKDH@Volume?5pdo?$DN?$CFp?5interface?$DN?$CFws?6?$AA@FNODOBFM@ 0000000000034780     ntdriver.obj
 0001:000237a0       ??_C@_0DF@IHIBAGEA@0x?$CF08p?5?5?$CF02x?5?$CF02x?5?$CF02x?5?$CF02x?5?$CF02x@FNODOBFM@ 00000000000347a0     ntdriver.obj
 0001:000237e0       ??_C@_0FE@HIDEPCAO@STATUS_BUFFER_TOO_SMALL?5ioctl?$DN0x@FNODOBFM@ 00000000000347e0     ntdriver.obj
 0001:00023840       ??_C@_0P@CMDFIGFB@?$CFls?5?$CI0x?$CFx?5?$CFd?$CJ?6?$AA@FNODOBFM@ 0000000000034840     ntdriver.obj
 0001:00023850       ??_C@_0BG@JHFMBFJC@Driver?5shutting?5down?6?$AA@FNODOBFM@ 0000000000034850     ntdriver.obj
 0001:00023870       ??_C@_0DA@HGPNLENJ@Device?5?$CFd?5shutting?5down?3?5STATUS_@FNODOBFM@ 0000000000034870     ntdriver.obj
 0001:000238a0       ??_C@_0EI@NJLFEPKD@Removable?5device?5?$CFd?5has?5DO_VERIF@FNODOBFM@ 00000000000348a0     ntdriver.obj
 0001:000238f0       ??_C@_0JF@EIKLNJII@c?3?2users?2alexis?2desktop?2sources_@FNODOBFM@ 00000000000348f0     ntdriver.obj
 0001:00023990       ??_C@_0BN@PHNPLCFI@GSTCreateDeviceObject?5BEGIN?6?$AA@FNODOBFM@ 0000000000034990     ntdriver.obj
 0001:000239b0       ??_C@_0CA@MBKOBJGH@Creating?5device?5nt?$DN?$CFls?5dos?$DN?$CFls?6?$AA@FNODOBFM@ 00000000000349b0     ntdriver.obj
 0001:000239d0       ??_C@_0CN@DMFEOBLG@GSTCreateDeviceObject?5NTSTATUS?5?$DN@FNODOBFM@ 00000000000349d0     ntdriver.obj
 0001:00023a00       ??_C@_0CK@MMFHFIAK@GSTCreateDeviceObject?5STATUS_SUC@FNODOBFM@ 0000000000034a00     ntdriver.obj
 0001:00023a30       ??_C@_0M@FBJPBOL@name?5?$DN?5?$CFls?6?$AA@FNODOBFM@ 0000000000034a30     ntdriver.obj
 0001:00023a40       ??_C@_0BA@OIGBKMHJ@GostCryptVolume?$AA@FNODOBFM@ 0000000000034a40     ntdriver.obj
 0001:00023a50       ??_C@_08DALLBBIL@id?5?$DN?5?$CFs?6?$AA@FNODOBFM@ 0000000000034a50     ntdriver.obj
 0001:00023a60       ??_C@_0M@HABEOOKA@link?5?$DN?5?$CFls?6?$AA@FNODOBFM@ 0000000000034a60     ntdriver.obj
 0001:00023a70       ??_C@_0BO@BEMMNDOD@IOCTL?5error?50x?$CF08x?5?$CI0x?$CFx?5?$CFd?$CJ?6?$AA@FNODOBFM@ 0000000000034a70     ntdriver.obj
 0001:00023a90       ??_C@_09NKHKFHLH@GostCrypt?$AA@FNODOBFM@ 0000000000034a90     ntdriver.obj
 0001:00023aa0       ??_C@_0CA@FCHCHJKN@Open?5test?5on?5file?5?$CFls?5success?4?6?$AA@FNODOBFM@ 0000000000034aa0     ntdriver.obj
 0001:00023ac0       ??_C@_0BH@GFMHOPFN@Setting?5portable?5mode?6?$AA@FNODOBFM@ 0000000000034ac0     ntdriver.obj
 0001:00023ae0       ??_C@_0CA@BDAPNECM@IOCTL?5GetMountedVolume?5received?$AA@FNODOBFM@ 0000000000034ae0     ntdriver.obj
 0001:00023b00       ??_C@_0CF@BBCNGDEK@Getting?5device?5object?5for?5drive?5@FNODOBFM@ 0000000000034b00     ntdriver.obj
 0001:00023b30       ??_C@_0CH@OLDNEABP@Checking?5if?5VolumeIsAccessibleFo@FNODOBFM@ 0000000000034b30     ntdriver.obj
 0001:00023b60       ??_C@_09HOKHNNKO@Check?51?4?4?$AA@FNODOBFM@ 0000000000034b60     ntdriver.obj
 0001:00023b70       ??_C@_03LNENHCAP@2?4?4?$AA@FNODOBFM@ 0000000000034b70     ntdriver.obj
 0001:00023b80       ??_C@_03FPBBFGK@3?4?4?$AA@FNODOBFM@ 0000000000034b80     ntdriver.obj
 0001:00023b90       ??_C@_03JICGCNND@4?4?4?$AA@FNODOBFM@ 0000000000034b90     ntdriver.obj
 0001:00023ba0       ??_C@_07PAKHCJIG@5?4?5ok?4?6?$AA@FNODOBFM@ 0000000000034ba0     ntdriver.obj
 0001:00023bb0       ??_C@_0BE@MLCKFMJI@IOCTL?5error?50x?$CF08x?6?$AA@FNODOBFM@ 0000000000034bb0     ntdriver.obj
 0001:00023bd0       ??_C@_0BE@DCPHDOHD@Starting?5thread?4?4?4?6?$AA@FNODOBFM@ 0000000000034bd0     ntdriver.obj
 0001:00023bf0       ??_C@_0CB@DGOAIPAC@PsCreateSystemThread?5Failed?5END?6@FNODOBFM@ 0000000000034bf0     ntdriver.obj
 0001:00023c20       ??_C@_0CF@DMBFEFC@Waiting?5for?5thread?5to?5initialize@FNODOBFM@ 0000000000034c20     ntdriver.obj
 0001:00023c50       ??_C@_0CK@KIOPBGEO@Waiting?5completed?$CB?5Thread?5return@FNODOBFM@ 0000000000034c50     ntdriver.obj
 0001:00023c80       ??_C@_0BO@IDJGLOL@Signalling?5thread?5to?5quit?4?4?4?6?$AA@FNODOBFM@ 0000000000034c80     ntdriver.obj
 0001:00023ca0       ??_C@_0BG@MEOILBFO@NT_SUCCESS?5?$CIntStatus?$CJ?$AA@FNODOBFM@ 0000000000034ca0     ntdriver.obj
 0001:00023cc0       ??_C@_0P@OPFPPFJJ@Thread?5exited?6?$AA@FNODOBFM@ 0000000000034cc0     ntdriver.obj
 0001:00023cd0       ??_C@_0CD@LOGBEHKH@Mount?5THREAD?5OPENING?5VOLUME?5BEGI@FNODOBFM@ 0000000000034cd0     ntdriver.obj
 0001:00023d00       ??_C@_1BA@CCLAPIHO@?$AA?2?$AAD?$AAe?$AAv?$AAi?$AAc?$AAe?$AA?$AA@FNODOBFM@ 0000000000034d00     ntdriver.obj
 0001:00023d10       ??_C@_19JHEHLFPM@?$AA?2?$AA?$DP?$AA?$DP?$AA?2?$AA?$AA@FNODOBFM@ 0000000000034d10     ntdriver.obj
 0001:00023d20       ??_C@_0DO@GJJNBBEG@Mount?5THREAD?5request?5for?5File?5?$CFl@FNODOBFM@ 0000000000034d20     ntdriver.obj
 0001:00023d60       ??_C@_0CO@PADHEFHE@irpSp?9?$DOMajorFunction?5?$DN?$DN?5IRP_MJ_D@FNODOBFM@ 0000000000034d60     ntdriver.obj
 0001:00023d90       ??_C@_0BA@OMKHINCH@Closing?5volume?6?$AA@FNODOBFM@ 0000000000034d90     ntdriver.obj
 0001:00023da0       ??_C@_1DA@HFFKBABD@?$AA?2?$AAD?$AAe?$AAv?$AAi?$AAc?$AAe?$AA?2?$AAG?$AAo?$AAs?$AAt?$AAC?$AAr?$AAy?$AAp?$AAt?$AAV?$AAo?$AAl?$AAu?$AAm?$AAe?$AA?$AA@FNODOBFM@ 0000000000034da0     ntdriver.obj
 0001:00023dd0       ??_C@_1BK@LABJKOM@?$AA?2?$AAD?$AAo?$AAs?$AAD?$AAe?$AAv?$AAi?$AAc?$AAe?$AAs?$AA?2?$AA?$AA@FNODOBFM@ 0000000000034dd0     ntdriver.obj
 0001:00023df0       ??_C@_1EM@MIDFEHFB@?$AAG?$AAS?$AAT?$AA_?$AAI?$AAO?$AAC?$AAT?$AAL?$AA_?$AAA?$AAB?$AAO?$AAR?$AAT?$AA_?$AAB?$AAO?$AAO?$AAT?$AA_?$AAE?$AAN?$AAC?$AAR?$AAY?$AAP?$AAT?$AAI?$AAO?$AAN?$AA_@FNODOBFM@ 0000000000034df0     ntdriver.obj
 0001:00023e40       ??_C@_1EE@BAABOJFJ@?$AAG?$AAS?$AAT?$AA_?$AAI?$AAO?$AAC?$AAT?$AAL?$AA_?$AAA?$AAB?$AAO?$AAR?$AAT?$AA_?$AAD?$AAE?$AAC?$AAO?$AAY?$AA_?$AAS?$AAY?$AAS?$AAT?$AAE?$AAM?$AA_?$AAW?$AAI?$AAP@FNODOBFM@ 0000000000034e40     ntdriver.obj
 0001:00023e90       ??_C@_1EA@EOEOPACH@?$AAG?$AAS?$AAT?$AA_?$AAI?$AAO?$AAC?$AAT?$AAL?$AA_?$AAB?$AAO?$AAO?$AAT?$AA_?$AAE?$AAN?$AAC?$AAR?$AAY?$AAP?$AAT?$AAI?$AAO?$AAN?$AA_?$AAS?$AAE?$AAT?$AAU?$AAP?$AA?$AA@FNODOBFM@ 0000000000034e90     ntdriver.obj
 0001:00023ed0       ??_C@_1DO@IDPGBIEP@?$AAG?$AAS?$AAT?$AA_?$AAI?$AAO?$AAC?$AAT?$AAL?$AA_?$AAD?$AAI?$AAS?$AAM?$AAO?$AAU?$AAN?$AAT?$AA_?$AAA?$AAL?$AAL?$AA_?$AAV?$AAO?$AAL?$AAU?$AAM?$AAE?$AAS?$AA?$AA@FNODOBFM@ 0000000000034ed0     ntdriver.obj
 0001:00023f10       ??_C@_1DE@GAINGGCN@?$AAG?$AAS?$AAT?$AA_?$AAI?$AAO?$AAC?$AAT?$AAL?$AA_?$AAD?$AAI?$AAS?$AAM?$AAO?$AAU?$AAN?$AAT?$AA_?$AAV?$AAO?$AAL?$AAU?$AAM?$AAE?$AA?$AA@FNODOBFM@ 0000000000034f10     ntdriver.obj
 0001:00023f50       ??_C@_1FG@HBCEKCMI@?$AAG?$AAS?$AAT?$AA_?$AAI?$AAO?$AAC?$AAT?$AAL?$AA_?$AAG?$AAE?$AAT?$AA_?$AAB?$AAO?$AAO?$AAT?$AA_?$AAD?$AAR?$AAI?$AAV?$AAE?$AA_?$AAV?$AAO?$AAL?$AAU?$AAM?$AAE?$AA_@FNODOBFM@ 0000000000034f50     ntdriver.obj
 0001:00023fb0       ??_C@_1FK@HGCJBAGN@?$AAG?$AAS?$AAT?$AA_?$AAI?$AAO?$AAC?$AAT?$AAL?$AA_?$AAG?$AAE?$AAT?$AA_?$AAB?$AAO?$AAO?$AAT?$AA_?$AAE?$AAN?$AAC?$AAR?$AAY?$AAP?$AAT?$AAI?$AAO?$AAN?$AA_?$AAA?$AAL@FNODOBFM@ 0000000000034fb0     ntdriver.obj
 0001:00024010       ??_C@_1FG@IMGIDGAD@?$AAG?$AAS?$AAT?$AA_?$AAI?$AAO?$AAC?$AAT?$AAL?$AA_?$AAG?$AAE?$AAT?$AA_?$AAB?$AAO?$AAO?$AAT?$AA_?$AAE?$AAN?$AAC?$AAR?$AAY?$AAP?$AAT?$AAI?$AAO?$AAN?$AA_?$AAS?$AAE@FNODOBFM@ 0000000000035010     ntdriver.obj
 0001:00024070       ??_C@_1EK@MMBMBMJA@?$AAG?$AAS?$AAT?$AA_?$AAI?$AAO?$AAC?$AAT?$AAL?$AA_?$AAG?$AAE?$AAT?$AA_?$AAB?$AAO?$AAO?$AAT?$AA_?$AAE?$AAN?$AAC?$AAR?$AAY?$AAP?$AAT?$AAI?$AAO?$AAN?$AA_?$AAS?$AAT@FNODOBFM@ 0000000000035070     ntdriver.obj
 0001:000240c0       ??_C@_1EE@IDPKBABP@?$AAG?$AAS?$AAT?$AA_?$AAI?$AAO?$AAC?$AAT?$AAL?$AA_?$AAG?$AAE?$AAT?$AA_?$AAB?$AAO?$AAO?$AAT?$AA_?$AAL?$AAO?$AAA?$AAD?$AAE?$AAR?$AA_?$AAV?$AAE?$AAR?$AAS?$AAI?$AAO@FNODOBFM@ 00000000000350c0     ntdriver.obj
 0001:00024110       ??_C@_1EO@GLOOMNEL@?$AAG?$AAS?$AAT?$AA_?$AAI?$AAO?$AAC?$AAT?$AAL?$AA_?$AAG?$AAE?$AAT?$AA_?$AAD?$AAE?$AAC?$AAO?$AAY?$AA_?$AAS?$AAY?$AAS?$AAT?$AAE?$AAM?$AA_?$AAW?$AAI?$AAP?$AAE?$AA_@FNODOBFM@ 0000000000035110     ntdriver.obj
 0001:00024160       ??_C@_1EO@DHKDLHAP@?$AAG?$AAS?$AAT?$AA_?$AAI?$AAO?$AAC?$AAT?$AAL?$AA_?$AAG?$AAE?$AAT?$AA_?$AAD?$AAE?$AAC?$AAO?$AAY?$AA_?$AAS?$AAY?$AAS?$AAT?$AAE?$AAM?$AA_?$AAW?$AAI?$AAP?$AAE?$AA_@FNODOBFM@ 0000000000035160     ntdriver.obj
 0001:000241b0       ??_C@_1DM@PPEMADCA@?$AAG?$AAS?$AAT?$AA_?$AAI?$AAO?$AAC?$AAT?$AAL?$AA_?$AAG?$AAE?$AAT?$AA_?$AAD?$AAE?$AAV?$AAI?$AAC?$AAE?$AA_?$AAR?$AAE?$AAF?$AAC?$AAO?$AAU?$AAN?$AAT?$AA?$AA@FNODOBFM@ 00000000000351b0     ntdriver.obj
 0001:000241f0       ??_C@_1DK@MCFBGJPI@?$AAG?$AAS?$AAT?$AA_?$AAI?$AAO?$AAC?$AAT?$AAL?$AA_?$AAG?$AAE?$AAT?$AA_?$AAD?$AAR?$AAI?$AAV?$AAE?$AA_?$AAG?$AAE?$AAO?$AAM?$AAE?$AAT?$AAR?$AAY?$AA?$AA@FNODOBFM@ 00000000000351f0     ntdriver.obj
 0001:00024230       ??_C@_1EG@HHHEAACH@?$AAG?$AAS?$AAT?$AA_?$AAI?$AAO?$AAC?$AAT?$AAL?$AA_?$AAG?$AAE?$AAT?$AA_?$AAD?$AAR?$AAI?$AAV?$AAE?$AA_?$AAP?$AAA?$AAR?$AAT?$AAI?$AAT?$AAI?$AAO?$AAN?$AA_?$AAI?$AAN@FNODOBFM@ 0000000000035230     ntdriver.obj
 0001:00024280       ??_C@_1DK@JBCOBEAN@?$AAG?$AAS?$AAT?$AA_?$AAI?$AAO?$AAC?$AAT?$AAL?$AA_?$AAG?$AAE?$AAT?$AA_?$AAD?$AAR?$AAI?$AAV?$AAE?$AAR?$AA_?$AAV?$AAE?$AAR?$AAS?$AAI?$AAO?$AAN?$AA?$AA@FNODOBFM@ 0000000000035280     ntdriver.obj
 0001:000242c0       ??_C@_1DM@GDKLDIKK@?$AAG?$AAS?$AAT?$AA_?$AAI?$AAO?$AAC?$AAT?$AAL?$AA_?$AAG?$AAE?$AAT?$AA_?$AAM?$AAO?$AAU?$AAN?$AAT?$AAE?$AAD?$AA_?$AAV?$AAO?$AAL?$AAU?$AAM?$AAE?$AAS?$AA?$AA@FNODOBFM@ 00000000000352c0     ntdriver.obj
 0001:00024300       ??_C@_1EI@NOJNBFFK@?$AAG?$AAS?$AAT?$AA_?$AAI?$AAO?$AAC?$AAT?$AAL?$AA_?$AAG?$AAE?$AAT?$AA_?$AAP?$AAA?$AAS?$AAS?$AAW?$AAO?$AAR?$AAD?$AA_?$AAC?$AAA?$AAC?$AAH?$AAE?$AA_?$AAS?$AAT?$AAA@FNODOBFM@ 0000000000035300     ntdriver.obj
 0001:00024350       ??_C@_1EE@DMOEFLGD@?$AAG?$AAS?$AAT?$AA_?$AAI?$AAO?$AAC?$AAT?$AAL?$AA_?$AAG?$AAE?$AAT?$AA_?$AAS?$AAY?$AAS?$AAT?$AAE?$AAM?$AA_?$AAD?$AAR?$AAI?$AAV?$AAE?$AA_?$AAC?$AAO?$AAN?$AAF?$AAI@FNODOBFM@ 0000000000035350     ntdriver.obj
 0001:000243a0       ??_C@_1EG@IMOGEOLC@?$AAG?$AAS?$AAT?$AA_?$AAI?$AAO?$AAC?$AAT?$AAL?$AA_?$AAG?$AAE?$AAT?$AA_?$AAP?$AAO?$AAR?$AAT?$AAA?$AAB?$AAL?$AAE?$AA_?$AAM?$AAO?$AAD?$AAE?$AA_?$AAS?$AAT?$AAA?$AAT@FNODOBFM@ 00000000000353a0     ntdriver.obj
 0001:000243f0       ??_C@_1EG@NPJNJBOI@?$AAG?$AAS?$AAT?$AA_?$AAI?$AAO?$AAC?$AAT?$AAL?$AA_?$AAS?$AAE?$AAT?$AA_?$AAP?$AAO?$AAR?$AAT?$AAA?$AAB?$AAL?$AAE?$AA_?$AAM?$AAO?$AAD?$AAE?$AA_?$AAS?$AAT?$AAA?$AAT@FNODOBFM@ 00000000000353f0     ntdriver.obj
 0001:00024440       ??_C@_1DO@NDHFIBG@?$AAG?$AAS?$AAT?$AA_?$AAI?$AAO?$AAC?$AAT?$AAL?$AA_?$AAG?$AAE?$AAT?$AA_?$AAR?$AAE?$AAS?$AAO?$AAL?$AAV?$AAE?$AAD?$AA_?$AAS?$AAY?$AAM?$AAL?$AAI?$AAN?$AAK?$AA?$AA@FNODOBFM@ 0000000000035440     ntdriver.obj
 0001:00024480       ??_C@_1EO@INPMIMDN@?$AAG?$AAS?$AAT?$AA_?$AAI?$AAO?$AAC?$AAT?$AAL?$AA_?$AAG?$AAE?$AAT?$AA_?$AAS?$AAY?$AAS?$AAT?$AAE?$AAM?$AA_?$AAD?$AAR?$AAI?$AAV?$AAE?$AA_?$AAD?$AAU?$AAM?$AAP?$AA_@FNODOBFM@ 0000000000035480     ntdriver.obj
 0001:000244d0       ??_C@_1EA@ONAAGKIP@?$AAG?$AAS?$AAT?$AA_?$AAI?$AAO?$AAC?$AAT?$AAL?$AA_?$AAG?$AAE?$AAT?$AA_?$AAV?$AAO?$AAL?$AAU?$AAM?$AAE?$AA_?$AAP?$AAR?$AAO?$AAP?$AAE?$AAR?$AAT?$AAI?$AAE?$AAS?$AA?$AA@FNODOBFM@ 00000000000354d0     ntdriver.obj
 0001:00024510       ??_C@_1DI@OHCBBBLA@?$AAG?$AAS?$AAT?$AA_?$AAI?$AAO?$AAC?$AAT?$AAL?$AA_?$AAG?$AAE?$AAT?$AA_?$AAW?$AAA?$AAR?$AAN?$AAI?$AAN?$AAG?$AA_?$AAF?$AAL?$AAA?$AAG?$AAS?$AA?$AA@FNODOBFM@ 0000000000035510     ntdriver.obj
 0001:00024550       ??_C@_1DG@MLCMIONK@?$AAG?$AAS?$AAT?$AA_?$AAI?$AAO?$AAC?$AAT?$AAL?$AA_?$AAD?$AAI?$AAS?$AAK?$AA_?$AAI?$AAS?$AA_?$AAW?$AAR?$AAI?$AAT?$AAA?$AAB?$AAL?$AAE?$AA?$AA@FNODOBFM@ 0000000000035550     ntdriver.obj
 0001:00024590       ??_C@_1EA@FDLLEINC@?$AAG?$AAS?$AAT?$AA_?$AAI?$AAO?$AAC?$AAT?$AAL?$AA_?$AAI?$AAS?$AA_?$AAA?$AAN?$AAY?$AA_?$AAV?$AAO?$AAL?$AAU?$AAM?$AAE?$AA_?$AAM?$AAO?$AAU?$AAN?$AAT?$AAE?$AAD?$AA?$AA@FNODOBFM@ 0000000000035590     ntdriver.obj
 0001:000245d0       ??_C@_1EI@BKLPHECB@?$AAG?$AAS?$AAT?$AA_?$AAI?$AAO?$AAC?$AAT?$AAL?$AA_?$AAI?$AAS?$AA_?$AAD?$AAR?$AAI?$AAV?$AAE?$AAR?$AA_?$AAU?$AAN?$AAL?$AAO?$AAA?$AAD?$AA_?$AAD?$AAI?$AAS?$AAA?$AAB@FNODOBFM@ 00000000000355d0     ntdriver.obj
 0001:00024620       ??_C@_1EG@HMABOPFD@?$AAG?$AAS?$AAT?$AA_?$AAI?$AAO?$AAC?$AAT?$AAL?$AA_?$AAI?$AAS?$AA_?$AAH?$AAI?$AAD?$AAD?$AAE?$AAN?$AA_?$AAS?$AAY?$AAS?$AAT?$AAE?$AAM?$AA_?$AAR?$AAU?$AAN?$AAN?$AAI@FNODOBFM@ 0000000000035620     ntdriver.obj
 0001:00024670       ??_C@_1CO@GBDFCIBH@?$AAG?$AAS?$AAT?$AA_?$AAI?$AAO?$AAC?$AAT?$AAL?$AA_?$AAM?$AAO?$AAU?$AAN?$AAT?$AA_?$AAV?$AAO?$AAL?$AAU?$AAM?$AAE?$AA?$AA@FNODOBFM@ 0000000000035670     ntdriver.obj
 0001:000246a0       ??_C@_1CI@DKAFEOJJ@?$AAG?$AAS?$AAT?$AA_?$AAI?$AAO?$AAC?$AAT?$AAL?$AA_?$AAO?$AAP?$AAE?$AAN?$AA_?$AAT?$AAE?$AAS?$AAT?$AA?$AA@FNODOBFM@ 00000000000356a0     ntdriver.obj
 0001:000246d0       ??_C@_1EA@MLPMMHHD@?$AAG?$AAS?$AAT?$AA_?$AAI?$AAO?$AAC?$AAT?$AAL?$AA_?$AAP?$AAR?$AAO?$AAB?$AAE?$AA_?$AAR?$AAE?$AAA?$AAL?$AA_?$AAD?$AAR?$AAI?$AAV?$AAE?$AA_?$AAS?$AAI?$AAZ?$AAE?$AA?$AA@FNODOBFM@ 00000000000356d0     ntdriver.obj
 0001:00024710       ??_C@_1EI@DOJOHJF@?$AAG?$AAS?$AAT?$AA_?$AAI?$AAO?$AAC?$AAT?$AAL?$AA_?$AAR?$AAE?$AAO?$AAP?$AAE?$AAN?$AA_?$AAB?$AAO?$AAO?$AAT?$AA_?$AAV?$AAO?$AAL?$AAU?$AAM?$AAE?$AA_?$AAH?$AAE?$AAA@FNODOBFM@ 0000000000035710     ntdriver.obj
 0001:00024760       ??_C@_1DO@PNIAGIJL@?$AAG?$AAS?$AAT?$AA_?$AAI?$AAO?$AAC?$AAT?$AAL?$AA_?$AAR?$AAE?$AAR?$AAE?$AAA?$AAD?$AA_?$AAD?$AAR?$AAI?$AAV?$AAE?$AAR?$AA_?$AAC?$AAO?$AAN?$AAF?$AAI?$AAG?$AA?$AA@FNODOBFM@ 0000000000035760     ntdriver.obj
 0001:000247a0       ??_C@_1FG@CELNGCOA@?$AAG?$AAS?$AAT?$AA_?$AAI?$AAO?$AAC?$AAT?$AAL?$AA_?$AAS?$AAE?$AAT?$AA_?$AAS?$AAY?$AAS?$AAT?$AAE?$AAM?$AA_?$AAF?$AAA?$AAV?$AAO?$AAR?$AAI?$AAT?$AAE?$AA_?$AAV?$AAO@FNODOBFM@ 00000000000357a0     ntdriver.obj
 0001:00024800       ??_C@_1EE@DKMHFKKB@?$AAG?$AAS?$AAT?$AA_?$AAI?$AAO?$AAC?$AAT?$AAL?$AA_?$AAS?$AAT?$AAA?$AAR?$AAT?$AA_?$AAD?$AAE?$AAC?$AAO?$AAY?$AA_?$AAS?$AAY?$AAS?$AAT?$AAE?$AAM?$AA_?$AAW?$AAI?$AAP@FNODOBFM@ 0000000000035800     ntdriver.obj
 0001:00024850       ??_C@_1DM@NHKGKLDG@?$AAG?$AAS?$AAT?$AA_?$AAI?$AAO?$AAC?$AAT?$AAL?$AA_?$AAW?$AAI?$AAP?$AAE?$AA_?$AAP?$AAA?$AAS?$AAS?$AAW?$AAO?$AAR?$AAD?$AA_?$AAC?$AAA?$AAC?$AAH?$AAE?$AA?$AA@FNODOBFM@ 0000000000035850     ntdriver.obj
 0001:00024890       ??_C@_1EE@DCDMLFMB@?$AAG?$AAS?$AAT?$AA_?$AAI?$AAO?$AAC?$AAT?$AAL?$AA_?$AAW?$AAR?$AAI?$AAT?$AAE?$AA_?$AAB?$AAO?$AAO?$AAT?$AA_?$AAD?$AAR?$AAI?$AAV?$AAE?$AA_?$AAS?$AAE?$AAC?$AAT?$AAO@FNODOBFM@ 0000000000035890     ntdriver.obj
 0001:000248e0       ??_C@_1EK@FDCJEFAP@?$AAI?$AAO?$AAC?$AAT?$AAL?$AA_?$AAV?$AAO?$AAL?$AAU?$AAM?$AAE?$AA_?$AAG?$AAE?$AAT?$AA_?$AAV?$AAO?$AAL?$AAU?$AAM?$AAE?$AA_?$AAD?$AAI?$AAS?$AAK?$AA_?$AAE?$AAX?$AAT@FNODOBFM@ 00000000000358e0     ntdriver.obj
 0001:00024930       ??_C@_1DM@KPKDNCHM@?$AAI?$AAO?$AAC?$AAT?$AAL?$AA_?$AAD?$AAI?$AAS?$AAK?$AA_?$AAG?$AAE?$AAT?$AA_?$AAD?$AAR?$AAI?$AAV?$AAE?$AA_?$AAG?$AAE?$AAO?$AAM?$AAE?$AAT?$AAR?$AAY?$AA?$AA@FNODOBFM@ 0000000000035930     ntdriver.obj
 0001:00024970       ??_C@_1EC@NPAFBAMN@?$AAI?$AAO?$AAC?$AAT?$AAL?$AA_?$AAD?$AAI?$AAS?$AAK?$AA_?$AAG?$AAE?$AAT?$AA_?$AAD?$AAR?$AAI?$AAV?$AAE?$AA_?$AAG?$AAE?$AAO?$AAM?$AAE?$AAT?$AAR?$AAY?$AA_?$AAE?$AAX@FNODOBFM@ 0000000000035970     ntdriver.obj
 0001:000249c0       ??_C@_1EC@HFOIOEOM@?$AAI?$AAO?$AAC?$AAT?$AAL?$AA_?$AAM?$AAO?$AAU?$AAN?$AAT?$AAD?$AAE?$AAV?$AA_?$AAQ?$AAU?$AAE?$AAR?$AAY?$AA_?$AAD?$AAE?$AAV?$AAI?$AAC?$AAE?$AA_?$AAN?$AAA?$AAM?$AAE@FNODOBFM@ 00000000000359c0     ntdriver.obj
 0001:00024a10       ??_C@_1FC@MNMCPAAJ@?$AAI?$AAO?$AAC?$AAT?$AAL?$AA_?$AAM?$AAO?$AAU?$AAN?$AAT?$AAD?$AAE?$AAV?$AA_?$AAQ?$AAU?$AAE?$AAR?$AAY?$AA_?$AAS?$AAU?$AAG?$AAG?$AAE?$AAS?$AAT?$AAE?$AAD?$AA_?$AAL@FNODOBFM@ 0000000000035a10     ntdriver.obj
 0001:00024a70       ??_C@_1DO@OGNDJPNH@?$AAI?$AAO?$AAC?$AAT?$AAL?$AA_?$AAM?$AAO?$AAU?$AAN?$AAT?$AAD?$AAE?$AAV?$AA_?$AAQ?$AAU?$AAE?$AAR?$AAY?$AA_?$AAU?$AAN?$AAI?$AAQ?$AAU?$AAE?$AA_?$AAI?$AAD?$AA?$AA@FNODOBFM@ 0000000000035a70     ntdriver.obj
 0001:00024ab0       ??_C@_1CI@DJEMJCBH@?$AAI?$AAO?$AAC?$AAT?$AAL?$AA_?$AAV?$AAO?$AAL?$AAU?$AAM?$AAE?$AA_?$AAO?$AAN?$AAL?$AAI?$AAN?$AAE?$AA?$AA@FNODOBFM@ 0000000000035ab0     ntdriver.obj
 0001:00024ae0       ??_C@_1DI@HGGIOGFM@?$AAI?$AAO?$AAC?$AAT?$AAL?$AA_?$AAM?$AAO?$AAU?$AAN?$AAT?$AAD?$AAE?$AAV?$AA_?$AAL?$AAI?$AAN?$AAK?$AA_?$AAC?$AAR?$AAE?$AAA?$AAT?$AAE?$AAD?$AA?$AA@FNODOBFM@ 0000000000035ae0     ntdriver.obj
 0001:00024b20       ??_C@_1DI@BMKMBCGO@?$AAI?$AAO?$AAC?$AAT?$AAL?$AA_?$AAM?$AAO?$AAU?$AAN?$AAT?$AAD?$AAE?$AAV?$AA_?$AAL?$AAI?$AAN?$AAK?$AA_?$AAD?$AAE?$AAL?$AAE?$AAT?$AAE?$AAD?$AA?$AA@FNODOBFM@ 0000000000035b20     ntdriver.obj
 0001:00024b60       ??_C@_1DI@LFNEEBHO@?$AAI?$AAO?$AAC?$AAT?$AAL?$AA_?$AAM?$AAO?$AAU?$AAN?$AAT?$AAM?$AAG?$AAR?$AA_?$AAQ?$AAU?$AAE?$AAR?$AAY?$AA_?$AAP?$AAO?$AAI?$AAN?$AAT?$AAS?$AA?$AA@FNODOBFM@ 0000000000035b60     ntdriver.obj
 0001:00024ba0       ??_C@_1FE@CLAOKMGL@?$AAI?$AAO?$AAC?$AAT?$AAL?$AA_?$AAM?$AAO?$AAU?$AAN?$AAT?$AAM?$AAG?$AAR?$AA_?$AAV?$AAO?$AAL?$AAU?$AAM?$AAE?$AA_?$AAM?$AAO?$AAU?$AAN?$AAT?$AA_?$AAP?$AAO?$AAI?$AAN@FNODOBFM@ 0000000000035ba0     ntdriver.obj
 0001:00024c00       ??_C@_1FE@EBMKFIFJ@?$AAI?$AAO?$AAC?$AAT?$AAL?$AA_?$AAM?$AAO?$AAU?$AAN?$AAT?$AAM?$AAG?$AAR?$AA_?$AAV?$AAO?$AAL?$AAU?$AAM?$AAE?$AA_?$AAM?$AAO?$AAU?$AAN?$AAT?$AA_?$AAP?$AAO?$AAI?$AAN@FNODOBFM@ 0000000000035c00     ntdriver.obj
 0001:00024c60       ??_C@_1DG@DLDFECDE@?$AAI?$AAO?$AAC?$AAT?$AAL?$AA_?$AAD?$AAI?$AAS?$AAK?$AA_?$AAG?$AAE?$AAT?$AA_?$AAL?$AAE?$AAN?$AAG?$AAT?$AAH?$AA_?$AAI?$AAN?$AAF?$AAO?$AA?$AA@FNODOBFM@ 0000000000035c60     ntdriver.obj
 0001:00024ca0       ??_C@_1EA@IKPNDHCL@?$AAI?$AAO?$AAC?$AAT?$AAL?$AA_?$AAS?$AAT?$AAO?$AAR?$AAA?$AAG?$AAE?$AA_?$AAG?$AAE?$AAT?$AA_?$AAD?$AAE?$AAV?$AAI?$AAC?$AAE?$AA_?$AAN?$AAU?$AAM?$AAB?$AAE?$AAR?$AA?$AA@FNODOBFM@ 0000000000035ca0     ntdriver.obj
 0001:00024ce0       ??_C@_1DM@LOAKHCPB@?$AAI?$AAO?$AAC?$AAT?$AAL?$AA_?$AAD?$AAI?$AAS?$AAK?$AA_?$AAG?$AAE?$AAT?$AA_?$AAP?$AAA?$AAR?$AAT?$AAI?$AAT?$AAI?$AAO?$AAN?$AA_?$AAI?$AAN?$AAF?$AAO?$AA?$AA@FNODOBFM@ 0000000000035ce0     ntdriver.obj
 0001:00024d20       ??_C@_1EC@CAILBHJF@?$AAI?$AAO?$AAC?$AAT?$AAL?$AA_?$AAD?$AAI?$AAS?$AAK?$AA_?$AAG?$AAE?$AAT?$AA_?$AAP?$AAA?$AAR?$AAT?$AAI?$AAT?$AAI?$AAO?$AAN?$AA_?$AAI?$AAN?$AAF?$AAO?$AA_?$AAE?$AAX@FNODOBFM@ 0000000000035d20     ntdriver.obj
 0001:00024d70       ??_C@_1DM@FAAIHMNH@?$AAI?$AAO?$AAC?$AAT?$AAL?$AA_?$AAD?$AAI?$AAS?$AAK?$AA_?$AAS?$AAE?$AAT?$AA_?$AAP?$AAA?$AAR?$AAT?$AAI?$AAT?$AAI?$AAO?$AAN?$AA_?$AAI?$AAN?$AAF?$AAO?$AA?$AA@FNODOBFM@ 0000000000035d70     ntdriver.obj
 0001:00024db0       ??_C@_1DI@CCDFFIEC@?$AAI?$AAO?$AAC?$AAT?$AAL?$AA_?$AAD?$AAI?$AAS?$AAK?$AA_?$AAG?$AAE?$AAT?$AA_?$AAD?$AAR?$AAI?$AAV?$AAE?$AA_?$AAL?$AAA?$AAY?$AAO?$AAU?$AAT?$AA?$AA@FNODOBFM@ 0000000000035db0     ntdriver.obj
 0001:00024df0       ??_C@_1DO@EPIDKIKJ@?$AAI?$AAO?$AAC?$AAT?$AAL?$AA_?$AAD?$AAI?$AAS?$AAK?$AA_?$AAS?$AAE?$AAT?$AA_?$AAD?$AAR?$AAI?$AAV?$AAE?$AA_?$AAL?$AAA?$AAY?$AAO?$AAU?$AAT?$AA_?$AAE?$AAX?$AA?$AA@FNODOBFM@ 0000000000035df0     ntdriver.obj
 0001:00024e30       ??_C@_1CE@LGEELOJE@?$AAI?$AAO?$AAC?$AAT?$AAL?$AA_?$AAD?$AAI?$AAS?$AAK?$AA_?$AAV?$AAE?$AAR?$AAI?$AAF?$AAY?$AA?$AA@FNODOBFM@ 0000000000035e30     ntdriver.obj
 0001:00024e60       ??_C@_1DC@PCKIDBBB@?$AAI?$AAO?$AAC?$AAT?$AAL?$AA_?$AAD?$AAI?$AAS?$AAK?$AA_?$AAF?$AAO?$AAR?$AAM?$AAA?$AAT?$AA_?$AAT?$AAR?$AAA?$AAC?$AAK?$AAS?$AA?$AA@FNODOBFM@ 0000000000035e60     ntdriver.obj
 0001:00024ea0       ??_C@_1DG@HPLPDECO@?$AAI?$AAO?$AAC?$AAT?$AAL?$AA_?$AAD?$AAI?$AAS?$AAK?$AA_?$AAR?$AAE?$AAA?$AAS?$AAS?$AAI?$AAG?$AAN?$AA_?$AAB?$AAL?$AAO?$AAC?$AAK?$AAS?$AA?$AA@FNODOBFM@ 0000000000035ea0     ntdriver.obj
 0001:00024ee0       ??_C@_1CO@LEDAJMII@?$AAI?$AAO?$AAC?$AAT?$AAL?$AA_?$AAD?$AAI?$AAS?$AAK?$AA_?$AAP?$AAE?$AAR?$AAF?$AAO?$AAR?$AAM?$AAA?$AAN?$AAC?$AAE?$AA?$AA@FNODOBFM@ 0000000000035ee0     ntdriver.obj
 0001:00024f10       ??_C@_1CO@MFHKENAI@?$AAI?$AAO?$AAC?$AAT?$AAL?$AA_?$AAD?$AAI?$AAS?$AAK?$AA_?$AAI?$AAS?$AA_?$AAW?$AAR?$AAI?$AAT?$AAA?$AAB?$AAL?$AAE?$AA?$AA@FNODOBFM@ 0000000000035f10     ntdriver.obj
 0001:00024f40       ??_C@_1CG@LCBFNDKM@?$AAI?$AAO?$AAC?$AAT?$AAL?$AA_?$AAD?$AAI?$AAS?$AAK?$AA_?$AAL?$AAO?$AAG?$AAG?$AAI?$AAN?$AAG?$AA?$AA@FNODOBFM@ 0000000000035f40     ntdriver.obj
 0001:00024f70       ??_C@_1DI@LHHOILKE@?$AAI?$AAO?$AAC?$AAT?$AAL?$AA_?$AAD?$AAI?$AAS?$AAK?$AA_?$AAF?$AAO?$AAR?$AAM?$AAA?$AAT?$AA_?$AAT?$AAR?$AAA?$AAC?$AAK?$AAS?$AA_?$AAE?$AAX?$AA?$AA@FNODOBFM@ 0000000000035f70     ntdriver.obj
 0001:00024fb0       ??_C@_1DO@JMICENAF@?$AAI?$AAO?$AAC?$AAT?$AAL?$AA_?$AAD?$AAI?$AAS?$AAK?$AA_?$AAH?$AAI?$AAS?$AAT?$AAO?$AAG?$AAR?$AAA?$AAM?$AA_?$AAS?$AAT?$AAR?$AAU?$AAC?$AAT?$AAU?$AAR?$AAE?$AA?$AA@FNODOBFM@ 0000000000035fb0     ntdriver.obj
 0001:00024ff0       ??_C@_1DE@OGHADOL@?$AAI?$AAO?$AAC?$AAT?$AAL?$AA_?$AAD?$AAI?$AAS?$AAK?$AA_?$AAH?$AAI?$AAS?$AAT?$AAO?$AAG?$AAR?$AAA?$AAM?$AA_?$AAD?$AAA?$AAT?$AAA?$AA?$AA@FNODOBFM@ 0000000000035ff0     ntdriver.obj
 0001:00025030       ??_C@_1DG@BLHGEOGG@?$AAI?$AAO?$AAC?$AAT?$AAL?$AA_?$AAD?$AAI?$AAS?$AAK?$AA_?$AAH?$AAI?$AAS?$AAT?$AAO?$AAG?$AAR?$AAA?$AAM?$AA_?$AAR?$AAE?$AAS?$AAE?$AAT?$AA?$AA@FNODOBFM@ 0000000000036030     ntdriver.obj
 0001:00025070       ??_C@_1DK@EFIEFEEG@?$AAI?$AAO?$AAC?$AAT?$AAL?$AA_?$AAD?$AAI?$AAS?$AAK?$AA_?$AAR?$AAE?$AAQ?$AAU?$AAE?$AAS?$AAT?$AA_?$AAS?$AAT?$AAR?$AAU?$AAC?$AAT?$AAU?$AAR?$AAE?$AA?$AA@FNODOBFM@ 0000000000036070     ntdriver.obj
 0001:000250b0       ??_C@_1DA@EGLLKJNO@?$AAI?$AAO?$AAC?$AAT?$AAL?$AA_?$AAD?$AAI?$AAS?$AAK?$AA_?$AAR?$AAE?$AAQ?$AAU?$AAE?$AAS?$AAT?$AA_?$AAD?$AAA?$AAT?$AAA?$AA?$AA@FNODOBFM@ 00000000000360b0     ntdriver.obj
 0001:000250e0       ??_C@_1DK@NNJOEKIN@?$AAI?$AAO?$AAC?$AAT?$AAL?$AA_?$AAD?$AAI?$AAS?$AAK?$AA_?$AAC?$AAO?$AAN?$AAT?$AAR?$AAO?$AAL?$AAL?$AAE?$AAR?$AA_?$AAN?$AAU?$AAM?$AAB?$AAE?$AAR?$AA?$AA@FNODOBFM@ 00000000000360e0     ntdriver.obj
 0001:00025120       ??_C@_1CE@PLNOGJJD@?$AAS?$AAM?$AAA?$AAR?$AAT?$AA_?$AAG?$AAE?$AAT?$AA_?$AAV?$AAE?$AAR?$AAS?$AAI?$AAO?$AAN?$AA?$AA@FNODOBFM@ 0000000000036120     ntdriver.obj
 0001:00025150       ??_C@_1DC@MGFPICHJ@?$AAS?$AAM?$AAA?$AAR?$AAT?$AA_?$AAS?$AAE?$AAN?$AAD?$AA_?$AAD?$AAR?$AAI?$AAV?$AAE?$AA_?$AAC?$AAO?$AAM?$AAM?$AAA?$AAN?$AAD?$AA?$AA@FNODOBFM@ 0000000000036150     ntdriver.obj
 0001:00025190       ??_C@_1CK@JCHEBCIE@?$AAS?$AAM?$AAA?$AAR?$AAT?$AA_?$AAR?$AAC?$AAV?$AA_?$AAD?$AAR?$AAI?$AAV?$AAE?$AA_?$AAD?$AAA?$AAT?$AAA?$AA?$AA@FNODOBFM@ 0000000000036190     ntdriver.obj
 0001:000251c0       ??_C@_1DO@JKPDDEIN@?$AAI?$AAO?$AAC?$AAT?$AAL?$AA_?$AAD?$AAI?$AAS?$AAK?$AA_?$AAI?$AAN?$AAT?$AAE?$AAR?$AAN?$AAA?$AAL?$AA_?$AAS?$AAE?$AAT?$AA_?$AAV?$AAE?$AAR?$AAI?$AAF?$AAY?$AA?$AA@FNODOBFM@ 00000000000361c0     ntdriver.obj
 0001:00025200       ??_C@_1EC@JFOBAPGC@?$AAI?$AAO?$AAC?$AAT?$AAL?$AA_?$AAD?$AAI?$AAS?$AAK?$AA_?$AAI?$AAN?$AAT?$AAE?$AAR?$AAN?$AAA?$AAL?$AA_?$AAC?$AAL?$AAE?$AAA?$AAR?$AA_?$AAV?$AAE?$AAR?$AAI?$AAF?$AAY@FNODOBFM@ 0000000000036200     ntdriver.obj
 0001:00025250       ??_C@_1DA@DLMBEKMN@?$AAI?$AAO?$AAC?$AAT?$AAL?$AA_?$AAD?$AAI?$AAS?$AAK?$AA_?$AAC?$AAH?$AAE?$AAC?$AAK?$AA_?$AAV?$AAE?$AAR?$AAI?$AAF?$AAY?$AA?$AA@FNODOBFM@ 0000000000036250     ntdriver.obj
 0001:00025280       ??_C@_1DC@NMJCPDJD@?$AAI?$AAO?$AAC?$AAT?$AAL?$AA_?$AAD?$AAI?$AAS?$AAK?$AA_?$AAM?$AAE?$AAD?$AAI?$AAA?$AA_?$AAR?$AAE?$AAM?$AAO?$AAV?$AAA?$AAL?$AA?$AA@FNODOBFM@ 0000000000036280     ntdriver.obj
 0001:000252c0       ??_C@_1CO@KHEOABCH@?$AAI?$AAO?$AAC?$AAT?$AAL?$AA_?$AAD?$AAI?$AAS?$AAK?$AA_?$AAE?$AAJ?$AAE?$AAC?$AAT?$AA_?$AAM?$AAE?$AAD?$AAI?$AAA?$AA?$AA@FNODOBFM@ 00000000000362c0     ntdriver.obj
 0001:000252f0       ??_C@_1CM@GNBBIMEE@?$AAI?$AAO?$AAC?$AAT?$AAL?$AA_?$AAD?$AAI?$AAS?$AAK?$AA_?$AAL?$AAO?$AAA?$AAD?$AA_?$AAM?$AAE?$AAD?$AAI?$AAA?$AA?$AA@FNODOBFM@ 00000000000362f0     ntdriver.obj
 0001:00025320       ??_C@_1CG@MJDBKCLM@?$AAI?$AAO?$AAC?$AAT?$AAL?$AA_?$AAD?$AAI?$AAS?$AAK?$AA_?$AAR?$AAE?$AAS?$AAE?$AAR?$AAV?$AAE?$AA?$AA@FNODOBFM@ 0000000000036320     ntdriver.obj
 0001:00025350       ??_C@_1CG@BFEEHHEK@?$AAI?$AAO?$AAC?$AAT?$AAL?$AA_?$AAD?$AAI?$AAS?$AAK?$AA_?$AAR?$AAE?$AAL?$AAE?$AAA?$AAS?$AAE?$AA?$AA@FNODOBFM@ 0000000000036350     ntdriver.obj
 0001:00025380       ??_C@_1DI@EBJJOMKC@?$AAI?$AAO?$AAC?$AAT?$AAL?$AA_?$AAD?$AAI?$AAS?$AAK?$AA_?$AAF?$AAI?$AAN?$AAD?$AA_?$AAN?$AAE?$AAW?$AA_?$AAD?$AAE?$AAV?$AAI?$AAC?$AAE?$AAS?$AA?$AA@FNODOBFM@ 0000000000036380     ntdriver.obj
 0001:000253c0       ??_C@_1DG@MIHPHMPG@?$AAI?$AAO?$AAC?$AAT?$AAL?$AA_?$AAD?$AAI?$AAS?$AAK?$AA_?$AAG?$AAE?$AAT?$AA_?$AAM?$AAE?$AAD?$AAI?$AAA?$AA_?$AAT?$AAY?$AAP?$AAE?$AAS?$AA?$AA@FNODOBFM@ 00000000000363c0     ntdriver.obj
 0001:00025400       ??_C@_1DO@MEELNMKF@?$AAI?$AAO?$AAC?$AAT?$AAL?$AA_?$AAS?$AAT?$AAO?$AAR?$AAA?$AAG?$AAE?$AA_?$AAS?$AAE?$AAT?$AA_?$AAH?$AAO?$AAT?$AAP?$AAL?$AAU?$AAG?$AA_?$AAI?$AAN?$AAF?$AAO?$AA?$AA@FNODOBFM@ 0000000000036400     ntdriver.obj
 0001:00025440       ??_C@_1BI@CFPHGFDN@?$AAI?$AAR?$AAP?$AA_?$AAM?$AAJ?$AA_?$AAR?$AAE?$AAA?$AAD?$AA?$AA@FNODOBFM@ 0000000000036440     ntdriver.obj
 0001:00025460       ??_C@_1BK@HGBIKEDO@?$AAI?$AAR?$AAP?$AA_?$AAM?$AAJ?$AA_?$AAW?$AAR?$AAI?$AAT?$AAE?$AA?$AA@FNODOBFM@ 0000000000036460     ntdriver.obj
 0001:00025480       ??_C@_1BM@KFEHBPBD@?$AAI?$AAR?$AAP?$AA_?$AAM?$AAJ?$AA_?$AAC?$AAR?$AAE?$AAA?$AAT?$AAE?$AA?$AA@FNODOBFM@ 0000000000036480     ntdriver.obj
 0001:000254a0       ??_C@_1BK@JLALPKNJ@?$AAI?$AAR?$AAP?$AA_?$AAM?$AAJ?$AA_?$AAC?$AAL?$AAO?$AAS?$AAE?$AA?$AA@FNODOBFM@ 00000000000364a0     ntdriver.obj
 0001:000254c0       ??_C@_1BO@GEGOKABG@?$AAI?$AAR?$AAP?$AA_?$AAM?$AAJ?$AA_?$AAC?$AAL?$AAE?$AAA?$AAN?$AAU?$AAP?$AA?$AA@FNODOBFM@ 00000000000364c0     ntdriver.obj
 0001:000254e0       ??_C@_1CK@MCKHKFDD@?$AAI?$AAR?$AAP?$AA_?$AAM?$AAJ?$AA_?$AAF?$AAL?$AAU?$AAS?$AAH?$AA_?$AAB?$AAU?$AAF?$AAF?$AAE?$AAR?$AAS?$AA?$AA@FNODOBFM@ 00000000000364e0     ntdriver.obj
 0001:00025510       ??_C@_1CA@FOECGGNC@?$AAI?$AAR?$AAP?$AA_?$AAM?$AAJ?$AA_?$AAS?$AAH?$AAU?$AAT?$AAD?$AAO?$AAW?$AAN?$AA?$AA@FNODOBFM@ 0000000000036510     ntdriver.obj
 0001:00025530       ??_C@_1CM@DKLAEDLO@?$AAI?$AAR?$AAP?$AA_?$AAM?$AAJ?$AA_?$AAD?$AAE?$AAV?$AAI?$AAC?$AAE?$AA_?$AAC?$AAO?$AAN?$AAT?$AAR?$AAO?$AAL?$AA?$AA@FNODOBFM@ 0000000000036530     ntdriver.obj
 0001:00025560       ??_C@_1M@KHJOIALG@?$AAI?$AAO?$AAC?$AAT?$AAL?$AA?$AA@FNODOBFM@ 0000000000036560     ntdriver.obj
 0001:00025570       ??_C@_0BN@OKCPOKLC@GSTDeleteDeviceObject?5BEGIN?6?$AA@FNODOBFM@ 0000000000036570     ntdriver.obj
 0001:00025590       ??_C@_1CM@JDHADMGE@?$AA?2?$AAD?$AAo?$AAs?$AAD?$AAe?$AAv?$AAi?$AAc?$AAe?$AAs?$AA?2?$AAG?$AAo?$AAs?$AAt?$AAC?$AAr?$AAy?$AAp?$AAt?$AA?$AA@FNODOBFM@ 0000000000036590     ntdriver.obj
 0001:000255c0       ??_C@_0CP@NIIDLADO@IoDeleteSymbolicLink?5failed?5ntSt@FNODOBFM@ 00000000000365c0     ntdriver.obj
 0001:000255f0       ??_C@_1EA@FPAPEGHJ@?$AAP?$AAs?$AAD?$AAe?$AAr?$AAe?$AAf?$AAe?$AAr?$AAe?$AAn?$AAc?$AAe?$AAI?$AAm?$AAp?$AAe?$AAr?$AAs?$AAo?$AAn?$AAa?$AAt?$AAi?$AAo?$AAn?$AAT?$AAo?$AAk?$AAe?$AAn?$AA?$AA@FNODOBFM@ 00000000000365f0     ntdriver.obj
 0001:00025630       ??_C@_0BL@IPOBHCAN@GSTDeleteDeviceObject?5END?6?$AA@FNODOBFM@ 0000000000036630     ntdriver.obj
 0001:00025650       ??_C@_0BH@CIHDGGMI@GSTUnloadDriver?5BEGIN?6?$AA@FNODOBFM@ 0000000000036650     ntdriver.obj
 0001:00025670       ??_C@_0BF@ECIECEFH@GSTUnloadDriver?5END?6?$AA@FNODOBFM@ 0000000000036670     ntdriver.obj
 0001:00025690       ??_C@_0BH@BPCEMJJB@IRP?5allocation?5failed?6?$AA@FNODOBFM@ 0000000000036690     ntdriver.obj
 0001:000256b0       ??_C@_0CF@BFNPLHIK@Failed?5to?5get?5drive?5size?5?9?5error@FNODOBFM@ 00000000000366b0     ntdriver.obj
 0001:000256e0       ??_C@_0CO@FHHNLLNJ@Real?5drive?5size?5?$DN?5?$CFI64d?5bytes?5?$CI?$CF@FNODOBFM@ 00000000000366e0     ntdriver.obj
 0001:00025710       ??_C@_0CB@JIDCFMLM@Volume?5?$CFls?5open?5NTSTATUS?50x?$CF08x?6@FNODOBFM@ 0000000000036710     ntdriver.obj
 0001:00025740       ??_C@_0CA@MOHACMBH@KeGetCurrentIrql?$CI?$CJ?5?$DM?$DN?5APC_LEVEL?$AA@FNODOBFM@ 0000000000036740     ntdriver.obj
 0001:00025760       ??_C@_0CC@INHNDJGI@IoCreateSymbolicLink?5returned?5?$CFX@FNODOBFM@ 0000000000036760     ntdriver.obj
 0001:00025790       ??_C@_0CC@KAFJKDAC@IoDeleteSymbolicLink?5returned?5?$CFX@FNODOBFM@ 0000000000036790     ntdriver.obj
 0001:000257c0       ??_C@_1DE@MJJBHHAG@?$AA?2?$AAD?$AAe?$AAv?$AAi?$AAc?$AAe?$AA?2?$AAM?$AAo?$AAu?$AAn?$AAt?$AAP?$AAo?$AAi?$AAn?$AAt?$AAM?$AAa?$AAn?$AAa?$AAg?$AAe?$AAr?$AA?$AA@FNODOBFM@ 00000000000367c0     ntdriver.obj
 0001:00025800       ??_C@_0CO@FHIENMIJ@IOCTL_MOUNTMGR_DELETE_POINTS?5ret@FNODOBFM@ 0000000000036800     ntdriver.obj
 0001:00025830       ??_C@_0BL@PIKDDHEP@Mount?5request?5looks?5valid?6?$AA@FNODOBFM@ 0000000000036830     ntdriver.obj
 0001:00025850       ??_C@_0CF@CGPMKDKJ@WARNING?3?5MOUNT?5DRIVE?5LETTER?5INVA@FNODOBFM@ 0000000000036850     ntdriver.obj
 0001:00025880       ??_C@_0CO@NNHGPFIJ@Mount?5CREATE?5DEVICE?5ERROR?0?5ntSta@FNODOBFM@ 0000000000036880     ntdriver.obj
 0001:000258b0       ??_C@_0CL@KIIHMHE@Mount?5FAILURE?5NT?5ERROR?0?5ntStatus@FNODOBFM@ 00000000000368b0     ntdriver.obj
 0001:000258e0       ??_C@_0DA@KKKCGJKE@Mount?5SUCCESS?5GST?5code?5?$DN?50x?$CF08x?5@FNODOBFM@ 00000000000368e0     ntdriver.obj
 0001:00025910       ??_C@_0CB@DOMBPHHO@Mount?5FAILURE?5GST?5code?5?$DN?50x?$CF08x?6@FNODOBFM@ 0000000000036910     ntdriver.obj
 0001:00025940       ??_C@_0BC@FNOALNCB@UnmountDevice?5?$CFd?6?$AA@FNODOBFM@ 0000000000036940     ntdriver.obj
 0001:00025960       ??_C@_0BP@EOHNIHMK@FSCTL_LOCK_VOLUME?5returned?5?$CFX?6?$AA@FNODOBFM@ 0000000000036960     ntdriver.obj
 0001:00025980       ??_C@_0CD@FFMFJFAI@FSCTL_DISMOUNT_VOLUME?5returned?5?$CF@FNODOBFM@ 0000000000036980     ntdriver.obj
 0001:000259b0       ??_C@_0BI@OJEECLJN@Unmounting?5all?5volumes?6?$AA@FNODOBFM@ 00000000000369b0     ntdriver.obj
 0001:000259d0       ??_C@_0CJ@KBGIGBCB@?$CBIoIsSystemThread?5?$CIPsGetCurrentT@FNODOBFM@ 00000000000369d0     ntdriver.obj
 0001:00025a00       ??_C@_0BK@BGEEJMHD@?$CImaxSizeInBytes?5?$CG?51?$CJ?5?$DN?$DN?50?$AA@FNODOBFM@ 0000000000036a00     ntdriver.obj
 0001:00025a20       ??_C@_1MA@BNNNAGDA@?$AA?2?$AAR?$AAE?$AAG?$AAI?$AAS?$AAT?$AAR?$AAY?$AA?2?$AAM?$AAA?$AAC?$AAH?$AAI?$AAN?$AAE?$AA?2?$AAS?$AAY?$AAS?$AAT?$AAE?$AAM?$AA?2?$AAC?$AAu?$AAr?$AAr?$AAe?$AAn?$AAt@FNODOBFM@ 0000000000036a20     ntdriver.obj
 0001:00025ae0       ??_C@_1BK@FNJCPENK@?$AAU?$AAp?$AAp?$AAe?$AAr?$AAF?$AAi?$AAl?$AAt?$AAe?$AAr?$AAs?$AA?$AA@FNODOBFM@ 0000000000036ae0     ntdriver.obj
 0001:00025b00       ??_C@_1BE@NLKDDOJN@?$AAg?$AAo?$AAs?$AAt?$AAc?$AAr?$AAy?$AAp?$AAt?$AA?$AA@FNODOBFM@ 0000000000036b00     ntdriver.obj
 0001:00025b20       ??_C@_0BM@GOBMMLHF@Volume?5class?5filter?5active?6?$AA@FNODOBFM@ 0000000000036b20     ntdriver.obj
 0001:00025b40       ??_C@_1HM@FBFGPOIK@?$AA?2?$AAR?$AAE?$AAG?$AAI?$AAS?$AAT?$AAR?$AAY?$AA?2?$AAM?$AAA?$AAC?$AAH?$AAI?$AAN?$AAE?$AA?2?$AAS?$AAY?$AAS?$AAT?$AAE?$AAM?$AA?2?$AAC?$AAu?$AAr?$AAr?$AAe?$AAn?$AAt@FNODOBFM@ 0000000000036b40     ntdriver.obj
 0001:00025bc0       ??_C@_1CA@KPILIDPC@?$AAG?$AAo?$AAs?$AAt?$AAC?$AAr?$AAy?$AAp?$AAt?$AAC?$AAo?$AAn?$AAf?$AAi?$AAg?$AA?$AA@FNODOBFM@ 0000000000036bc0     ntdriver.obj
 0001:00025be0       ??_C@_0BM@LHOAOPML@Configuration?5flags?5?$DN?50x?$CFx?6?$AA@FNODOBFM@ 0000000000036be0     ntdriver.obj
 0001:00025c00       ??_C@_1EA@BHENEMCP@?$AAG?$AAo?$AAs?$AAt?$AAC?$AAr?$AAy?$AAp?$AAt?$AAE?$AAn?$AAc?$AAr?$AAy?$AAp?$AAt?$AAi?$AAo?$AAn?$AAF?$AAr?$AAe?$AAe?$AAC?$AAp?$AAu?$AAC?$AAo?$AAu?$AAn?$AAt?$AA?$AA@FNODOBFM@ 0000000000036c00     ntdriver.obj
 0001:00025c40       ??_C@_0BJ@BHMICMIC@Zeroing?5sector?5at?5?$CFI64d?6?$AA@FNODOBFM@ 0000000000036c40     ntdriver.obj
 0001:00025c60       ??_C@_0BO@NFNIJFEK@Skipping?5bad?5sector?5at?5?$CFI64d?6?$AA@FNODOBFM@ 0000000000036c60     ntdriver.obj
 0001:00025c80       ??_C@_0BE@JBJOLBIB@OsMajorVersion?5?$CB?$DN?50?$AA@FNODOBFM@ 0000000000036c80     ntdriver.obj
 0001:00025ca0       ??_C@_0ED@EAABHCEJ@ZwQueryInformationFile?5failed?5wh@FNODOBFM@ 0000000000036ca0     ntvol.obj
 0001:00025cf0       ??_C@_0DF@LEPAODFF@File?5?$CC?$CFls?$CC?5is?5marked?5as?5compress@FNODOBFM@ 0000000000036cf0     ntvol.obj
 0001:00025d30       ??_C@_0BP@BKDGGJEA@Trying?5to?5open?5volume?5type?5?$CFd?6?$AA@FNODOBFM@ 0000000000036d30     ntvol.obj
 0001:00025d50       ??_C@_0CA@IGALEGOK@Reading?5volume?5header?5at?5?$CFI64d?6?$AA@FNODOBFM@ 0000000000036d50     ntvol.obj
 0001:00025d70       ??_C@_1DM@FMJIKGBL@?$AA?2?$AAD?$AAe?$AAv?$AAi?$AAc?$AAe?$AA?2?$AAH?$AAa?$AAr?$AAd?$AAd?$AAi?$AAs?$AAk?$AA?$CF?$AAd?$AA?2?$AAP?$AAa?$AAr?$AAt?$AAi?$AAt?$AAi?$AAo?$AAn?$AA0?$AA?$AA@FNODOBFM@ 0000000000036d70     ntvol.obj
 0001:00025db0       ??_C@_0FD@BKFNIFNN@Mounting?5partition?5within?5scope?5@FNODOBFM@ 0000000000036db0     ntvol.obj
 0001:00025e10       ??_C@_0BB@IPFFEHBJ@Cannot?5open?5?$CFls?6?$AA@FNODOBFM@ 0000000000036e10     ntvol.obj
 0001:00025e30       ??_C@_0BO@FHFPMFGI@Read?5failed?3?5NTSTATUS?50x?$CF08x?6?$AA@FNODOBFM@ 0000000000036e30     ntvol.obj
 0001:00025e50       ??_C@_0BO@DBKGEMGK@Read?5didn?8t?5read?5enough?5data?6?$AA@FNODOBFM@ 0000000000036e50     ntvol.obj
 0001:00025e70       ??_C@_0BJ@JCBFCEPL@Volume?5header?5decrypted?6?$AA@FNODOBFM@ 0000000000036e70     ntvol.obj
 0001:00025e90       ??_C@_0BP@GNIOJEAD@Required?5program?5version?5?$DN?5?$CFx?6?$AA@FNODOBFM@ 0000000000036e90     ntvol.obj
 0001:00025eb0       ??_C@_0BE@LHJMDIKA@Legacy?5volume?5?$DN?5?$CFd?6?$AA@FNODOBFM@ 0000000000036eb0     ntvol.obj
 0001:00025ed0       ??_C@_0BO@HCAAKCJO@Hidden?5volume?5offset?5?$DN?5?$CFI64d?6?$AA@FNODOBFM@ 0000000000036ed0     ntvol.obj
 0001:00025ef0       ??_C@_0BM@CHOGCNPN@Hidden?5volume?5size?5?$DN?5?$CFI64d?6?$AA@FNODOBFM@ 0000000000036ef0     ntvol.obj
 0001:00025f10       ??_C@_0BL@DBKGLLJI@Hidden?5volume?5end?5?$DN?5?$CFI64d?6?$AA@FNODOBFM@ 0000000000036f10     ntvol.obj
 0001:00025f30       ??_C@_0DG@NLAOEFNO@Hidden?5volume?5protection?5active?3@FNODOBFM@ 0000000000036f30     ntvol.obj
 0001:00025f70       ??_C@_0BM@CDNAEGGM@Volume?5data?5offset?5?$DN?5?$CFI64d?6?$AA@FNODOBFM@ 0000000000036f70     ntvol.obj
 0001:00025f90       ??_C@_0BK@BIKGCOPF@Volume?5data?5size?5?$DN?5?$CFI64d?6?$AA@FNODOBFM@ 0000000000036f90     ntvol.obj
 0001:00025fb0       ??_C@_0BJ@MEKDGODO@Volume?5data?5end?5?$DN?5?$CFI64d?6?$AA@FNODOBFM@ 0000000000036fb0     ntvol.obj
 0001:00025fd0       ??_C@_0BH@JONGPBLO@Incorrect?5volume?5size?6?$AA@FNODOBFM@ 0000000000036fd0     ntvol.obj
 0001:00025ff0       ??_C@_1BC@MAMPPFNN@?$AA?2?$AA?$DP?$AA?$DP?$AA?2?$AAU?$AAN?$AAC?$AA?2?$AA?$AA@FNODOBFM@ 0000000000036ff0     ntvol.obj
 0001:00026010       ??_C@_1BA@GIIKONIJ@?$AA?2?$AA?$DP?$AA?$DP?$AA?2?$AA?2?$AA?$CF?$AAs?$AA?$AA@FNODOBFM@ 0000000000037010     ntvol.obj
 0001:00026020       ??_C@_0EE@JIJFFNGM@ZwQueryInformationFile?5failed?5in@FNODOBFM@ 0000000000037020     ntvol.obj
 0001:00026070       ??_C@_0EC@JFODFBAB@ZwSetInformationFile?5failed?5in?5R@FNODOBFM@ 0000000000037070     ntvol.obj
 0001:000260c0       ??_C@_0BO@INEJHKOL@VolumeFilterAddDevice?5pdo?$DN?$CFp?6?$AA@FNODOBFM@ 00000000000370c0     volumefilter.obj
 0001:000260e0       ??_C@_0JJ@FGAHJPEG@c?3?2users?2alexis?2desktop?2sources_@FNODOBFM@ 00000000000370e0     volumefilter.obj
 0001:00026180       ??_C@_0CD@FGGJENKJ@GST_IOCTL_DISK_IS_WRITABLE?5pdo?$DN?$CF@FNODOBFM@ 0000000000037180     volumefilter.obj
 0001:000261b0       ??_C@_0CD@BENKCDLN@IRP_MN_START_DEVICE?5volume?5pdo?$DN?$CF@FNODOBFM@ 00000000000371b0     volumefilter.obj
 0001:000261e0       ??_C@_0CE@GJODMOBD@IRP_MN_REMOVE_DEVICE?5volume?5pdo?$DN@FNODOBFM@ 00000000000371e0     volumefilter.obj
 0001:00026210       ??_C@_0DL@GNELLIFI@?$CBExtension?9?$DObRootDevice?5?$CG?$CG?5Exten@FNODOBFM@ 0000000000037210     volumefilter.obj
 0001:00026250       ??_C@_01OGPIMHDM@?$DP?$AA@FNODOBFM@ 0000000000037250     Common:crypto.obj
 0001:00026260       ??_C@_01JOAMLHOP@?9?$AA@FNODOBFM@ 0000000000037260     Common:crypto.obj
 0001:00026270       ??_C@_0O@POKHNLDL@GOST?528147?989?$AA@FNODOBFM@ 0000000000037270     Common:tests.obj
 0001:00026280       ??_C@_0BB@BMJBGELP@Gost?5Grasshopper?$AA@FNODOBFM@ 0000000000037280     Common:tests.obj
 0001:000262a0       ??_C@_04NDGDACAK@?$BC4Vx?$AA@FNODOBFM@ 00000000000372a0     Common:tests.obj
 0001:000262b0       ??_C@_08NLHBPEGP@password?$AA@FNODOBFM@ 00000000000372b0     Common:tests.obj
 0001:000262c0       ??_C@_04OCKEDGEH@P?$HM6o?$AA@FNODOBFM@ 00000000000372c0     Common:tests.obj
 0001:000262d0       ??_C@_0GB@BHABHNEI@P?$HM6o?n?$BA?4?$JK?b?$IK?U?$ICr?$HN?8?$AP?hM?$HPhz?O?$LF?gCg?$KK?$JI?$JDR?$CL?7@FNODOBFM@ 00000000000372d0     Common:tests.obj
 0001:00026340       ??_C@_04PJHJAIAI@?$HNS?$OA?$HO?$AA@FNODOBFM@ 0000000000037340     Common:tests.obj
 0001:00026350       ??_C@_04PKOKJPGE@?G?$BDV?$LG?$AA@FNODOBFM@ 0000000000037350     Common:tests.obj
 0002:00000000       __imp_ExFreePoolWithTag    0000000000038000     ntoskrnl:ntoskrnl.exe
 0002:00000008       __imp_KeInitializeMutex    0000000000038008     ntoskrnl:ntoskrnl.exe
 0002:00000010       __imp_PsSetLoadImageNotifyRoutine 0000000000038010     ntoskrnl:ntoskrnl.exe
 0002:00000018       __imp_IoDeleteDevice       0000000000038018     ntoskrnl:ntoskrnl.exe
 0002:00000020       __imp_KeSetEvent           0000000000038020     ntoskrnl:ntoskrnl.exe
 0002:00000028       __imp_IoFreeWorkItem       0000000000038028     ntoskrnl:ntoskrnl.exe
 0002:00000030       __imp_KeInitializeEvent    0000000000038030     ntoskrnl:ntoskrnl.exe
 0002:00000038       __imp_IoReleaseRemoveLockEx 0000000000038038     ntoskrnl:ntoskrnl.exe
 0002:00000040       __imp_KeReleaseSpinLock    0000000000038040     ntoskrnl:ntoskrnl.exe
 0002:00000048       __imp_MmFreeContiguousMemory 0000000000038048     ntoskrnl:ntoskrnl.exe
 0002:00000050       __imp_IoDetachDevice       0000000000038050     ntoskrnl:ntoskrnl.exe
 0002:00000058       __imp_MmUnmapIoSpace       0000000000038058     ntoskrnl:ntoskrnl.exe
 0002:00000060       __imp_MmBuildMdlForNonPagedPool 0000000000038060     ntoskrnl:ntoskrnl.exe
 0002:00000068       __imp_IoFreeMdl            0000000000038068     ntoskrnl:ntoskrnl.exe
 0002:00000070       __imp_KeReleaseMutex       0000000000038070     ntoskrnl:ntoskrnl.exe
 0002:00000078       __imp_PsTerminateSystemThread 0000000000038078     ntoskrnl:ntoskrnl.exe
 0002:00000080       __imp_IoAllocateWorkItem   0000000000038080     ntoskrnl:ntoskrnl.exe
 0002:00000088       __imp_MmMapIoSpace         0000000000038088     ntoskrnl:ntoskrnl.exe
 0002:00000090       __imp_PoStartNextPowerIrp  0000000000038090     ntoskrnl:ntoskrnl.exe
 0002:00000098       __imp_IoReleaseRemoveLockAndWaitEx 0000000000038098     ntoskrnl:ntoskrnl.exe
 0002:000000a0       __imp_KeWaitForSingleObject 00000000000380a0     ntoskrnl:ntoskrnl.exe
 0002:000000a8       __imp_KeBugCheckEx         00000000000380a8     ntoskrnl:ntoskrnl.exe
 0002:000000b0       __imp_IoGetAttachedDeviceReference 00000000000380b0     ntoskrnl:ntoskrnl.exe
 0002:000000b8       __imp_IoAttachDeviceToDeviceStack 00000000000380b8     ntoskrnl:ntoskrnl.exe
 0002:000000c0       __imp_PoCallDriver         00000000000380c0     ntoskrnl:ntoskrnl.exe
 0002:000000c8       __imp_ObfDereferenceObject 00000000000380c8     ntoskrnl:ntoskrnl.exe
 0002:000000d0       __imp_IoInitializeRemoveLockEx 00000000000380d0     ntoskrnl:ntoskrnl.exe
 0002:000000d8       __imp_IoCreateDevice       00000000000380d8     ntoskrnl:ntoskrnl.exe
 0002:000000e0       __imp_IoQueueWorkItem      00000000000380e0     ntoskrnl:ntoskrnl.exe
 0002:000000e8       __imp_RtlAssert            00000000000380e8     ntoskrnl:ntoskrnl.exe
 0002:000000f0       __imp_IoIsSystemThread     00000000000380f0     ntoskrnl:ntoskrnl.exe
 0002:000000f8       __imp_DbgPrint             00000000000380f8     ntoskrnl:ntoskrnl.exe
 0002:00000100       __imp_IoAllocateMdl        0000000000038100     ntoskrnl:ntoskrnl.exe
 0002:00000108       __imp_MmAllocateContiguousMemory 0000000000038108     ntoskrnl:ntoskrnl.exe
 0002:00000110       __imp_IofCallDriver        0000000000038110     ntoskrnl:ntoskrnl.exe
 0002:00000118       __imp_KeAcquireSpinLockRaiseToDpc 0000000000038118     ntoskrnl:ntoskrnl.exe
 0002:00000120       __imp_MmMapLockedPagesSpecifyCache 0000000000038120     ntoskrnl:ntoskrnl.exe
 0002:00000128       __imp_KeClearEvent         0000000000038128     ntoskrnl:ntoskrnl.exe
 0002:00000130       __imp_ZwReadFile           0000000000038130     ntoskrnl:ntoskrnl.exe
 0002:00000138       __imp_KeSetPriorityThread  0000000000038138     ntoskrnl:ntoskrnl.exe
 0002:00000140       __imp_ExInterlockedInsertTailList 0000000000038140     ntoskrnl:ntoskrnl.exe
 0002:00000148       __imp_SeImpersonateClientEx 0000000000038148     ntoskrnl:ntoskrnl.exe
 0002:00000150       __imp_ExInterlockedRemoveHeadList 0000000000038150     ntoskrnl:ntoskrnl.exe
 0002:00000158       __imp_ZwWriteFile          0000000000038158     ntoskrnl:ntoskrnl.exe
 0002:00000160       __imp_SeTokenIsAdmin       0000000000038160     ntoskrnl:ntoskrnl.exe
 0002:00000168       __imp_IoAcquireRemoveLockEx 0000000000038168     ntoskrnl:ntoskrnl.exe
 0002:00000170       __imp_IoBuildDeviceIoControlRequest 0000000000038170     ntoskrnl:ntoskrnl.exe
 0002:00000178       __imp_IoDeleteSymbolicLink 0000000000038178     ntoskrnl:ntoskrnl.exe
 0002:00000180       __imp_IoRegisterShutdownNotification 0000000000038180     ntoskrnl:ntoskrnl.exe
 0002:00000188       __imp_IoBuildSynchronousFsdRequest 0000000000038188     ntoskrnl:ntoskrnl.exe
 0002:00000190       __imp_ZwQuerySymbolicLinkObject 0000000000038190     ntoskrnl:ntoskrnl.exe
 0002:00000198       __imp_IoGetRelatedDeviceObject 0000000000038198     ntoskrnl:ntoskrnl.exe
 0002:000001a0       __imp_RtlInitUnicodeString 00000000000381a0     ntoskrnl:ntoskrnl.exe
 0002:000001a8       __imp_RtlEqualSid          00000000000381a8     ntoskrnl:ntoskrnl.exe
 0002:000001b0       __imp_RtlCopySid           00000000000381b0     ntoskrnl:ntoskrnl.exe
 0002:000001b8       __imp_MmGetSystemRoutineAddress 00000000000381b8     ntoskrnl:ntoskrnl.exe
 0002:000001c0       __imp_wcsncat              00000000000381c0     ntoskrnl:ntoskrnl.exe
 0002:000001c8       __imp_ZwOpenSymbolicLinkObject 00000000000381c8     ntoskrnl:ntoskrnl.exe
 0002:000001d0       __imp_KeSetTimerEx         00000000000381d0     ntoskrnl:ntoskrnl.exe
 0002:000001d8       __imp_SeReleaseSubjectContext 00000000000381d8     ntoskrnl:ntoskrnl.exe
 0002:000001e0       __imp_SeCreateClientSecurity 00000000000381e0     ntoskrnl:ntoskrnl.exe
 0002:000001e8       __imp_ObQueryNameString    00000000000381e8     ntoskrnl:ntoskrnl.exe
 0002:000001f0       __imp_ZwCreateFile         00000000000381f0     ntoskrnl:ntoskrnl.exe
 0002:000001f8       __imp_PsCreateSystemThread 00000000000381f8     ntoskrnl:ntoskrnl.exe
 0002:00000200       __imp_IoGetDeviceObjectPointer 0000000000038200     ntoskrnl:ntoskrnl.exe
 0002:00000208       __imp_ZwQueryValueKey      0000000000038208     ntoskrnl:ntoskrnl.exe
 0002:00000210       __imp_SeCaptureSubjectContext 0000000000038210     ntoskrnl:ntoskrnl.exe
 0002:00000218       __imp_ZwClose              0000000000038218     ntoskrnl:ntoskrnl.exe
 0002:00000220       __imp_IofCompleteRequest   0000000000038220     ntoskrnl:ntoskrnl.exe
 0002:00000228       __imp_SeQueryInformationToken 0000000000038228     ntoskrnl:ntoskrnl.exe
 0002:00000230       __imp_KeInitializeSemaphore 0000000000038230     ntoskrnl:ntoskrnl.exe
 0002:00000238       __imp_ObReferenceObjectByHandle 0000000000038238     ntoskrnl:ntoskrnl.exe
 0002:00000240       __imp_PsGetVersion         0000000000038240     ntoskrnl:ntoskrnl.exe
 0002:00000248       __imp_KeReleaseSemaphore   0000000000038248     ntoskrnl:ntoskrnl.exe
 0002:00000250       __imp_IoGetDeviceInterfaces 0000000000038250     ntoskrnl:ntoskrnl.exe
 0002:00000258       __imp_ObfReferenceObject   0000000000038258     ntoskrnl:ntoskrnl.exe
 0002:00000260       __imp_IoCreateSymbolicLink 0000000000038260     ntoskrnl:ntoskrnl.exe
 0002:00000268       __imp_IoEnumerateDeviceObjectList 0000000000038268     ntoskrnl:ntoskrnl.exe
 0002:00000270       __imp_KeInitializeTimerEx  0000000000038270     ntoskrnl:ntoskrnl.exe
 0002:00000278       __imp_ObOpenObjectByPointer 0000000000038278     ntoskrnl:ntoskrnl.exe
 0002:00000280       __imp_RtlLengthSid         0000000000038280     ntoskrnl:ntoskrnl.exe
 0002:00000288       __imp_SeTokenType          0000000000038288     ntoskrnl:ntoskrnl.exe
 0002:00000290       __imp_ZwOpenKey            0000000000038290     ntoskrnl:ntoskrnl.exe
 0002:00000298       __imp__snwprintf           0000000000038298     ntoskrnl:ntoskrnl.exe
 0002:000002a0       __imp_wcsncpy              00000000000382a0     ntoskrnl:ntoskrnl.exe
 0002:000002a8       __imp_ZwSetInformationFile 00000000000382a8     ntoskrnl:ntoskrnl.exe
 0002:000002b0       IoFileObjectType           00000000000382b0     ntoskrnl:ntoskrnl.exe
 0002:000002b0       __imp_IoFileObjectType     00000000000382b0     ntoskrnl:ntoskrnl.exe
 0002:000002b8       __imp_wcsstr               00000000000382b8     ntoskrnl:ntoskrnl.exe
 0002:000002c0       __imp_ZwQueryInformationFile 00000000000382c0     ntoskrnl:ntoskrnl.exe
 0002:000002c8       __imp_KeQueryActiveProcessors 00000000000382c8     ntoskrnl:ntoskrnl.exe
 0002:000002d0       __imp_ExAllocatePoolWithTag 00000000000382d0     ntoskrnl:ntoskrnl.exe
 0002:000002d8       __imp_ExReleaseFastMutex   00000000000382d8     ntoskrnl:ntoskrnl.exe
 0002:000002e0       __imp_ExAcquireFastMutex   00000000000382e0     ntoskrnl:ntoskrnl.exe
 0002:000002e8       __imp___C_specific_handler 00000000000382e8     ntoskrnl:ntoskrnl.exe
 0002:000002f0       \177ntoskrnl_NULL_THUNK_DATA 00000000000382f0     ntoskrnl:ntoskrnl.exe
 0002:00000320       GUID_DEVINTERFACE_VOLUME   0000000000038320     uuid:cguid_i.obj
 0002:00000330       ??_C@_09HLDHDDJL@Whirlpool?$AA@ 0000000000038330     Common:crypto.obj
 0002:00000340       ??_C@_0BA@KDEBPBMN@GOST?5R?534?411?994?$AA@ 0000000000038340     Common:crypto.obj
 0002:00000350       ??_C@_0BC@IEIFLFFI@GOST?5R?534?411?92012?$AA@ 0000000000038350     Common:crypto.obj
 0002:00000368       ??_C@_0BB@BMJBGELP@Gost?5Grasshopper?$AA@ 0000000000038368     Common:crypto.obj
 0002:00000380       ??_C@_0O@POKHNLDL@GOST?528147?989?$AA@ 0000000000038380     Common:crypto.obj
 0002:00000390       ??_C@_0EB@NCCFEKHJ@t?$IKd?$JE?$LI4?$LNr?$JF?$KC?$DL?$BB?$IG?$BNF?g?$II?$APe?$JI?ST?a?$LCJ5?B?$KC?$IFA?$AI?$IF@ 0000000000038390     Common:tests.obj
 0002:000003d8       ??_C@_0CB@IGIOKONH@R5?$LH?$BHV?$LIu?$CB?J?iR?$JL?$CB?$JH?$DOmNT?$BC?$PMap?$EA?zFL?w$?$JN?$CI?$NO?$BN@ 00000000000383d8     Common:tests.obj
 0002:00000400       ??_C@_0EB@PHFBDMAI@?$AD?$JB?R?$IA?$AA?$LGb?$LL?$LI?f?$CD?$DO?hl?r?$LC?$IEtLs?$ILX?$AA?$LK?$CI?$BC?mRo?c?$BF?3@ 0000000000038400     Common:tests.obj
 0002:00000448       ??_C@_0DJ@NGDOEGCI@abcdbcdecdefdefgefghfghighijhijk@ 0000000000038448     Common:tests.obj
 0002:00000490       ??_C@_0EB@DIMDKBBC@?$AA?$BB?$CC3DUfw?$II?$JJ?$KK?$LL?L?$NN?n?$PP?$AB?$CDEg?$IJ?$KL?M?o?$AA?$BB?$CC3DUfw@ 0000000000038490     Common:tests.obj
 0002:000004e0       T                          00000000000384e0     Crypto:stribog.obj
 0003:00000000       HotPatchBuffer             0000000000041000     hotpatch.obj
 0003:00000100       __security_cookie          0000000000041100     BufferOverflowK:gs_support.obj
 0003:00000108       __security_cookie_complement 0000000000041108     BufferOverflowK:gs_support.obj
 0003:000003b0       pi                         00000000000413b0     Crypto:grasshoppercipher.obj
 0003:000004b0       pi_inv                     00000000000414b0     Crypto:grasshoppercipher.obj
 0003:000005b0       mult_mod_poly              00000000000415b0     Crypto:grasshoppercipher.obj
 0003:00000db0       XTS_vectors                0000000000041db0     Common:tests.obj
 0003:0000232c       cacheEmpty                 000000000004332c     Common:cache.obj
 0003:00002330       hmac_whirlpool_test_key    0000000000043330     Common:tests.obj
 0003:00002338       hmac_whirlpool_test_data   0000000000043338     Common:tests.obj
 0003:00002340       hmac_whirlpool_test_vectors 0000000000043340     Common:tests.obj
 0003:00002348       hmac_gosthash_test_key     0000000000043348     Common:tests.obj
 0003:00002350       hmac_gosthash_test_data    0000000000043350     Common:tests.obj
 0003:00002358       hmac_gosthash_test_vectors 0000000000043358     Common:tests.obj
 0003:00002360       hmac_stribog_test_key      0000000000043360     Common:tests.obj
 0003:00002368       hmac_stribog_test_data     0000000000043368     Common:tests.obj
 0003:00002370       hmac_stribog_test_vectors  0000000000043370     Common:tests.obj
 0003:000023e0       crc_32_tab                 00000000000433e0     Common:crc.obj
 0003:000069f4       BootArgsValid              00000000000479f4     drivefilter.obj
 0003:00006a30       EncryptionSetupThread      0000000000047a30     drivefilter.obj
 0003:00006a38       DecoySystemWipeThread      0000000000047a38     drivefilter.obj
 0003:00006a44       DriverShuttingDown         0000000000047a44     ntdriver.obj
 0003:00006a58       RootDeviceObject           0000000000047a58     ntdriver.obj
 0003:00006a60       OsMajorVersion             0000000000047a60     ntdriver.obj
 0003:00006a64       DriverUnloadDisabled       0000000000047a64     ntdriver.obj
 0003:00006a68       PortableMode               0000000000047a68     ntdriver.obj
 0003:00006a6c       VolumeClassFilterRegistered 0000000000047a6c     ntdriver.obj
 0003:00006a70       CacheBootPassword          0000000000047a70     ntdriver.obj
 0003:00006a74       NonAdminSystemFavoritesAccessDisabled 0000000000047a74     ntdriver.obj
 0003:00006a88       ProbingHostDeviceForWrite  0000000000047a88     ntvol.obj
 0003:00006a8c       HiddenSysLeakProtectionCount 0000000000047a8c     volumefilter.obj
 0003:00006a94       ReadVolumeHeaderRecoveryMode 0000000000047a94     Common:volumes.obj
 0003:00006ac0       CachedPasswords            0000000000047ac0     <common>
 0003:00006be0       GSTDriverObject            0000000000047be0     <common>
 0003:00006be8       SelfTestsPassed            0000000000047be8     <common>
 0003:00006bec       OsMinorVersion             0000000000047bec     <common>
 0003:00006bf0       LastUniqueVolumeId         0000000000047bf0     <common>
 0003:00006c00       VirtualVolumeDeviceObjects 0000000000047c00     <common>
 0003:00006ce0       BootArgs                   0000000000047ce0     <common>
 0005:00000010       DriverEntry                0000000000049010 f   ntdriver.obj
 0005:000001b0       GSTCreateRootDeviceObject  00000000000491b0 f   ntdriver.obj
 0005:000004c4       __security_init_cookie     00000000000494c4 f   BufferOverflowK:gs_support.obj
 0005:00000520       GsDriverEntry              0000000000049520 f   BufferOverflowK:gs_support.obj
 0005:00000540       ??_C@_0BN@IJHBALAF@DriverEntry?5GostCrypt?51?43?41?6?$AA@PBOPGDP@ 0000000000049540     ntdriver.obj
 0005:00000560       ??_C@_1CE@LFEKNJLC@?$AA?2?$AAD?$AAe?$AAv?$AAi?$AAc?$AAe?$AA?2?$AAG?$AAo?$AAs?$AAt?$AAC?$AAr?$AAy?$AAp?$AAt?$AA?$AA@PBOPGDP@ 0000000000049560     ntdriver.obj
 0005:00000590       ??_C@_1M@IOJLKPKK@?$AAS?$AAt?$AAa?$AAr?$AAt?$AA?$AA@PBOPGDP@ 0000000000049590     ntdriver.obj
 0005:000005a0       ??_C@_0CB@JKDEOCBN@GSTCreateRootDeviceObject?5BEGIN?6@PBOPGDP@ 00000000000495a0     ntdriver.obj
 0005:000005d0       ??_C@_0JF@EIKLNJII@c?3?2users?2alexis?2desktop?2sources_@PBOPGDP@ 00000000000495d0     ntdriver.obj
 0005:00000670       ??_C@_0CE@KKOENIAD@KeGetCurrentIrql?$CI?$CJ?5?$DN?$DN?5PASSIVE_LE@PBOPGDP@ 0000000000049670     ntdriver.obj
 0005:000006a0       ??_C@_1CM@JDHADMGE@?$AA?2?$AAD?$AAo?$AAs?$AAD?$AAe?$AAv?$AAi?$AAc?$AAe?$AAs?$AA?2?$AAG?$AAo?$AAs?$AAt?$AAC?$AAr?$AAy?$AAp?$AAt?$AA?$AA@PBOPGDP@ 00000000000496a0     ntdriver.obj
 0005:000006d0       ??_C@_0CF@KMOPKHLE@Creating?5root?5device?5nt?$DN?$CFls?5dos?$DN@PBOPGDP@ 00000000000496d0     ntdriver.obj
 0005:00000700       ??_C@_0DB@OPKDMPGO@GSTCreateRootDeviceObject?5NTSTAT@PBOPGDP@ 0000000000049700     ntdriver.obj
 0005:00000740       ??_C@_0CO@HAIDILJN@GSTCreateRootDeviceObject?5STATUS@PBOPGDP@ 0000000000049740     ntdriver.obj
 0005:00000770       __IMPORT_DESCRIPTOR_ntoskrnl 0000000000049770     ntoskrnl:ntoskrnl.exe
 0005:00000784       __NULL_IMPORT_DESCRIPTOR   0000000000049784     ntoskrnl:ntoskrnl.exe

 entry point at        0005:00000520

 Static symbols

 0001:00000a50       DismountDrive              0000000000011a50 f    CIL library: CIL module
 0001:00000b30       MountDrive                 0000000000011b30 f    CIL library: CIL module
 0001:00001550       SaveDriveVolumeHeader      0000000000012550 f    CIL library: CIL module
 0001:00001a00       PassFilteredIrp            0000000000012a00 f    CIL library: CIL module
 0001:00001a00       PassFilteredIrp            0000000000012a00 f    CIL library: CIL module
 0001:00001a70       IsVolumeDevice             0000000000012a70 f    CIL library: CIL module
 0001:00001c10       CheckDeviceTypeAndMount    0000000000012c10 f    CIL library: CIL module
 0001:00001d10       MountDriveWorkItemRoutine  0000000000012d10 f    CIL library: CIL module
 0001:00001d50       OnStartDeviceCompleted     0000000000012d50 f    CIL library: CIL module
 0001:00001e90       DispatchPnp                0000000000012e90 f    CIL library: CIL module
 0001:00002170       DispatchPower              0000000000013170 f    CIL library: CIL module
 0001:00002780       HiberDriverWriteFunctionFilter 0000000000013780 f    CIL library: CIL module
 0001:00002ac0       HiberDriverWriteFunctionAFilter0 0000000000013ac0 f    CIL library: CIL module
 0001:00002b10       HiberDriverWriteFunctionAFilter1 0000000000013b10 f    CIL library: CIL module
 0001:00002b60       HiberDriverWriteFunctionAFilter2 0000000000013b60 f    CIL library: CIL module
 0001:00002bb0       HiberDriverWriteFunctionBFilter0 0000000000013bb0 f    CIL library: CIL module
 0001:00002c00       HiberDriverWriteFunctionBFilter1 0000000000013c00 f    CIL library: CIL module
 0001:00002c50       HiberDriverWriteFunctionBFilter2 0000000000013c50 f    CIL library: CIL module
 0001:00002ca0       HiberDriverEntryFilter     0000000000013ca0 f    CIL library: CIL module
 0001:00002f20       HiberDriverEntryFilter0    0000000000013f20 f    CIL library: CIL module
 0001:00002f50       HiberDriverEntryFilter1    0000000000013f50 f    CIL library: CIL module
 0001:00002f80       HiberDriverEntryFilter2    0000000000013f80 f    CIL library: CIL module
 0001:00002fb0       LoadImageNotifyRoutine     0000000000013fb0 f    CIL library: CIL module
 0001:000033d0       SetupThreadProc            00000000000143d0 f    CIL library: CIL module
 0001:00004760       DecoySystemWipeThreadProc  0000000000015760 f    CIL library: CIL module
 0001:000052d0       DumpFilterStart            00000000000162d0 f    CIL library: CIL module
 0001:00005360       DumpFilterWrite            0000000000016360 f    CIL library: CIL module
 0001:00005740       DumpFilterFinish           0000000000016740 f    CIL library: CIL module
 0001:00005770       DumpFilterUnload           0000000000016770 f    CIL library: CIL module
 0001:00005800       AcquireBufferPoolMutex     0000000000016800 f    CIL library: CIL module
 0001:00005860       ReleaseBufferPoolMutex     0000000000016860 f    CIL library: CIL module
 0001:00005890       GetPoolBuffer              0000000000016890 f    CIL library: CIL module
 0001:00005a80       ReleasePoolBuffer          0000000000016a80 f    CIL library: CIL module
 0001:00005b50       FreePoolBuffers            0000000000016b50 f    CIL library: CIL module
 0001:00005c30       DecrementOutstandingIoCount 0000000000016c30 f    CIL library: CIL module
 0001:00005ca0       OnItemCompleted            0000000000016ca0 f    CIL library: CIL module
 0001:00005d70       CompleteOriginalIrp        0000000000016d70 f    CIL library: CIL module
 0001:00005dd0       AcquireFragmentBuffer      0000000000016dd0 f    CIL library: CIL module
 0001:00005e90       ReleaseFragmentBuffer      0000000000016e90 f    CIL library: CIL module
 0001:00005f30       CompletionThreadProc       0000000000016f30 f    CIL library: CIL module
 0001:000061a0       GSTCachedRead              00000000000171a0 f    CIL library: CIL module
 0001:00006300       IoThreadProc               0000000000017300 f    CIL library: CIL module
 0001:00006b60       MainThreadProc             0000000000017b60 f    CIL library: CIL module
 0001:0000d9c0       SendDeviceIoControlRequestWorkItemRoutine 000000000001e9c0 f    CIL library: CIL module
 0001:0000dff0       GSTReadWriteDevice         000000000001eff0 f    CIL library: CIL module
 0001:0000ef60       FindVolumeWithHighestUniqueId 000000000001ff60 f    CIL library: CIL module
 0001:00011d20       GSTSendHostDeviceIoControlRequest 0000000000022d20 f    CIL library: CIL module
 0001:00011eb0       RestoreTimeStamp           0000000000022eb0 f    CIL library: CIL module
 0001:000121b0       PassIrp                    00000000000231b0 f    CIL library: CIL module
 0001:000121b0       PassIrp                    00000000000231b0 f    CIL library: CIL module
 0001:000121f0       OnDeviceUsageNotificationCompleted 00000000000231f0 f    CIL library: CIL module
 0001:000121f0       OnDeviceUsageNotificationCompleted 00000000000231f0 f    CIL library: CIL module
 0001:00012270       OnStartDeviceCompleted     0000000000023270 f    CIL library: CIL module
 0001:000122f0       DispatchControl            00000000000232f0 f    CIL library: CIL module
 0001:000126b0       DispatchPnp                00000000000236b0 f    CIL library: CIL module
 0001:000128a0       DispatchPower              00000000000238a0 f    CIL library: CIL module
 0001:00015270       Wipe1PseudoRandom          0000000000026270 f    CIL library: CIL module
 0001:00015290       Wipe3Dod5220               0000000000026290 f    CIL library: CIL module
 0001:000152f0       Wipe7Dod5220               00000000000262f0 f    CIL library: CIL module
 0001:000153b0       Wipe35Gutmann              00000000000263b0 f    CIL library: CIL module
 0001:00016410       DoAutoTestAlgorithms       0000000000027410 f    CIL library: CIL module
 0001:00016910       GetWorkItemState           0000000000027910 f    CIL library: CIL module
 0001:00016930       SetWorkItemState           0000000000027930 f    CIL library: CIL module
 0001:00016950       EncryptionThreadProc       0000000000027950 f    CIL library: CIL module
 0001:00017b80       EncryptBufferXTSParallel   0000000000028b80 f    CIL library: CIL module
 0001:000181f0       EncryptBufferXTSNonParallel 00000000000291f0 f    CIL library: CIL module
 0001:00018b20       DecryptBufferXTSParallel   0000000000029b20 f    CIL library: CIL module
 0001:00019190       DecryptBufferXTSNonParallel 000000000002a190 f    CIL library: CIL module
 0001:0001dbc0       xor_s_box                  000000000002ebc0 f    CIL library: CIL module
 0001:0001ddd0       r                          000000000002edd0 f    CIL library: CIL module
 0001:0001efb0       r                          000000000002ffb0 f    CIL library: CIL module
 0001:0001f0e0       gost_encrypt_with_key      00000000000300e0 f    CIL library: CIL module
 0001:0001f6a0       copy_blocks                00000000000306a0 f    CIL library: CIL module
 0001:0001f6a0       copy_blocks                00000000000306a0 f    CIL library: CIL module
 0001:0001f700       move_blocks                0000000000030700 f    CIL library: CIL module
 0001:0001f7a0       add_blocks                 00000000000307a0 f    CIL library: CIL module
 0001:0001f830       xor_blocks                 0000000000030830 f    CIL library: CIL module
 0001:0001f8a0       P_transform                00000000000308a0 f    CIL library: CIL module
 0001:0001f920       A                          0000000000030920 f    CIL library: CIL module
 0001:0001f9d0       PSI                        00000000000309d0 f    CIL library: CIL module
 0001:0001faf0       step                       0000000000030af0 f    CIL library: CIL module
 0001:000201c0       processBuffer              00000000000311c0 f    CIL library: CIL module
 0001:00021be0       set_blocks                 0000000000032be0 f    CIL library: CIL module
 0001:00021be0       set_blocks                 0000000000032be0 f    CIL library: CIL module
 0001:00021c30       Add512                     0000000000032c30 f    CIL library: CIL module
 0001:00021cd0       Xor512                     0000000000032cd0 f    CIL library: CIL module
 0001:00021d30       F                          0000000000032d30 f   Crypto:grasshoppercipher.obj
 0001:00021fa0       E                          0000000000032fa0 f    CIL library: CIL module
 0001:00026370       MountDevice$filt$0         0000000000037370 f    CIL library: CIL module
