
 Start  Stop   Length Name                   Class
 00000H 06D39H 06D3AH _TEXT                  CODE
 06D3AH 0878DH 01A54H _DATA                  DATA
 0878EH 08799H 0000CH CONST                  CONST
 0879AH 090A1H 00908H _BSS                   BSS
 090B0H 09519H 0046AH c_common               BSS

 Origin   Group
 0000:0   DGROUP

  Address         Publics by Name

 0000:2850       ??5@YA?ATUINT64_STRUCT@@ABT0@H@Z
 0000:28A4       ??6@YA?ATUINT64_STRUCT@@ABT0@H@Z
 0000:2904       ??8@YADABTUINT64_STRUCT@@0@Z
 0000:28E4       ??E@YAAATUINT64_STRUCT@@AAT0@@Z
 0000:279E       ??G@YA?ATUINT64_STRUCT@@ABT0@0@Z
 0000:27FE       ??G@YA?ATUINT64_STRUCT@@ABT0@K@Z
 0000:26EC       ??H@YA?ATUINT64_STRUCT@@ABT0@0@Z
 0000:274C       ??H@YA?ATUINT64_STRUCT@@ABT0@K@Z
 0000:295E       ??M@YADABTUINT64_STRUCT@@0@Z
 0000:29BC       ??N@YADABTUINT64_STRUCT@@0@Z
 0000:292A       ??O@YADABTUINT64_STRUCT@@0@Z
 0000:2992       ??P@YADABTUINT64_STRUCT@@0@Z
 0000:2778       ??Y@YAAATUINT64_STRUCT@@AAT0@ABT0@@Z
 0000:282A       ??Z@YAAATUINT64_STRUCT@@AAT0@ABT0@@Z
 0000:80FC       ??_C@_00A@?$AA@
 0000:81B4       ??_C@_01KHLB@?$FL?$AA@
 0000:820C       ??_C@_02HFBK@?3?5?$AA@
 0000:80A8       ??_C@_02PIMC@?$AN?6?$AA@
 0000:81B0       ??_C@_03EDHP@n?$AN?6?$AA@
 0000:84EE       ??_C@_03KPOF@?3?$AN?6?$AA@
 0000:81AC       ??_C@_03NMHE@y?$AN?6?$AA@
 0000:80E0       ??_C@_04HAAB@?5MB?5?$AA@
 0000:80BA       ??_C@_04KCBC@Read?$AA@
 0000:86F4       ??_C@_04PLFG@MMP?3?$AA@
 0000:80DA       ??_C@_05CLDD@?5CHS?3?$AA@
 0000:80B4       ??_C@_05DHHK@Write?$AA@
 0000:81B6       ??_C@_05EFLO@?$FN?5?5?5?5?$AA@
 0000:8632       ??_C@_06IEHP@Header?$AA@
 0000:80E6       ??_C@_06OLBI@Drive?5?$AA@
 0000:80C0       ??_C@_07EIJM@?5error?3?$AA@
 0000:80C8       ??_C@_07JBEK@?5Drive?3?$AA@
 0000:8344       ??_C@_07MCKD@Drive?3?5?$AA@
 0000:80AC       ??_C@_07MKMO@Error?3?5?$AA@
 0000:80D0       ??_C@_08NNOK@?5Sector?3?$AA@
 0000:835A       ??_C@_08PFEJ@?0?5Size?3?5?$AA@
 0000:8784       ??_C@_09DKHJ@?$CIUnknown?$CJ?$AA@
 0000:873C       ??_C@_09FKOH@Whirlpool?$AA@
 0000:81A2       ??_C@_09LGPG@?$DP?5?$CIy?1n?$CJ?3?5?$AA@
 0000:872C       ??_C@_0BA@HHFE@GOST?5R?534?411?994?$AA@
 0000:86AA       ??_C@_0BA@LKAJ@Is?5this?5correct?$AA@
 0000:8708       ??_C@_0BB@EHBL@Gost?5Grasshopper?$AA@
 0000:81BC       ??_C@_0BC@DHAO@?$FLEsc?$FN?5?5Cancel?$AN?6?$AN?6?$AA@
 0000:871A       ??_C@_0BC@JHLA@GOST?5R?534?411?92012?$AA@
 0000:84B4       ??_C@_0BE@LMLE@?$ANDrive?5decrypted?4?$AN?6?$AA@
 0000:876E       ??_C@_0BF@ING@HMAC?9GOST?5R?534?411?994?$AA@
 0000:849E       ??_C@_0BF@LODE@Skip?5all?5bad?5sectors?$AA@
 0000:81F6       ??_C@_0BG@GEFN@?5for?5hidden?5system?3?$AN?6?$AA@
 0000:861C       ??_C@_0BG@JPHD@GostCrypt?5Boot?5Loader?$AA@
 0000:832C       ??_C@_0BH@CKJE@Bootable?5Partitions?3?$AN?6?$AA@
 0000:8756       ??_C@_0BH@MMLH@HMAC?9GOST?5R?534?411?92012?$AA@
 0000:81CE       ??_C@_0BH@NEPP@To?5select?0?5press?51?99?3?5?$AA@
 0000:8296       ??_C@_0BI@KFOG@Incorrect?5password?4?$AN?6?$AN?6?$AA@
 0000:813A       ??_C@_0BJ@CIJ@?5?5?5?5Keyboard?5Controls?3?$AN?6?$AA@
 0000:84C8       ??_C@_0BJ@HKIB@?$AN?6Decryption?5deferred?4?$AN?6?$AA@
 0000:85A6       ??_C@_0BL@HDPH@Please?5decrypt?5it?5first?4?$AN?6?$AA@
 0000:80FE       ??_C@_0BM@IDKA@No?5bootable?5partition?5found?$AA@
 0000:827A       ??_C@_0BM@NMNK@Warning?3?5Caps?5Lock?5is?5on?4?$AN?6?$AA@
 0000:85C2       ??_C@_0BN@MGAM@Original?5header?5preserved?4?$AN?6?$AA@
 0000:851E       ??_C@_0BO@BJJG@Restore?5GostCrypt?5Boot?5Loader?$AA@
 0000:811A       ??_C@_0BP@JLCA@?5GostCrypt?5Rescue?5Disk?51?43?41?$AN?6?$AA@
 0000:855E       ??_C@_0BP@PLOE@Restore?5original?5system?5loader?$AA@
 0000:821E       ??_C@_0CA@FBFB@BIOS?5reserved?5too?5much?5memory?3?5?$AA@
 0000:8364       ??_C@_0CA@HAB@Press?51?99?5to?5select?5partition?3?5?$AA@
 0000:853C       ??_C@_0CB@OIIA@Restore?5key?5data?5?$CIvolume?5header?$CJ@
 0000:8160       ??_C@_0CD@GJAD@Skip?5Authentication?5?$CIBoot?5Manage@
 0000:857E       ??_C@_0CI@CJAH@Is?5the?5system?5partition?1drive?5de@
 0000:8680       ??_C@_0CJ@BABO@It?5appears?5you?5are?5creating?5a?5hi@
 0000:8656       ??_C@_0CK@MNCE@?9?5Connect?5system?5drive?5to?5?$CISATA?$CJ@
 0000:84F2       ??_C@_0CL@PPMD@Permanently?5decrypt?5system?5parti@
 0000:85E0       ??_C@_0CM@CODF@WARNING?3?5Drive?50?5contains?5a?5vali@
 0000:86BA       ??_C@_0DK@PFGO@Please?5remove?5the?5Rescue?5Disk?5fr@
 0000:823E       ??_C@_0DM@HBD@?9?5Upgrade?5BIOS?$AN?6?9?5Use?5a?5differen@
 0000:841A       ??_C@_0HG@PFFC@?$AN?6To?5safely?5interrupt?5and?5defer?5@
 0000:82AE       ??_C@_0HN@LBMO@If?5you?5are?5sure?5the?5password?5is?5@
 0000:8384       ??_C@_0IK@PKKH@?$AN?6Use?5only?5if?5Windows?5cannot?5sta@
 0000:84E2       ??_C@_0L@CGGC@Available?5?$AA@
 0000:840E       ??_C@_0M@EMPJ@Decrypt?5now?$AA@
 0000:8154       ??_C@_0M@NCBA@?5?5?5?5?$FLEsc?$FN?5?5?$AA@
 0000:8490       ??_C@_0N@BNAP@?$ANRemaining?3?5?$AA@
 0000:8210       ??_C@_0N@DGHN@Booting?4?4?4?$AN?6?$AA@
 0000:8648       ??_C@_0N@HIBI@?5restored?4?$AN?6?$AA@
 0000:80EE       ??_C@_0N@JJKN@?5not?5found?3?5?$AA@
 0000:834C       ??_C@_0O@LEMN@?0?5Partition?3?5?$AA@
 0000:8184       ??_C@_0O@MJCG@?$AN?6?5?5?5?5?$FLF8?$FN?5?5?5?$AA@
 0000:863A       ??_C@_0O@MJLK@System?5loader?$AA@
 0000:86FA       ??_C@_0O@NADH@GOST?528147?989?$AA@
 0000:8746       ??_C@_0P@DFEB@HMAC?9Whirlpool?$AA@
 0000:81E6       ??_C@_0P@EOMF@Enter?5password?$AA@
 0000:860C       ??_C@_0P@JAC@Modify?5drive?50?$AA@
 0000:8192       ??_C@_0P@KAON@Repair?5Options?$AA@
 0000:87E2       ?ActivePartition@@3UPartition@@A
 0000:0442       ?Beep@@YAXXZ
 0000:8A5C       ?BiosMemoryMap@@3QAUBiosMemoryMapEntry@@A
 0000:87C0       ?BootCryptoInfo@@3PAUCRYPTO_INFO_t@@A
 0000:879C       ?BootDrive@@3EA
 0000:879E       ?BootDriveGeometry@@3UDriveGeometry@@A
 0000:6D3A       ?BootDriveGeometryValid@@3DA
 0000:879B       ?BootLoaderDrive@@3EA
 0000:879A       ?BootSectorFlags@@3EA
 0000:6D3D       ?BootStarted@@3DA
 0000:09E8       ?ChsToLba@@YAXABUDriveGeometry@@ABUChsAddress@@AATUINT64_STRUCT@@@Z
 0000:0538       ?ClearBiosKeystrokeBuffer@@YAXXZ
 0000:0460       ?ClearScreen@@YAXXZ
 0000:2A04       ?CopyMemory@@YAXIIPAXI@Z
 0000:29E6       ?CopyMemory@@YAXPAXIII@Z
 0000:87A2       ?CustomUserMessage@@3QADA
 0000:0000  Unr  ?DisableScreenOutput@@YAXXZ
 0000:0000  Unr  ?EnableScreenOutput@@YAXXZ
 0000:87C2       ?EncryptedVirtualPartition@@3UPartition@@A
 0000:0516       ?EscKeyPressed@@YADXZ
 0000:6D3E       ?ExtraBootPartitionPresent@@3DA
 0000:0D60       ?GetActivePartition@@YADE@Z
 0000:0960       ?GetDriveGeometry@@YAEEAAUDriveGeometry@@D@Z
 0000:0B3A       ?GetDrivePartitions@@YAEEPAUPartition@@IAAID0D@Z
 0000:2070       ?GetFirstBiosMemoryMapEntry@@YADAAUBiosMemoryMapEntry@@@Z
 0000:04D6       ?GetKeyboardChar@@YAEPAE@Z
 0000:04CE       ?GetKeyboardChar@@YAEXZ
 0000:2A38       ?GetLinearAddress@@YAKII@Z
 0000:2086       ?GetNextBiosMemoryMapEntry@@YADAAUBiosMemoryMapEntry@@@Z
 0000:04BE       ?GetShiftFlags@@YAEXZ
 0000:0568       ?GetString@@YAHPADI@Z
 0000:882A       ?HiddenVolumeStartSector@@3TUINT64_STRUCT@@A
 0000:8822       ?HiddenVolumeStartUnitNo@@3TUINT64_STRUCT@@A
 0000:044A       ?InitVideoMode@@YAXXZ
 0000:2684       ?InstallInterruptFilters@@YADXZ
 0000:20A0       ?Int13Filter@@YADXZ
 0000:2660       ?Int13FilterEntry@@YAXXZ
 0000:2496       ?Int15Filter@@YADXZ
 0000:2550       ?IntFilterEntry@@YAXXZ
 0000:04FE       ?IsKeyboardCharAvailable@@YADXZ
 0000:05BC       ?IsLbaSupported@@YADE@Z
 0000:0550       ?IsPrintable@@YADD@Z
 0000:0A30       ?LbaToChs@@YAXABUDriveGeometry@@ABTUINT64_STRUCT@@AAUChsAddress@@@Z
 0000:87BC       ?OuterVolumeBackupHeaderCrc@@3KA
 0000:0A94       ?PartitionEntryMBRToPartition@@YAXABUPartitionEntryMBR@@AAUPartition@@@Z
 0000:8802       ?PartitionFollowingActive@@3UPartition@@A
 0000:6D3C       ?PreventBootMenu@@3DA
 0000:6D3B       ?PreventNormalSystemBoot@@3DA
 0000:035C       ?Print@@YAXABTUINT64_STRUCT@@@Z
 0000:066E       ?Print@@YAXABUChsAddress@@@Z
 0000:02F8       ?Print@@YAXK@Z
 0000:02DA       ?Print@@YAXPBD@Z
 0000:0480       ?PrintBackspace@@YAXXZ
 0000:02AA       ?PrintChar@@YAXD@Z
 0000:02C0       ?PrintCharAtCursor@@YAXD@Z
 0000:05F8       ?PrintDiskError@@YAXEDEPBTUINT64_STRUCT@@PBUChsAddress@@@Z
 0000:042C       ?PrintEndl@@YAXH@Z
 0000:0424       ?PrintEndl@@YAXXZ
 0000:048E       ?PrintError@@YAXPBD@Z
 0000:04A8       ?PrintErrorNoEndl@@YAXPBD@Z
 0000:03EA       ?PrintHex@@YAXABTUINT64_STRUCT@@@Z
 0000:037E       ?PrintHex@@YAXE@Z
 0000:03BE       ?PrintHex@@YAXI@Z
 0000:03D6       ?PrintHex@@YAXK@Z
 0000:0408       ?PrintRepeatedChar@@YAXDH@Z
 0000:06AA       ?PrintSectorCountInMB@@YAXABTUINT64_STRUCT@@@Z
 0000:0D9C       ?ReadEncryptedSectors@@YAEIIETUINT64_STRUCT@@I@Z
 0000:08DE       ?ReadSectors@@YAEIIEABTUINT64_STRUCT@@ID@Z
 0000:08F8       ?ReadSectors@@YAEPAEEABTUINT64_STRUCT@@ID@Z
 0000:0786       ?ReadSectors@@YAEPAEEABUChsAddress@@ED@Z
 0000:0AFA       ?ReadWriteMBR@@YAEDED@Z
 0000:08B4       ?ReadWriteSectors@@YAEDIIEABTUINT64_STRUCT@@ID@Z
 0000:06CC       ?ReadWriteSectors@@YAEDIIEABUChsAddress@@ED@Z
 0000:0760       ?ReadWriteSectors@@YAEDPAEEABUChsAddress@@ED@Z
 0000:2A4E       ?RegionsIntersect@@YADABTUINT64_STRUCT@@K00@Z
 0000:8832       ?SectorBuffer@@3QAEA
 0000:0000  Unr  ?TestInt64@@YADXZ
 0000:0EE0       ?WriteEncryptedSectors@@YAEIIETUINT64_STRUCT@@I@Z
 0000:0946       ?WriteSectors@@YAEPAEEABTUINT64_STRUCT@@ID@Z
 0000:0000  Unr  ?WriteSectors@@YAEPAEEABUChsAddress@@ED@Z
 0000:6F08       _A
 0000:6CF4       _changeEndian
 0000:2C34       _CipherGet
 0000:0000  Unr  _CipherGetBlockSize
 0000:2C74       _CipherGetKeyScheduleSize
 0000:2C62       _CipherGetKeySize
 0000:0000  Unr  _CipherGetName
 0000:2BA2       _CipherInit
 0000:0000  Unr  _crc32_selftests
 0000:90B0       _CryptoInfoBuffer
 0000:2F4C       _crypto_close
 0000:0000  Unr  _crypto_loadkey
 0000:2F42       _crypto_open
 0000:2BFE       _DecipherBlock
 0000:30FA       _DecryptBuffer
 0000:3F66       _DecryptBufferXTS
 0000:3B78       _DecryptBufferXTS8Byte
 0000:31F0       _DecryptDataUnits
 0000:35BC       _derive_key_stribog
 0000:34E2       _derive_u_stribog
 0000:0000  Unr  _EAGetCipherCount
 0000:0000  Unr  _EAGetCount
 0000:2CC6       _EAGetFirst
 0000:2E34       _EAGetFirstCipher
 0000:2D7E       _EAGetFirstMode
 0000:2DC4       _EAGetKeyScheduleSize
 0000:2D4A       _EAGetKeySize
 0000:0000  Unr  _EAGetLargestKey
 0000:2DF8       _EAGetLargestKeyForMode
 0000:2E44       _EAGetLastCipher
 0000:2CCA       _EAGetNext
 0000:2E70       _EAGetNextCipher
 0000:2D8E       _EAGetNextMode
 0000:2EA6       _EAGetPreviousCipher
 0000:2CE8       _EAInit
 0000:0000  Unr  _EAIsFormatEnabled
 0000:2EE8       _EAIsModeSupported
 0000:879A       _edata
 0000:2BC8       _EncipherBlock
 0000:2F5E       _EncryptBuffer
 0000:3F4C       _EncryptBufferXTS
 0000:3D62       _EncryptBufferXTS8Byte
 0000:3032       _EncryptDataUnits
 0000:951A       _end
 0000:2A28       _EraseMemory
 0000:5F40       _F
 0000:2B28       _GetCrc32
 0000:367C       _GetHeaderField16
 0000:3690       _GetHeaderField32
 0000:36A6       _GetHeaderField64
 0000:0000  Unr  _GetMaxPkcs5OutSize
 0000:365C       _get_pkcs5_iteration_count
 0000:0000  Unr  _get_pkcs5_prf_name
 0000:0000  Unr  _GOSTHASH_add
 0000:0000  Unr  _GOSTHASH_finalize
 0000:0000  Unr  _GOSTHASH_init
 0000:532A       _gost_decrypt
 0000:4F98       _gost_encrypt
 0000:56BC       _gost_set_key
 0000:5896       _gost_xor_ks
 0000:66CA       _grasshopper_decrypt
 0000:64A6       _grasshopper_encrypt
 0000:5FEE       _grasshopper_set_key
 0000:68DE       _grasshopper_xor_ks
 0000:4246       _g_N
 0000:2F14       _HashGet
 0000:0000  Unr  _HashGetIdByName
 0000:0000  Unr  _HashGetName
 0000:0000  Unr  _HashIsDeprecated
 0000:3344       _hmac_stribog
 0000:0000  Unr  _hmac_truncate
 0000:5E8C       _L
 0000:5C50       _ll
 0000:0000  Unr  _LongReverse
 0000:5EE6       _L_inv
 0000:1F28       _main
 0000:0130       _memcpy
 0000:015C       _memset
 0000:32DC       _MirrorBytes16
 0000:32EC       _MirrorBytes32
 0000:78A8       _mult_mod_poly
 0000:76A8       _pi
 0000:77A8       _pi_inv
 0000:5D74       _R
 0000:36E6       _ReadVolumeHeader
 0000:5DFE       _R_inv
 0000:5960       _S
 0000:6E08       _Sbox
 0000:0104       _strcmp
 0000:42C0       _STRIBOG_add
 0000:43F6       _STRIBOG_finalize
 0000:42A2       _STRIBOG_init
 0000:5AD8       _S_inv
 0000:6DC8       _Tau
 0000:2B12       _ThrowFatalException
 0000:2C86       _XorKeySchedule
 0000:1F26       __acrtused
 0000:018A       __aNlmul
 0000:01BC       __aNlshl
 0000:01C8       __aNlshr
 0000:01D4       __aNuldiv
 0000:018A       __aNulmul
 0000:0234       __aNulrem
 0000:029E       __aNulshr
 0000:879A       __edata
 0000:951A       __end
 0000:9512       __mbac

  Address         Publics by Value

 0000:0000  Unr  _get_pkcs5_prf_name
 0000:0000  Unr  ?WriteSectors@@YAEPAEEABUChsAddress@@ED@Z
 0000:0000  Unr  _EAGetLargestKey
 0000:0000  Unr  _GOSTHASH_finalize
 0000:0000  Unr  _HashGetName
 0000:0000  Unr  _EAGetCount
 0000:0000  Unr  ?TestInt64@@YADXZ
 0000:0000  Unr  _CipherGetBlockSize
 0000:0000  Unr  ?EnableScreenOutput@@YAXXZ
 0000:0000  Unr  _HashIsDeprecated
 0000:0000  Unr  _GOSTHASH_add
 0000:0000  Unr  _GOSTHASH_init
 0000:0000  Unr  _hmac_truncate
 0000:0000  Unr  _GetMaxPkcs5OutSize
 0000:0000  Unr  _LongReverse
 0000:0000  Unr  _EAIsFormatEnabled
 0000:0000  Unr  ?DisableScreenOutput@@YAXXZ
 0000:0000  Unr  _CipherGetName
 0000:0000  Unr  _crc32_selftests
 0000:0000  Unr  _crypto_loadkey
 0000:0000  Unr  _HashGetIdByName
 0000:0000  Unr  _EAGetCipherCount
 0000:0104       _strcmp
 0000:0130       _memcpy
 0000:015C       _memset
 0000:018A       __aNulmul
 0000:018A       __aNlmul
 0000:01BC       __aNlshl
 0000:01C8       __aNlshr
 0000:01D4       __aNuldiv
 0000:0234       __aNulrem
 0000:029E       __aNulshr
 0000:02AA       ?PrintChar@@YAXD@Z
 0000:02C0       ?PrintCharAtCursor@@YAXD@Z
 0000:02DA       ?Print@@YAXPBD@Z
 0000:02F8       ?Print@@YAXK@Z
 0000:035C       ?Print@@YAXABTUINT64_STRUCT@@@Z
 0000:037E       ?PrintHex@@YAXE@Z
 0000:03BE       ?PrintHex@@YAXI@Z
 0000:03D6       ?PrintHex@@YAXK@Z
 0000:03EA       ?PrintHex@@YAXABTUINT64_STRUCT@@@Z
 0000:0408       ?PrintRepeatedChar@@YAXDH@Z
 0000:0424       ?PrintEndl@@YAXXZ
 0000:042C       ?PrintEndl@@YAXH@Z
 0000:0442       ?Beep@@YAXXZ
 0000:044A       ?InitVideoMode@@YAXXZ
 0000:0460       ?ClearScreen@@YAXXZ
 0000:0480       ?PrintBackspace@@YAXXZ
 0000:048E       ?PrintError@@YAXPBD@Z
 0000:04A8       ?PrintErrorNoEndl@@YAXPBD@Z
 0000:04BE       ?GetShiftFlags@@YAEXZ
 0000:04CE       ?GetKeyboardChar@@YAEXZ
 0000:04D6       ?GetKeyboardChar@@YAEPAE@Z
 0000:04FE       ?IsKeyboardCharAvailable@@YADXZ
 0000:0516       ?EscKeyPressed@@YADXZ
 0000:0538       ?ClearBiosKeystrokeBuffer@@YAXXZ
 0000:0550       ?IsPrintable@@YADD@Z
 0000:0568       ?GetString@@YAHPADI@Z
 0000:05BC       ?IsLbaSupported@@YADE@Z
 0000:05F8       ?PrintDiskError@@YAXEDEPBTUINT64_STRUCT@@PBUChsAddress@@@Z
 0000:066E       ?Print@@YAXABUChsAddress@@@Z
 0000:06AA       ?PrintSectorCountInMB@@YAXABTUINT64_STRUCT@@@Z
 0000:06CC       ?ReadWriteSectors@@YAEDIIEABUChsAddress@@ED@Z
 0000:0760       ?ReadWriteSectors@@YAEDPAEEABUChsAddress@@ED@Z
 0000:0786       ?ReadSectors@@YAEPAEEABUChsAddress@@ED@Z
 0000:08B4       ?ReadWriteSectors@@YAEDIIEABTUINT64_STRUCT@@ID@Z
 0000:08DE       ?ReadSectors@@YAEIIEABTUINT64_STRUCT@@ID@Z
 0000:08F8       ?ReadSectors@@YAEPAEEABTUINT64_STRUCT@@ID@Z
 0000:0946       ?WriteSectors@@YAEPAEEABTUINT64_STRUCT@@ID@Z
 0000:0960       ?GetDriveGeometry@@YAEEAAUDriveGeometry@@D@Z
 0000:09E8       ?ChsToLba@@YAXABUDriveGeometry@@ABUChsAddress@@AATUINT64_STRUCT@@@Z
 0000:0A30       ?LbaToChs@@YAXABUDriveGeometry@@ABTUINT64_STRUCT@@AAUChsAddress@@@Z
 0000:0A94       ?PartitionEntryMBRToPartition@@YAXABUPartitionEntryMBR@@AAUPartition@@@Z
 0000:0AFA       ?ReadWriteMBR@@YAEDED@Z
 0000:0B3A       ?GetDrivePartitions@@YAEEPAUPartition@@IAAID0D@Z
 0000:0D60       ?GetActivePartition@@YADE@Z
 0000:0D9C       ?ReadEncryptedSectors@@YAEIIETUINT64_STRUCT@@I@Z
 0000:0EE0       ?WriteEncryptedSectors@@YAEIIETUINT64_STRUCT@@I@Z
 0000:1F26       __acrtused
 0000:1F28       _main
 0000:2070       ?GetFirstBiosMemoryMapEntry@@YADAAUBiosMemoryMapEntry@@@Z
 0000:2086       ?GetNextBiosMemoryMapEntry@@YADAAUBiosMemoryMapEntry@@@Z
 0000:20A0       ?Int13Filter@@YADXZ
 0000:2496       ?Int15Filter@@YADXZ
 0000:2550       ?IntFilterEntry@@YAXXZ
 0000:2660       ?Int13FilterEntry@@YAXXZ
 0000:2684       ?InstallInterruptFilters@@YADXZ
 0000:26EC       ??H@YA?ATUINT64_STRUCT@@ABT0@0@Z
 0000:274C       ??H@YA?ATUINT64_STRUCT@@ABT0@K@Z
 0000:2778       ??Y@YAAATUINT64_STRUCT@@AAT0@ABT0@@Z
 0000:279E       ??G@YA?ATUINT64_STRUCT@@ABT0@0@Z
 0000:27FE       ??G@YA?ATUINT64_STRUCT@@ABT0@K@Z
 0000:282A       ??Z@YAAATUINT64_STRUCT@@AAT0@ABT0@@Z
 0000:2850       ??5@YA?ATUINT64_STRUCT@@ABT0@H@Z
 0000:28A4       ??6@YA?ATUINT64_STRUCT@@ABT0@H@Z
 0000:28E4       ??E@YAAATUINT64_STRUCT@@AAT0@@Z
 0000:2904       ??8@YADABTUINT64_STRUCT@@0@Z
 0000:292A       ??O@YADABTUINT64_STRUCT@@0@Z
 0000:295E       ??M@YADABTUINT64_STRUCT@@0@Z
 0000:2992       ??P@YADABTUINT64_STRUCT@@0@Z
 0000:29BC       ??N@YADABTUINT64_STRUCT@@0@Z
 0000:29E6       ?CopyMemory@@YAXPAXIII@Z
 0000:2A04       ?CopyMemory@@YAXIIPAXI@Z
 0000:2A28       _EraseMemory
 0000:2A38       ?GetLinearAddress@@YAKII@Z
 0000:2A4E       ?RegionsIntersect@@YADABTUINT64_STRUCT@@K00@Z
 0000:2B12       _ThrowFatalException
 0000:2B28       _GetCrc32
 0000:2BA2       _CipherInit
 0000:2BC8       _EncipherBlock
 0000:2BFE       _DecipherBlock
 0000:2C34       _CipherGet
 0000:2C62       _CipherGetKeySize
 0000:2C74       _CipherGetKeyScheduleSize
 0000:2C86       _XorKeySchedule
 0000:2CC6       _EAGetFirst
 0000:2CCA       _EAGetNext
 0000:2CE8       _EAInit
 0000:2D4A       _EAGetKeySize
 0000:2D7E       _EAGetFirstMode
 0000:2D8E       _EAGetNextMode
 0000:2DC4       _EAGetKeyScheduleSize
 0000:2DF8       _EAGetLargestKeyForMode
 0000:2E34       _EAGetFirstCipher
 0000:2E44       _EAGetLastCipher
 0000:2E70       _EAGetNextCipher
 0000:2EA6       _EAGetPreviousCipher
 0000:2EE8       _EAIsModeSupported
 0000:2F14       _HashGet
 0000:2F42       _crypto_open
 0000:2F4C       _crypto_close
 0000:2F5E       _EncryptBuffer
 0000:3032       _EncryptDataUnits
 0000:30FA       _DecryptBuffer
 0000:31F0       _DecryptDataUnits
 0000:32DC       _MirrorBytes16
 0000:32EC       _MirrorBytes32
 0000:3344       _hmac_stribog
 0000:34E2       _derive_u_stribog
 0000:35BC       _derive_key_stribog
 0000:365C       _get_pkcs5_iteration_count
 0000:367C       _GetHeaderField16
 0000:3690       _GetHeaderField32
 0000:36A6       _GetHeaderField64
 0000:36E6       _ReadVolumeHeader
 0000:3B78       _DecryptBufferXTS8Byte
 0000:3D62       _EncryptBufferXTS8Byte
 0000:3F4C       _EncryptBufferXTS
 0000:3F66       _DecryptBufferXTS
 0000:4246       _g_N
 0000:42A2       _STRIBOG_init
 0000:42C0       _STRIBOG_add
 0000:43F6       _STRIBOG_finalize
 0000:4F98       _gost_encrypt
 0000:532A       _gost_decrypt
 0000:56BC       _gost_set_key
 0000:5896       _gost_xor_ks
 0000:5960       _S
 0000:5AD8       _S_inv
 0000:5C50       _ll
 0000:5D74       _R
 0000:5DFE       _R_inv
 0000:5E8C       _L
 0000:5EE6       _L_inv
 0000:5F40       _F
 0000:5FEE       _grasshopper_set_key
 0000:64A6       _grasshopper_encrypt
 0000:66CA       _grasshopper_decrypt
 0000:68DE       _grasshopper_xor_ks
 0000:6CF4       _changeEndian
 0000:6D3A       ?BootDriveGeometryValid@@3DA
 0000:6D3B       ?PreventNormalSystemBoot@@3DA
 0000:6D3C       ?PreventBootMenu@@3DA
 0000:6D3D       ?BootStarted@@3DA
 0000:6D3E       ?ExtraBootPartitionPresent@@3DA
 0000:6DC8       _Tau
 0000:6E08       _Sbox
 0000:6F08       _A
 0000:76A8       _pi
 0000:77A8       _pi_inv
 0000:78A8       _mult_mod_poly
 0000:80A8       ??_C@_02PIMC@?$AN?6?$AA@
 0000:80AC       ??_C@_07MKMO@Error?3?5?$AA@
 0000:80B4       ??_C@_05DHHK@Write?$AA@
 0000:80BA       ??_C@_04KCBC@Read?$AA@
 0000:80C0       ??_C@_07EIJM@?5error?3?$AA@
 0000:80C8       ??_C@_07JBEK@?5Drive?3?$AA@
 0000:80D0       ??_C@_08NNOK@?5Sector?3?$AA@
 0000:80DA       ??_C@_05CLDD@?5CHS?3?$AA@
 0000:80E0       ??_C@_04HAAB@?5MB?5?$AA@
 0000:80E6       ??_C@_06OLBI@Drive?5?$AA@
 0000:80EE       ??_C@_0N@JJKN@?5not?5found?3?5?$AA@
 0000:80FC       ??_C@_00A@?$AA@
 0000:80FE       ??_C@_0BM@IDKA@No?5bootable?5partition?5found?$AA@
 0000:811A       ??_C@_0BP@JLCA@?5GostCrypt?5Rescue?5Disk?51?43?41?$AN?6?$AA@
 0000:813A       ??_C@_0BJ@CIJ@?5?5?5?5Keyboard?5Controls?3?$AN?6?$AA@
 0000:8154       ??_C@_0M@NCBA@?5?5?5?5?$FLEsc?$FN?5?5?$AA@
 0000:8160       ??_C@_0CD@GJAD@Skip?5Authentication?5?$CIBoot?5Manage@
 0000:8184       ??_C@_0O@MJCG@?$AN?6?5?5?5?5?$FLF8?$FN?5?5?5?$AA@
 0000:8192       ??_C@_0P@KAON@Repair?5Options?$AA@
 0000:81A2       ??_C@_09LGPG@?$DP?5?$CIy?1n?$CJ?3?5?$AA@
 0000:81AC       ??_C@_03NMHE@y?$AN?6?$AA@
 0000:81B0       ??_C@_03EDHP@n?$AN?6?$AA@
 0000:81B4       ??_C@_01KHLB@?$FL?$AA@
 0000:81B6       ??_C@_05EFLO@?$FN?5?5?5?5?$AA@
 0000:81BC       ??_C@_0BC@DHAO@?$FLEsc?$FN?5?5Cancel?$AN?6?$AN?6?$AA@
 0000:81CE       ??_C@_0BH@NEPP@To?5select?0?5press?51?99?3?5?$AA@
 0000:81E6       ??_C@_0P@EOMF@Enter?5password?$AA@
 0000:81F6       ??_C@_0BG@GEFN@?5for?5hidden?5system?3?$AN?6?$AA@
 0000:820C       ??_C@_02HFBK@?3?5?$AA@
 0000:8210       ??_C@_0N@DGHN@Booting?4?4?4?$AN?6?$AA@
 0000:821E       ??_C@_0CA@FBFB@BIOS?5reserved?5too?5much?5memory?3?5?$AA@
 0000:823E       ??_C@_0DM@HBD@?9?5Upgrade?5BIOS?$AN?6?9?5Use?5a?5differen@
 0000:827A       ??_C@_0BM@NMNK@Warning?3?5Caps?5Lock?5is?5on?4?$AN?6?$AA@
 0000:8296       ??_C@_0BI@KFOG@Incorrect?5password?4?$AN?6?$AN?6?$AA@
 0000:82AE       ??_C@_0HN@LBMO@If?5you?5are?5sure?5the?5password?5is?5@
 0000:832C       ??_C@_0BH@CKJE@Bootable?5Partitions?3?$AN?6?$AA@
 0000:8344       ??_C@_07MCKD@Drive?3?5?$AA@
 0000:834C       ??_C@_0O@LEMN@?0?5Partition?3?5?$AA@
 0000:835A       ??_C@_08PFEJ@?0?5Size?3?5?$AA@
 0000:8364       ??_C@_0CA@HAB@Press?51?99?5to?5select?5partition?3?5?$AA@
 0000:8384       ??_C@_0IK@PKKH@?$AN?6Use?5only?5if?5Windows?5cannot?5sta@
 0000:840E       ??_C@_0M@EMPJ@Decrypt?5now?$AA@
 0000:841A       ??_C@_0HG@PFFC@?$AN?6To?5safely?5interrupt?5and?5defer?5@
 0000:8490       ??_C@_0N@BNAP@?$ANRemaining?3?5?$AA@
 0000:849E       ??_C@_0BF@LODE@Skip?5all?5bad?5sectors?$AA@
 0000:84B4       ??_C@_0BE@LMLE@?$ANDrive?5decrypted?4?$AN?6?$AA@
 0000:84C8       ??_C@_0BJ@HKIB@?$AN?6Decryption?5deferred?4?$AN?6?$AA@
 0000:84E2       ??_C@_0L@CGGC@Available?5?$AA@
 0000:84EE       ??_C@_03KPOF@?3?$AN?6?$AA@
 0000:84F2       ??_C@_0CL@PPMD@Permanently?5decrypt?5system?5parti@
 0000:851E       ??_C@_0BO@BJJG@Restore?5GostCrypt?5Boot?5Loader?$AA@
 0000:853C       ??_C@_0CB@OIIA@Restore?5key?5data?5?$CIvolume?5header?$CJ@
 0000:855E       ??_C@_0BP@PLOE@Restore?5original?5system?5loader?$AA@
 0000:857E       ??_C@_0CI@CJAH@Is?5the?5system?5partition?1drive?5de@
 0000:85A6       ??_C@_0BL@HDPH@Please?5decrypt?5it?5first?4?$AN?6?$AA@
 0000:85C2       ??_C@_0BN@MGAM@Original?5header?5preserved?4?$AN?6?$AA@
 0000:85E0       ??_C@_0CM@CODF@WARNING?3?5Drive?50?5contains?5a?5vali@
 0000:860C       ??_C@_0P@JAC@Modify?5drive?50?$AA@
 0000:861C       ??_C@_0BG@JPHD@GostCrypt?5Boot?5Loader?$AA@
 0000:8632       ??_C@_06IEHP@Header?$AA@
 0000:863A       ??_C@_0O@MJLK@System?5loader?$AA@
 0000:8648       ??_C@_0N@HIBI@?5restored?4?$AN?6?$AA@
 0000:8656       ??_C@_0CK@MNCE@?9?5Connect?5system?5drive?5to?5?$CISATA?$CJ@
 0000:8680       ??_C@_0CJ@BABO@It?5appears?5you?5are?5creating?5a?5hi@
 0000:86AA       ??_C@_0BA@LKAJ@Is?5this?5correct?$AA@
 0000:86BA       ??_C@_0DK@PFGO@Please?5remove?5the?5Rescue?5Disk?5fr@
 0000:86F4       ??_C@_04PLFG@MMP?3?$AA@
 0000:86FA       ??_C@_0O@NADH@GOST?528147?989?$AA@
 0000:8708       ??_C@_0BB@EHBL@Gost?5Grasshopper?$AA@
 0000:871A       ??_C@_0BC@JHLA@GOST?5R?534?411?92012?$AA@
 0000:872C       ??_C@_0BA@HHFE@GOST?5R?534?411?994?$AA@
 0000:873C       ??_C@_09FKOH@Whirlpool?$AA@
 0000:8746       ??_C@_0P@DFEB@HMAC?9Whirlpool?$AA@
 0000:8756       ??_C@_0BH@MMLH@HMAC?9GOST?5R?534?411?92012?$AA@
 0000:876E       ??_C@_0BF@ING@HMAC?9GOST?5R?534?411?994?$AA@
 0000:8784       ??_C@_09DKHJ@?$CIUnknown?$CJ?$AA@
 0000:879A       ?BootSectorFlags@@3EA
 0000:879A       _edata
 0000:879A       __edata
 0000:879B       ?BootLoaderDrive@@3EA
 0000:879C       ?BootDrive@@3EA
 0000:879E       ?BootDriveGeometry@@3UDriveGeometry@@A
 0000:87A2       ?CustomUserMessage@@3QADA
 0000:87BC       ?OuterVolumeBackupHeaderCrc@@3KA
 0000:87C0       ?BootCryptoInfo@@3PAUCRYPTO_INFO_t@@A
 0000:87C2       ?EncryptedVirtualPartition@@3UPartition@@A
 0000:87E2       ?ActivePartition@@3UPartition@@A
 0000:8802       ?PartitionFollowingActive@@3UPartition@@A
 0000:8822       ?HiddenVolumeStartUnitNo@@3TUINT64_STRUCT@@A
 0000:882A       ?HiddenVolumeStartSector@@3TUINT64_STRUCT@@A
 0000:8832       ?SectorBuffer@@3QAEA
 0000:8A5C       ?BiosMemoryMap@@3QAUBiosMemoryMapEntry@@A
 0000:90B0       _CryptoInfoBuffer
 0000:9512       __mbac
 0000:951A       _end
 0000:951A       __end

Program entry point at 0000:0100
