 gostcrypt

 Timestamp is 5819b225 (Wed Nov 02 10:30:13 2016)

 Preferred load address is 00010000

 Start         Length     Name                   Class
 0001:00000000 0001c88aH .text                   CODE
 0001:0001c890 00003b75H .text$s                 CODE
 0002:00000000 000001b8H .idata$5                DATA
 0002:000001c0 00008550H .rdata                  DATA
 0002:00008710 000000c7H .rdata$debug            DATA
 0002:000087e0 00000008H .rdata$sxdata           DATA
 0002:000087e8 0000001cH .xdata$x                DATA
 0003:00000000 000027b0H .data                   DATA
 0003:000027c0 00002a00H .bss                    DATA
 0004:00000000 00000409H INIT                    CODE
 0004:00000410 00000221H INIT$s                  CODE
 0004:00000634 00000028H .idata$2                CODE
 0004:0000065c 00000014H .idata$3                CODE
 0004:00000670 000001b8H .idata$4                CODE
 0004:00000828 000008caH .idata$6                CODE
 0005:00000000 00000058H .rsrc$01                DATA
 0005:00000060 00000280H .rsrc$02                DATA

  Address         Publics by Value              Rva+Base       Lib:Object

 0000:00000002       ___safe_se_handler_count   00000002     <absolute>
 0001:00000010       _LoadBootArguments@0       00010490 f   drivefilter.obj
 0001:00000340       _DriveFilterAddDevice@8    000107c0 f   drivefilter.obj
 0001:00000520       _DriveFilterDispatchIrp@8  000109a0 f   drivefilter.obj
 0001:000006b0       _IoGetCurrentIrpStackLocation@4 00010b30 f i drivefilter.obj
 0001:00000740       _IoSkipCurrentIrpStackLocation@4 00010bc0 f i drivefilter.obj
 0001:00000b10       _IoSetCompletionRoutine@24 00010f90 f i drivefilter.obj
 0001:00000bf0       _IoGetNextIrpStackLocation@4 00011070 f i drivefilter.obj
 0001:00000c40       _IoCopyCurrentIrpStackLocationToNext@4 000110c0 f i drivefilter.obj
 0001:00000cf0       _IoMarkIrpPending@4        00011170 f i drivefilter.obj
 0001:00001810       _RtlSecureZeroMemory@8     00011c90 f i drivefilter.obj
 0001:00001a70       _ReopenBootVolumeHeader@8  00011ef0 f   drivefilter.obj
 0001:00001d10       _PsGetCurrentThread@0      00012190 f i drivefilter.obj
 0001:00001d30       _StartLegacyHibernationDriverFilter@0 000121b0 f   drivefilter.obj
 0001:000026a0       _StartBootEncryptionSetup@12 00012b20 f   drivefilter.obj
 0001:000027d0       _KeInitializeSpinLock@4    00012c50 f i drivefilter.obj
 0001:000038e0       _GetBootDriveVolumeProperties@8 00013d60 f   drivefilter.obj
 0001:00003a60       _GetBootEncryptionStatus@8 00013ee0 f   drivefilter.obj
 0001:00003c90       _GetBootLoaderVersion@8    00014110 f   drivefilter.obj
 0001:00003d00       _GetBootEncryptionAlgorithmName@8 00014180 f   drivefilter.obj
 0001:00003d90       _GetSetupResult@0          00014210 f   drivefilter.obj
 0001:00003db0       _IsBootDriveMounted@0      00014230 f   drivefilter.obj
 0001:00003df0       _IsHiddenSystemRunning@0   00014270 f   drivefilter.obj
 0001:00003e30       _GetBootDriveFilterExtension@0 000142b0 f   drivefilter.obj
 0001:00003e50       _GetSystemDriveCryptoInfo@0 000142d0 f   drivefilter.obj
 0001:00003e70       _AbortBootEncryptionSetup@0 000142f0 f   drivefilter.obj
 0001:00003ed0       _StartDecoySystemWipe@12   00014350 f   drivefilter.obj
 0001:00004450       _GetDecoySystemWipeStatus@8 000148d0 f   drivefilter.obj
 0001:00004520       _GetDecoySystemWipeResult@0 000149a0 f   drivefilter.obj
 0001:00004540       _AbortDecoySystemWipe@0    000149c0 f   drivefilter.obj
 0001:000045a0       _GetBootDriveLength@0      00014a20 f   drivefilter.obj
 0001:000045c0       _WriteBootDriveSector@8    00014a40 f   drivefilter.obj
 0001:00004630       _DumpFilterEntry@8         00014ab0 f   dumpfilter.obj
 0001:00004d30       _EncryptedIoQueueAddIrp@8  000151b0 f   encryptedioqueue.obj
 0001:00004e50       _EncryptedIoQueueHoldWhenIdle@12 000152d0 f   encryptedioqueue.obj
 0001:00004ff0       _EncryptedIoQueueIsSuspended@4 00015470 f   encryptedioqueue.obj
 0001:00005010       _EncryptedIoQueueIsRunning@4 00015490 f   encryptedioqueue.obj
 0001:00005030       _EncryptedIoQueueResumeFromHold@4 000154b0 f   encryptedioqueue.obj
 0001:000050a0       _EncryptedIoQueueStart@4   00015520 f   encryptedioqueue.obj
 0001:00005480       _InitializeListHead@4      00015900 f i encryptedioqueue.obj
 0001:00006f20       _EncryptedIoQueueStop@4    000173a0 f   encryptedioqueue.obj
 0001:00007070       _DriverAddDevice@8         000174f0 f   ntdriver.obj
 0001:000071a0       _DumpMemory@8              00017620 f   ntdriver.obj
 0001:000072c0       _ValidateIOBufferSize@12   00017740 f   ntdriver.obj
 0001:000073d0       _GetVirtualVolumeDeviceObject@4 00017850 f   ntdriver.obj
 0001:00007400       _GSTDispatchQueueIRP@8     00017880 f   ntdriver.obj
 0001:000078d0       _GSTCreateDeviceObject@12  00017d50 f   ntdriver.obj
 0001:00007b40       _RootDeviceControlMutexAcquireNoWait@0 00017fc0 f   ntdriver.obj
 0001:00007ba0       _RootDeviceControlMutexRelease@0 00018020 f   ntdriver.obj
 0001:00007bc0       _ProcessVolumeDeviceControlIrp@12 00018040 f   ntdriver.obj
 0001:00008800       _ProcessMainDeviceControlIrp@12 00018c80 f   ntdriver.obj
 0001:0000a1e0       _GSTStartThread@12         0001a660 f   ntdriver.obj
 0001:0000a210       _GSTStartThreadInProcess@16 0001a690 f   ntdriver.obj
 0001:0000a310       _GSTStopThread@8           0001a790 f   ntdriver.obj
 0001:0000a350       _GSTStartVolumeThread@12   0001a7d0 f   ntdriver.obj
 0001:0000a4f0       _GSTStopVolumeThread@8     0001a970 f   ntdriver.obj
 0001:0000a5a0       _GSTSleep@4                0001aa20 f   ntdriver.obj
 0001:0000a630       _VolumeThreadProc@4        0001aab0 f   ntdriver.obj
 0001:0000a9a0       _GSTGetNTNameFromNumber@8  0001ae20 f   ntdriver.obj
 0001:0000aa40       _GSTGetDosNameFromNumber@8 0001aec0 f   ntdriver.obj
 0001:0000ab40       _GSTTranslateCode@4        0001afc0 f   ntdriver.obj
 0001:0000b310       _GSTDeleteDeviceObject@8   0001b790 f   ntdriver.obj
 0001:0000b470       _GSTUnloadDriver@4         0001b8f0 f   ntdriver.obj
 0001:0000b4e0       _OnShutdownPending@0       0001b960 f   ntdriver.obj
 0001:0000b560       _GSTDeviceIoControl@24     0001b9e0 f   ntdriver.obj
 0001:0000b650       _SendDeviceIoControlRequest@24 0001bad0 f   ntdriver.obj
 0001:0000b7f0       _ProbeRealDriveSize@8      0001bc70 f   ntdriver.obj
 0001:0000b990       _GSTOpenFsVolume@12        0001be10 f   ntdriver.obj
 0001:0000bab0       _GSTCloseFsVolume@8        0001bf30 f   ntdriver.obj
 0001:0000bae0       _GSTReadDevice@20          0001bf60 f   ntdriver.obj
 0001:0000bbf0       _GSTWriteDevice@20         0001c070 f   ntdriver.obj
 0001:0000bc20       _GSTFsctlCall@24           0001c0a0 f   ntdriver.obj
 0001:0000bce0       _CreateDriveLink@4         0001c160 f   ntdriver.obj
 0001:0000bd80       _RemoveDriveLink@4         0001c200 f   ntdriver.obj
 0001:0000bdf0       _MountManagerMount@4       0001c270 f   ntdriver.obj
 0001:0000c130       _MountManagerUnmount@4     0001c5b0 f   ntdriver.obj
 0001:0000c240       _MountDevice@8             0001c6c0 f   ntdriver.obj
 0001:0000c5a0       _UnmountDevice@12          0001ca20 f   ntdriver.obj
 0001:0000c820       _UnmountAllDevices@8       0001cca0 f   ntdriver.obj
 0001:0000c970       _SymbolicLinkToTarget@12   0001cdf0 f   ntdriver.obj
 0001:0000ca20       _RegionsOverlap@32         0001cea0 f   ntdriver.obj
 0001:0000caa0       _GetIntersection@36        0001cf20 f   ntdriver.obj
 0001:0000cbb0       _IsAccessibleByUser@8      0001d030 f   ntdriver.obj
 0001:0000cc80       _UserCanAccessDriveDevice@0 0001d100 f   ntdriver.obj
 0001:0000ccb0       _IsDriveLetterAvailable@4  0001d130 f   ntdriver.obj
 0001:0000cd60       _GSTCompleteIrp@12         0001d1e0 f   ntdriver.obj
 0001:0000cd90       _GSTCompleteDiskIrp@12     0001d210 f   ntdriver.obj
 0001:0000cdd0       _GetCpuCount@0             0001d250 f   ntdriver.obj
 0001:0000ce40       _EnsureNullTerminatedString@8 0001d2c0 f   ntdriver.obj
 0001:0000ce90       _GSTReadRegistryKey@12     0001d310 f   ntdriver.obj
 0001:0000cfc0       _IsVolumeClassFilterRegistered@0 0001d440 f   ntdriver.obj
 0001:0000d080       _ReadRegistryConfigFlags@4 0001d500 f   ntdriver.obj
 0001:0000d180       _GetDeviceSectorSize@8     0001d600 f   ntdriver.obj
 0001:0000d1d0       _ZeroUnreadableSectors@20  0001d650 f   ntdriver.obj
 0001:0000d320       _ReadDeviceSkipUnreadableSectors@24 0001d7a0 f   ntdriver.obj
 0001:0000d400       _IsVolumeAccessibleByCurrentUser@4 0001d880 f   ntdriver.obj
 0001:0000d500       _IsOSAtLeast@4             0001d980 f   ntdriver.obj
 0001:0000d620       _GSTOpenVolume@20          0001daa0 f   ntvol.obj
 0001:0000eca0       _GSTCloseVolume@8          0001f120 f   ntvol.obj
 0001:0000edc0       _COMPLETE_IRP@16           0001f240 f   ntvol.obj
 0001:0000ef00       _VolumeFilterAddDevice@8   0001f380 f   volumefilter.obj
 0001:0000f050       _VolumeFilterDispatchIrp@8 0001f4d0 f   volumefilter.obj
 0001:0000f6bb       @__security_check_cookie@4 0001fb3b f   BufferOverflowK:secchk.obj
 0001:0000f6d0       ___report_gsfailure        0001fb50 f   BufferOverflowK:gs_report.obj
 0001:0000f6fc       _DbgPrint                  0001fb7c f   ntoskrnl:ntoskrnl.exe
 0001:0000f708       _memset                    0001fb88 f   ntoskrnl:ntoskrnl.exe
 0001:0000f714       __alldiv                   0001fb94 f   ntoskrnl:ntoskrnl.exe
 0001:0000f720       __aulldiv                  0001fba0 f   ntoskrnl:ntoskrnl.exe
 0001:0000f72c       _memcpy                    0001fbac f   ntoskrnl:ntoskrnl.exe
 0001:0000f738       __aullshr                  0001fbb8 f   ntoskrnl:ntoskrnl.exe
 0001:0000f744       __allmul                   0001fbc4 f   ntoskrnl:ntoskrnl.exe
 0001:0000f750       __aullrem                  0001fbd0 f   ntoskrnl:ntoskrnl.exe
 0001:0000f760       _ReadVolumeHeaderWCache@20 0001fbe0 f   Common:cache.obj
 0001:0000f8a0       _AddPasswordToCache@4      0001fd20 f   Common:cache.obj
 0001:0000f930       _WipeCache@0               0001fdb0 f   Common:cache.obj
 0001:0000f9a0       _GetCrc32@8                0001fe20 f   Common:crc.obj
 0001:0000fa00       _crc32_selftests@0         0001fe80 f   Common:crc.obj
 0001:0000faa0       _CipherInit@12             0001ff20 f   Common:crypto.obj
 0001:0000fb00       _EncipherBlock@12          0001ff80 f   Common:crypto.obj
 0001:0000fb70       _EncipherBlocks@16         0001fff0 f   Common:crypto.obj
 0001:0000fbd0       _DecipherBlock@12          00020050 f   Common:crypto.obj
 0001:0000fc40       _DecipherBlocks@16         000200c0 f   Common:crypto.obj
 0001:0000fca0       _CipherGet@4               00020120 f   Common:crypto.obj
 0001:0000fd00       _CipherGetName@4           00020180 f   Common:crypto.obj
 0001:0000fd20       _CipherGetBlockSize@4      000201a0 f   Common:crypto.obj
 0001:0000fd40       _CipherGetKeySize@4        000201c0 f   Common:crypto.obj
 0001:0000fd60       _CipherGetKeyScheduleSize@4 000201e0 f   Common:crypto.obj
 0001:0000fd80       _CipherSupportsIntraDataUnitParallelization@4 00020200 f   Common:crypto.obj
 0001:0000fd90       _XorKeySchedule@20         00020210 f   Common:crypto.obj
 0001:0000fe00       _EAGetFirst@0              00020280 f   Common:crypto.obj
 0001:0000fe20       _EAGetNext@4               000202a0 f   Common:crypto.obj
 0001:0000fe50       _EAInit@12                 000202d0 f   Common:crypto.obj
 0001:0000fef0       _EAInitMode@4              00020370 f   Common:crypto.obj
 0001:0000ff90       _EAGetName@8               00020410 f   Common:crypto.obj
 0001:000100c0       _EAGetKeySize@4            00020540 f   Common:crypto.obj
 0001:00010120       _EAGetFirstMode@4          000205a0 f   Common:crypto.obj
 0001:00010140       _EAGetNextMode@8           000205c0 f   Common:crypto.obj
 0001:000101a0       _EAGetKeyScheduleSize@4    00020620 f   Common:crypto.obj
 0001:00010200       _EAGetLargestKeyForMode@4  00020680 f   Common:crypto.obj
 0001:00010270       _EAGetFirstCipher@4        000206f0 f   Common:crypto.obj
 0001:00010290       _EAGetLastCipher@4         00020710 f   Common:crypto.obj
 0001:000102e0       _EAGetNextCipher@8         00020760 f   Common:crypto.obj
 0001:00010340       _EAGetPreviousCipher@8     000207c0 f   Common:crypto.obj
 0001:000103c0       _EAIsModeSupported@8       00020840 f   Common:crypto.obj
 0001:00010410       _crypto_open@0             00020890 f   Common:crypto.obj
 0001:00010460       _crypto_loadkey@12         000208e0 f   Common:crypto.obj
 0001:000104e0       _crypto_close@4            00020960 f   Common:crypto.obj
 0001:00010550       _EncryptBuffer@16          000209d0 f   Common:crypto.obj
 0001:000106c0       _EncryptDataUnits@16       00020b40 f   Common:crypto.obj
 0001:000106f0       _EncryptDataUnitsCurrentThread@20 00020b70 f   Common:crypto.obj
 0001:00010840       _DecryptBuffer@16          00020cc0 f   Common:crypto.obj
 0001:000109f0       _DecryptDataUnits@16       00020e70 f   Common:crypto.obj
 0001:00010a20       _DecryptDataUnitsCurrentThread@20 00020ea0 f   Common:crypto.obj
 0001:00010bc0       _GetMaxPkcs5OutSize@0      00021040 f   Common:crypto.obj
 0001:00010c30       _EnableHwEncryption@4      000210b0 f   Common:crypto.obj
 0001:00010c40       _IsHwEncryptionEnabled@0   000210c0 f   Common:crypto.obj
 0001:00010c60       _GetHeaderField16@8        000210e0 f   Common:volumes.obj
 0001:00010c80       _GetHeaderField32@8        00021100 f   Common:volumes.obj
 0001:00010ca0       _GetHeaderField64@8        00021120 f   Common:volumes.obj
 0001:00010ce0       _ReadVolumeHeader@20       00021160 f   Common:volumes.obj
 0001:00011910       _GetWipePassCount@4        00021d90 f   Common:wipe.obj
 0001:00011990       _WipeBuffer@20             00021e10 f   Common:wipe.obj
 0001:00011cc0       _TestSectorBufEncryption@4 00022140 f   Common:tests.obj
 0001:00012460       _TestLegacySectorBufEncryption@4 000228e0 f   Common:tests.obj
 0001:000126e0       _AutoTestAlgorithms@0      00022b60 f   Common:tests.obj
 0001:000127d0       _test_hmac_whirlpool@0     00022c50 f   Common:tests.obj
 0001:00012870       _test_hmac_gosthash@0      00022cf0 f   Common:tests.obj
 0001:00012900       _test_hmac_stribog@0       00022d80 f   Common:tests.obj
 0001:00012990       _test_pkcs5@0              00022e10 f   Common:tests.obj
 0001:00012ac0       _EncryptionThreadPoolStart@4 00022f40 f   Common:encryptionthreadpool.obj
 0001:00012c30       _ExInitializeFastMutex@4   000230b0 f i Common:encryptionthreadpool.obj
 0001:00012f70       _EncryptionThreadPoolStop@0 000233f0 f   Common:encryptionthreadpool.obj
 0001:00012ff0       _EncryptionThreadPoolBeginKeyDerivation@40 00023470 f   Common:encryptionthreadpool.obj
 0001:00013130       _EncryptionThreadPoolDoWork@20 000235b0 f   Common:encryptionthreadpool.obj
 0001:000133b0       _GetEncryptionThreadCount@0 00023830 f   Common:encryptionthreadpool.obj
 0001:000133d0       _IsEncryptionThreadPoolRunning@0 00023850 f   Common:encryptionthreadpool.obj
 0001:000133f0       _MirrorBytes16@4           00023870 f   Common:endian.obj
 0001:00013410       _MirrorBytes32@4           00023890 f   Common:endian.obj
 0001:00013470       _MirrorBytes64@8           000238f0 f   Common:endian.obj
 0001:000135e0       _EncryptBufferXTS@32       00023a60 f   Common:xts.obj
 0001:00013650       _EncryptBufferXTS8Byte@32  00023ad0 f   Common:xts.obj
 0001:00014350       _DecryptBufferXTS@32       000247d0 f   Common:xts.obj
 0001:000143c0       _DecryptBufferXTS8Byte@32  00024840 f   Common:xts.obj
 0001:000150c0       _hmac_truncate@12          00025540 f   Common:pkcs5.obj
 0001:00015100       _hmac_whirlpool@24         00025580 f   Common:pkcs5.obj
 0001:00015580       _derive_u_whirlpool@28     00025a00 f   Common:pkcs5.obj
 0001:00015770       _derive_key_whirlpool@28   00025bf0 f   Common:pkcs5.obj
 0001:000158b0       _hmac_gosthash@20          00025d30 f   Common:pkcs5.obj
 0001:00015c80       _derive_u_gosthash@28      00026100 f   Common:pkcs5.obj
 0001:00015e70       _derive_key_gosthash@28    000262f0 f   Common:pkcs5.obj
 0001:00015fb0       _hmac_stribog@20           00026430 f   Common:pkcs5.obj
 0001:00016380       _derive_u_stribog@28       00026800 f   Common:pkcs5.obj
 0001:00016570       _derive_key_stribog@28     000269f0 f   Common:pkcs5.obj
 0001:000166b0       _get_pkcs5_iteration_count@8 00026b30 f   Common:pkcs5.obj
 0001:00016710       _S@4                       00026b90 f   Crypto:grasshoppercipher.obj
 0001:00016910       _S_inv@4                   00026d90 f   Crypto:grasshoppercipher.obj
 0001:00016b10       _ll@4                      00026f90 f   Crypto:grasshoppercipher.obj
 0001:00016d00       _R@4                       00027180 f   Crypto:grasshoppercipher.obj
 0001:00016df0       _R_inv@4                   00027270 f   Crypto:grasshoppercipher.obj
 0001:00016ed0       _L@4                       00027350 f   Crypto:grasshoppercipher.obj
 0001:00016f70       _L_inv@4                   000273f0 f   Crypto:grasshoppercipher.obj
 0001:00017010       _F@12                      00027490 f   Crypto:grasshoppercipher.obj
 0001:000170f0       _grasshopper_set_key@8     00027570 f   Crypto:grasshoppercipher.obj
 0001:000176d0       _grasshopper_encrypt@12    00027b50 f   Crypto:grasshoppercipher.obj
 0001:00017ab0       _grasshopper_decrypt@12    00027f30 f   Crypto:grasshoppercipher.obj
 0001:00017e90       _grasshopper_xor_ks@16     00028310 f   Crypto:grasshoppercipher.obj
 0001:000184b0       _changeEndian@4            00028930 f   Crypto:grasshoppercipher.obj
 0001:00018520       _gost_encrypt@12           000289a0 f   Crypto:gostcipher.obj
 0001:00018a60       _gost_decrypt@12           00028ee0 f   Crypto:gostcipher.obj
 0001:00018ed0       _gost_set_key@8            00029350 f   Crypto:gostcipher.obj
 0001:00019300       _gost_xor_ks@16            00029780 f   Crypto:gostcipher.obj
 0001:00019470       _WHIRLPOOL_init@4          000298f0 f   Crypto:whirlpool.obj
 0001:000194f0       _WHIRLPOOL_add@12          00029970 f   Crypto:whirlpool.obj
 0001:0001ae20       _WHIRLPOOL_finalize@8      0002b2a0 f   Crypto:whirlpool.obj
 0001:0001b010       _GOSTHASH_init@4           0002b490 f   Crypto:gosthash.obj
 0001:0001b030       _GOSTHASH_add@12           0002b4b0 f   Crypto:gosthash.obj
 0001:0001bc70       _GOSTHASH_finalize@8       0002c0f0 f   Crypto:gosthash.obj
 0001:0001bda0       _g_N@12                    0002c220 f   Crypto:stribog.obj
 0001:0001c160       _STRIBOG_init@4            0002c5e0 f   Crypto:stribog.obj
 0001:0001c1d0       _STRIBOG_add@12            0002c650 f   Crypto:stribog.obj
 0001:0001c480       _STRIBOG_finalize@8        0002c900 f   Crypto:stribog.obj
 0001:0001c5d0       __except_handler4          0002ca50 f   sehupd:chandler4.obj
 0001:0001c72c       __local_unwind4            0002cbac f   sehupd:exsup4.obj
 0001:0001c7f5       __seh_longjmp_unwind4@4    0002cc75 f   sehupd:exsup4.obj
 0001:0001c811       @_EH4_CallFilterFunc@8     0002cc91 f   sehupd:exsup4.obj
 0001:0001c828       @_EH4_TransferToHandler@8  0002cca8 f   sehupd:exsup4.obj
 0001:0001c83a       @_EH4_GlobalUnwind@4       0002ccba f   sehupd:exsup4.obj
 0001:0001c854       @_EH4_LocalUnwind@16       0002ccd4 f   sehupd:exsup4.obj
 0001:0001c870       __NLG_Call                 0002ccf0 f   sehupd:_nlgsupp.obj
 0001:0001c878       __allshl                   0002ccf8 f   ntoskrnl:ntoskrnl.exe
 0001:0001c884       _RtlUnwind@16              0002cd04 f   ntoskrnl:ntoskrnl.exe
 0001:0001c890       ??_C@_0BJ@FBGGCCGI@BootArgumentsCrc32?5?$DN?5?$CFx?6?$AA@FNODOBFM@ 0002cd10     drivefilter.obj
 0001:0001c8b0       ??_C@_0BJ@DENLEODJ@BootDriveSignature?5?$DN?5?$CFx?6?$AA@FNODOBFM@ 0002cd30     drivefilter.obj
 0001:0001c8d0       ??_C@_0M@KEDLLGKK@Flags?5?$DN?5?$CFx?6?$AA@FNODOBFM@ 0002cd50     drivefilter.obj
 0001:0001c8e0       ??_C@_0CD@BAEBNNNN@DecoySystemPartitionStart?5?$DN?5?$CFI64@FNODOBFM@ 0002cd60     drivefilter.obj
 0001:0001c910       ??_C@_0CE@JLLKOMJD@HiddenSystemPartitionStart?5?$DN?5?$CFI6@FNODOBFM@ 0002cd90     drivefilter.obj
 0001:0001c940       ??_C@_0BH@OFNGPMHI@CryptoInfoLength?5?$DN?5?$CFd?6?$AA@FNODOBFM@ 0002cdc0     drivefilter.obj
 0001:0001c960       ??_C@_0BH@DOJHKKND@CryptoInfoOffset?5?$DN?5?$CFx?6?$AA@FNODOBFM@ 0002cde0     drivefilter.obj
 0001:0001c980       ??_C@_0BG@PNJAPAAK@HeaderSaltCrc32?5?$DN?5?$CFx?6?$AA@FNODOBFM@ 0002ce00     drivefilter.obj
 0001:0001c9a0       ??_C@_0BI@NEHGCDJA@BootLoaderVersion?5?$DN?5?$CFx?6?$AA@FNODOBFM@ 0002ce20     drivefilter.obj
 0001:0001c9c0       ??_C@_0BN@NBHIKKLK@BootArguments?5CRC?5incorrect?6?$AA@FNODOBFM@ 0002ce40     drivefilter.obj
 0001:0001c9e0       ??_C@_0BN@JFNHMJPM@BootArguments?5found?5at?50x?$CFx?6?$AA@FNODOBFM@ 0002ce60     drivefilter.obj
 0001:0001ca00       ??_C@_0CA@ILBJGGPO@Checking?5BootArguments?5at?50x?$CFx?6?$AA@FNODOBFM@ 0002ce80     drivefilter.obj
 0001:0001ca20       ??_C@_0BN@FJJFAJFG@DriveFilterAddDevice?5pdo?$DN?$CFp?6?$AA@FNODOBFM@ 0002cea0     drivefilter.obj
 0001:0001ca40       ??_C@_0DK@ECCPCMLD@?$CBExtension?9?$DObRootDevice?5?$CG?$CG?5Exten@FNODOBFM@ 0002cec0     drivefilter.obj
 0001:0001ca80       ??_C@_0JI@OLKOIMOH@c?3?2users?2alexis?2desktop?2sources_@FNODOBFM@ 0002cf00     drivefilter.obj
 0001:0001cb20       ??_C@_0CM@LOONDNKF@Irp?9?$DOCurrentLocation?5?$DM?$DN?5Irp?9?$DOSta@FNODOBFM@ 0002cfa0     drivefilter.obj
 0001:0001cb50       ??_C@_0CF@LIHGPBLF@c?3?2winddk?27600?416385?41?2inc?2ddk?2w@FNODOBFM@ 0002cfd0     drivefilter.obj
 0001:0001cb80       ??_C@_0CI@HDMHMCGD@Irp?9?$DOCurrentLocation?5?$DM?$DN?5Irp?9?$DOSta@FNODOBFM@ 0002d000     drivefilter.obj
 0001:0001cbb0       ??_C@_0BN@GINPCIAN@IRP_MN_REMOVE_DEVICE?5pdo?$DN?$CFp?6?$AA@FNODOBFM@ 0002d030     drivefilter.obj
 0001:0001cbd0       ??_C@_0BJ@ECOGMEFG@Preventing?5dump?5type?$DN?$CFd?6?$AA@FNODOBFM@ 0002d050     drivefilter.obj
 0001:0001cbf0       ??_C@_0CK@HDNODHHC@IRP_MN_DEVICE_USAGE_NOTIFICATION@FNODOBFM@ 0002d070     drivefilter.obj
 0001:0001cc20       ??_C@_0BM@EOGIDBIC@IRP_MN_START_DEVICE?5pdo?$DN?$CFp?6?$AA@FNODOBFM@ 0002d0a0     drivefilter.obj
 0001:0001cc40       ??_C@_0BI@ONACDOIC@Extension?9?$DODriveMounted?$AA@FNODOBFM@ 0002d0c0     drivefilter.obj
 0001:0001cc60       ??_C@_0BD@EAAMLHLJ@Dismounting?5drive?6?$AA@FNODOBFM@ 0002d0e0     drivefilter.obj
 0001:0001cc80       ??_C@_0FK@JAEDPCKJ@?$CIInvokeOnSuccess?5?$HM?$HM?5InvokeOnErro@FNODOBFM@ 0002d100     drivefilter.obj
 0001:0001cce0       ??_C@_0BJ@HKMILGM@Irp?9?$DOCurrentLocation?5?$DO?50?$AA@FNODOBFM@ 0002d160     drivefilter.obj
 0001:0001cd00       ??_C@_0BP@NOBPEAIN@Drive?5and?5volume?5merged?5pdo?$DN?$CFp?$AA@FNODOBFM@ 0002d180     drivefilter.obj
 0001:0001cd20       ??_C@_0BG@CKLJIMPP@Header?5not?5decrypted?6?$AA@FNODOBFM@ 0002d1a0     drivefilter.obj
 0001:0001cd40       ??_C@_0CH@IHPMFJGA@Failed?5to?5get?5drive?5length?5?9?5err@FNODOBFM@ 0002d1c0     drivefilter.obj
 0001:0001cd70       ??_C@_0CH@LNDECHEL@Failed?5to?5get?5drive?5number?5?9?5err@FNODOBFM@ 0002d1f0     drivefilter.obj
 0001:0001cda0       ??_C@_0BF@DFBDNCBE@Wiping?5memory?5?$CFx?5?$CFd?6?$AA@FNODOBFM@ 0002d220     drivefilter.obj
 0001:0001cdc0       ??_C@_0EK@PHFABMCK@Loaded?3?5EncryptedAreaStart?$DN?$CFI64d@FNODOBFM@ 0002d240     drivefilter.obj
 0001:0001ce10       ??_C@_0FO@PAPPJPK@Loaded?3?5ConfiguredEncryptedAreaS@FNODOBFM@ 0002d290     drivefilter.obj
 0001:0001ce70       ??_C@_0CE@NLPFMAEC@RemappedAreaDataUnitOffset?5?$DN?5?$CFI6@FNODOBFM@ 0002d2f0     drivefilter.obj
 0001:0001cea0       ??_C@_0BM@GBKCGBDB@RemappedAreaOffset?5?$DN?5?$CFI64d?6?$AA@FNODOBFM@ 0002d320     drivefilter.obj
 0001:0001cec0       ??_C@_0CE@ONLIABPH@Hidden?5volume?5start?5offset?5?$DN?5?$CFI6@FNODOBFM@ 0002d340     drivefilter.obj
 0001:0001cef0       ??_C@_0BC@LMOOMJMK@Header?5decrypted?6?$AA@FNODOBFM@ 0002d370     drivefilter.obj
 0001:0001cf10       ??_C@_0BI@CNAIBCGO@GSTReadDevice?5error?5?$CFx?6?$AA@FNODOBFM@ 0002d390     drivefilter.obj
 0001:0001cf30       ??_C@_0CA@JLOPIPKN@Reading?5volume?5header?5at?5?$CFI64u?6?$AA@FNODOBFM@ 0002d3b0     drivefilter.obj
 0001:0001cf50       ??_C@_0CE@KKOENIAD@KeGetCurrentIrql?$CI?$CJ?5?$DN?$DN?5PASSIVE_LE@FNODOBFM@ 0002d3d0     drivefilter.obj
 0001:0001cf80       ??_C@_0BD@JFDPBFDA@MountDrive?5pdo?$DN?$CFp?6?$AA@FNODOBFM@ 0002d400     drivefilter.obj
 0001:0001cfa0       ??_C@_0CL@JHMIFAKG@IRP_MJ_POWER?5minor?$DN?$CFd?5type?$DN?$CFd?5sh@FNODOBFM@ 0002d420     drivefilter.obj
 0001:0001cfd0       ??_C@_0BF@GFCPIAML@Header?5not?5reopened?6?$AA@FNODOBFM@ 0002d450     drivefilter.obj
 0001:0001cff0       ??_C@_0BB@DLMCDLIB@Header?5reopened?6?$AA@FNODOBFM@ 0002d470     drivefilter.obj
 0001:0001d010       ??_C@_0BJ@CFHEDMMF@?$CBIsOSAtLeast?5?$CIWIN_VISTA?$CJ?$AA@FNODOBFM@ 0002d490     drivefilter.obj
 0001:0001d030       ??_C@_1M@IFMDENJC@?$AAH?$AAI?$AAB?$AAE?$AAR?$AA?$AA@FNODOBFM@ 0002d4b0     drivefilter.obj
 0001:0001d040       ??_C@_1M@JEHGIGBM@?$AAH?$AAi?$AAb?$AAe?$AAr?$AA?$AA@FNODOBFM@ 0002d4c0     drivefilter.obj
 0001:0001d050       ??_C@_1M@IMEHFNOE@?$AAh?$AAi?$AAb?$AAe?$AAr?$AA?$AA@FNODOBFM@ 0002d4d0     drivefilter.obj
 0001:0001d060       ??_C@_0BN@MGBGIHJM@Filtering?5WriteFunctionB?5?$CFd?6?$AA@FNODOBFM@ 0002d4e0     drivefilter.obj
 0001:0001d080       ??_C@_0BN@EAICPFDC@Filtering?5WriteFunctionA?5?$CFd?6?$AA@FNODOBFM@ 0002d500     drivefilter.obj
 0001:0001d0a0       ??_C@_0FE@OKPCPDJI@Setup?5completed?3?5?5EncryptedAreaS@FNODOBFM@ 0002d520     drivefilter.obj
 0001:0001d100       ??_C@_0BE@IDPHHPHP@NT_SUCCESS?5?$CIstatus?$CJ?$AA@FNODOBFM@ 0002d580     drivefilter.obj
 0001:0001d120       ??_C@_0BJ@MNLDHNHO@GSTWriteDevice?5error?5?$CFx?6?$AA@FNODOBFM@ 0002d5a0     drivefilter.obj
 0001:0001d140       ??_C@_0CG@LCCCLOOH@GSTReadDevice?5error?5?$CFx?5?5offset?$DN?$CF@FNODOBFM@ 0002d5c0     drivefilter.obj
 0001:0001d170       ??_C@_0DK@GDPNMFEK@EncryptedAreaStart?$DN?$CFI64d?5?$CI?$CFI64d?$CJ@FNODOBFM@ 0002d5f0     drivefilter.obj
 0001:0001d1b0       ??_C@_0O@CPDGLKAG@offset?$DN?$CFI64d?6?$AA@FNODOBFM@ 0002d630     drivefilter.obj
 0001:0001d1c0       ??_C@_0CC@FCINBIJC@ConfiguredEncryptedAreaEnd?$DN?$CFI64d@FNODOBFM@ 0002d640     drivefilter.obj
 0001:0001d1f0       ??_C@_0CE@PHJPGEOK@ConfiguredEncryptedAreaStart?$DN?$CFI6@FNODOBFM@ 0002d670     drivefilter.obj
 0001:0001d220       ??_C@_0BI@NGOBDECI@EncryptedAreaEnd?$DN?$CFI64d?6?$AA@FNODOBFM@ 0002d6a0     drivefilter.obj
 0001:0001d240       ??_C@_0BK@NLGNMKFH@EncryptedAreaStart?$DN?$CFI64d?6?$AA@FNODOBFM@ 0002d6c0     drivefilter.obj
 0001:0001d260       ??_C@_0P@DCAIKIEM@Decrypting?4?4?4?6?$AA@FNODOBFM@ 0002d6e0     drivefilter.obj
 0001:0001d270       ??_C@_0P@MEMLEIEJ@Encrypting?4?4?4?6?$AA@FNODOBFM@ 0002d6f0     drivefilter.obj
 0001:0001d280       ??_C@_0BI@IEKOAEOL@GSTWriteDevice?5error?5?$CFx?$AA@FNODOBFM@ 0002d700     drivefilter.obj
 0001:0001d2a0       ??_C@_0BF@DGHCICOF@Header?5not?5decrypted?$AA@FNODOBFM@ 0002d720     drivefilter.obj
 0001:0001d2c0       ??_C@_0EK@MOIFFFBD@Saving?3?5EncryptedAreaStart?$DN?$CFI64d@FNODOBFM@ 0002d740     drivefilter.obj
 0001:0001d310       ??_C@_0FO@BIDJBKJB@Saving?3?5ConfiguredEncryptedAreaS@FNODOBFM@ 0002d790     drivefilter.obj
 0001:0001d370       ??_C@_0BH@OKCIAKOB@GSTReadDevice?5error?5?$CFx?$AA@FNODOBFM@ 0002d7f0     drivefilter.obj
 0001:0001d390       ??_C@_0DB@OHMKNOCN@Wipe?5end?3?5DecoySystemWipedAreaEn@FNODOBFM@ 0002d810     drivefilter.obj
 0001:0001d3d0       ??_C@_0CM@PJEGGJLG@Wiping?5decoy?5system?3?5?5start?5offs@FNODOBFM@ 0002d850     drivefilter.obj
 0001:0001d400       ??_C@_0BK@MPDBPBLL@DumpFilterEntry?5error?5?$CFx?6?$AA@FNODOBFM@ 0002d880     dumpfilter.obj
 0001:0001d420       ??_C@_0BM@NIHDEFIH@Dump?5filter?5loaded?5type?$DN?$CFd?6?$AA@FNODOBFM@ 0002d8a0     dumpfilter.obj
 0001:0001d440       ??_C@_1CE@LFEKNJLC@?$AA?2?$AAD?$AAe?$AAv?$AAi?$AAc?$AAe?$AA?2?$AAG?$AAo?$AAs?$AAt?$AAC?$AAr?$AAy?$AAp?$AAt?$AA?$AA@FNODOBFM@ 0002d8c0     dumpfilter.obj
 0001:0001d470       ??_C@_0BJ@DKEIHACK@DumpFilterEntry?5type?$DN?$CFd?6?$AA@FNODOBFM@ 0002d8f0     dumpfilter.obj
 0001:0001d490       ??_C@_0BJ@IKOJIFKO@DumpFilterStart?5type?$DN?$CFd?6?$AA@FNODOBFM@ 0002d910     dumpfilter.obj
 0001:0001d4b0       ??_C@_0BK@EIOFNLAN@DumpFilterFinish?5type?$DN?$CFd?6?$AA@FNODOBFM@ 0002d930     dumpfilter.obj
 0001:0001d4d0       ??_C@_0BK@LHLJKEKP@DumpFilterUnload?5type?$DN?$CFd?6?$AA@FNODOBFM@ 0002d950     dumpfilter.obj
 0001:0001d4f0       ??_C@_0JN@NJGKKPMF@c?3?2users?2alexis?2desktop?2sources_@FNODOBFM@ 0002d970     encryptedioqueue.obj
 0001:0001d590       ??_C@_0CB@JMNJFHBF@STATUS_DEVICE_NOT_READY?5?5out?$DN?$CFd?6@FNODOBFM@ 0002da10     encryptedioqueue.obj
 0001:0001d5c0       ??_C@_0BC@DPKEMNCN@?$CBqueue?9?$DOSuspended?$AA@FNODOBFM@ 0002da40     encryptedioqueue.obj
 0001:0001d5e0       ??_C@_0BB@CDEEPNAM@queue?9?$DOSuspended?$AA@FNODOBFM@ 0002da60     encryptedioqueue.obj
 0001:0001d600       ??_C@_0P@IPONPJEA@Queue?5started?6?$AA@FNODOBFM@ 0002da80     encryptedioqueue.obj
 0001:0001d610       ??_C@_0CG@COCFEEEN@?$CBbuffer?9?$DOInUse?5?$HM?$HM?5queue?9?$DOStartPe@FNODOBFM@ 0002da90     encryptedioqueue.obj
 0001:0001d640       ??_C@_0GC@JKEACOCL@request?9?$DOEncryptedOffset?5?$CL?5reque@FNODOBFM@ 0002dac0     encryptedioqueue.obj
 0001:0001d6b0       ??_C@_0O@FECNDOKE@buffer?9?$DOInUse?$AA@FNODOBFM@ 0002db30     encryptedioqueue.obj
 0001:0001d6c0       ??_C@_0DI@GBCOIBFH@Preventing?5write?5to?5boot?5loader?5@FNODOBFM@ 0002db40     encryptedioqueue.obj
 0001:0001d700       ??_C@_0DJ@KOLNOKOK@Preventing?5write?5to?5the?5system?5e@FNODOBFM@ 0002db80     encryptedioqueue.obj
 0001:0001d740       ??_C@_0EP@IGAPPBIF@Hidden?5volume?5protection?5trigger@FNODOBFM@ 0002dbc0     encryptedioqueue.obj
 0001:0001d790       ??_C@_0BH@LHJJPAN@Queue?5stopped?5?5out?$DN?$CFd?6?$AA@FNODOBFM@ 0002dc10     encryptedioqueue.obj
 0001:0001d7b0       ??_C@_0BI@FIKKAEEK@Queue?5stopping?5?5out?$DN?$CFd?6?$AA@FNODOBFM@ 0002dc30     encryptedioqueue.obj
 0001:0001d7d0       ??_C@_0BE@PAKNKFEC@?$CBqueue?9?$DOStopPending?$AA@FNODOBFM@ 0002dc50     encryptedioqueue.obj
 0001:0001d7f0       ??_C@_0BN@PIELMKDH@Volume?5pdo?$DN?$CFp?5interface?$DN?$CFws?6?$AA@FNODOBFM@ 0002dc70     ntdriver.obj
 0001:0001d810       ??_C@_0CD@FCIMJPEM@AddDevice?5pdo?$DN?$CFp?5type?$DN?$CFx?5name?$DN?$CFw@FNODOBFM@ 0002dc90     ntdriver.obj
 0001:0001d840       ??_C@_13HGPDMIBE@?$AA?$DP?$AA?$AA@FNODOBFM@ 0002dcc0     ntdriver.obj
 0001:0001d850       ??_C@_0DF@IHIBAGEA@0x?$CF08p?5?5?$CF02x?5?$CF02x?5?$CF02x?5?$CF02x?5?$CF02x@FNODOBFM@ 0002dcd0     ntdriver.obj
 0001:0001d890       ??_C@_0FE@HIDEPCAO@STATUS_BUFFER_TOO_SMALL?5ioctl?$DN0x@FNODOBFM@ 0002dd10     ntdriver.obj
 0001:0001d8f0       ??_C@_0JF@EIKLNJII@c?3?2users?2alexis?2desktop?2sources_@FNODOBFM@ 0002dd70     ntdriver.obj
 0001:0001d990       ??_C@_0EI@NJLFEPKD@Removable?5device?5?$CFd?5has?5DO_VERIF@FNODOBFM@ 0002de10     ntdriver.obj
 0001:0001d9e0       ??_C@_0DA@HGPNLENJ@Device?5?$CFd?5shutting?5down?3?5STATUS_@FNODOBFM@ 0002de60     ntdriver.obj
 0001:0001da10       ??_C@_0BG@JHFMBFJC@Driver?5shutting?5down?6?$AA@FNODOBFM@ 0002de90     ntdriver.obj
 0001:0001da30       ??_C@_0P@CMDFIGFB@?$CFls?5?$CI0x?$CFx?5?$CFd?$CJ?6?$AA@FNODOBFM@ 0002deb0     ntdriver.obj
 0001:0001da40       ??_C@_0CK@MMFHFIAK@GSTCreateDeviceObject?5STATUS_SUC@FNODOBFM@ 0002dec0     ntdriver.obj
 0001:0001da70       ??_C@_0CN@DMFEOBLG@GSTCreateDeviceObject?5NTSTATUS?5?$DN@FNODOBFM@ 0002def0     ntdriver.obj
 0001:0001daa0       ??_C@_0CA@MBKOBJGH@Creating?5device?5nt?$DN?$CFls?5dos?$DN?$CFls?6?$AA@FNODOBFM@ 0002df20     ntdriver.obj
 0001:0001dac0       ??_C@_0BN@PHNPLCFI@GSTCreateDeviceObject?5BEGIN?6?$AA@FNODOBFM@ 0002df40     ntdriver.obj
 0001:0001dae0       ??_C@_0BO@BEMMNDOD@IOCTL?5error?50x?$CF08x?5?$CI0x?$CFx?5?$CFd?$CJ?6?$AA@FNODOBFM@ 0002df60     ntdriver.obj
 0001:0001db00       ??_C@_0M@HABEOOKA@link?5?$DN?5?$CFls?6?$AA@FNODOBFM@ 0002df80     ntdriver.obj
 0001:0001db10       ??_C@_08DALLBBIL@id?5?$DN?5?$CFs?6?$AA@FNODOBFM@ 0002df90     ntdriver.obj
 0001:0001db20       ??_C@_0BA@OIGBKMHJ@GostCryptVolume?$AA@FNODOBFM@ 0002dfa0     ntdriver.obj
 0001:0001db30       ??_C@_0M@FBJPBOL@name?5?$DN?5?$CFls?6?$AA@FNODOBFM@ 0002dfb0     ntdriver.obj
 0001:0001db40       ??_C@_0BE@MLCKFMJI@IOCTL?5error?50x?$CF08x?6?$AA@FNODOBFM@ 0002dfc0     ntdriver.obj
 0001:0001db60       ??_C@_07PAKHCJIG@5?4?5ok?4?6?$AA@FNODOBFM@ 0002dfe0     ntdriver.obj
 0001:0001db70       ??_C@_03JICGCNND@4?4?4?$AA@FNODOBFM@ 0002dff0     ntdriver.obj
 0001:0001db80       ??_C@_03FPBBFGK@3?4?4?$AA@FNODOBFM@ 0002e000     ntdriver.obj
 0001:0001db90       ??_C@_03LNENHCAP@2?4?4?$AA@FNODOBFM@ 0002e010     ntdriver.obj
 0001:0001dba0       ??_C@_09HOKHNNKO@Check?51?4?4?$AA@FNODOBFM@ 0002e020     ntdriver.obj
 0001:0001dbb0       ??_C@_0CH@OLDNEABP@Checking?5if?5VolumeIsAccessibleFo@FNODOBFM@ 0002e030     ntdriver.obj
 0001:0001dbe0       ??_C@_0CF@BBCNGDEK@Getting?5device?5object?5for?5drive?5@FNODOBFM@ 0002e060     ntdriver.obj
 0001:0001dc10       ??_C@_0CA@BDAPNECM@IOCTL?5GetMountedVolume?5received?$AA@FNODOBFM@ 0002e090     ntdriver.obj
 0001:0001dc30       ??_C@_0BH@GFMHOPFN@Setting?5portable?5mode?6?$AA@FNODOBFM@ 0002e0b0     ntdriver.obj
 0001:0001dc50       ??_C@_0CA@FCHCHJKN@Open?5test?5on?5file?5?$CFls?5success?4?6?$AA@FNODOBFM@ 0002e0d0     ntdriver.obj
 0001:0001dc70       ??_C@_09NKHKFHLH@GostCrypt?$AA@FNODOBFM@ 0002e0f0     ntdriver.obj
 0001:0001dc80       ??_C@_0CK@KIOPBGEO@Waiting?5completed?$CB?5Thread?5return@FNODOBFM@ 0002e100     ntdriver.obj
 0001:0001dcb0       ??_C@_0CF@DMBFEFC@Waiting?5for?5thread?5to?5initialize@FNODOBFM@ 0002e130     ntdriver.obj
 0001:0001dce0       ??_C@_0CB@DGOAIPAC@PsCreateSystemThread?5Failed?5END?6@FNODOBFM@ 0002e160     ntdriver.obj
 0001:0001dd10       ??_C@_0BE@DCPHDOHD@Starting?5thread?4?4?4?6?$AA@FNODOBFM@ 0002e190     ntdriver.obj
 0001:0001dd30       ??_C@_0P@OPFPPFJJ@Thread?5exited?6?$AA@FNODOBFM@ 0002e1b0     ntdriver.obj
 0001:0001dd40       ??_C@_0BG@MEOILBFO@NT_SUCCESS?5?$CIntStatus?$CJ?$AA@FNODOBFM@ 0002e1c0     ntdriver.obj
 0001:0001dd60       ??_C@_0BO@IDJGLOL@Signalling?5thread?5to?5quit?4?4?4?6?$AA@FNODOBFM@ 0002e1e0     ntdriver.obj
 0001:0001dd80       ??_C@_0BA@OMKHINCH@Closing?5volume?6?$AA@FNODOBFM@ 0002e200     ntdriver.obj
 0001:0001dd90       ??_C@_0CO@PADHEFHE@irpSp?9?$DOMajorFunction?5?$DN?$DN?5IRP_MJ_D@FNODOBFM@ 0002e210     ntdriver.obj
 0001:0001ddc0       ??_C@_0DO@GJJNBBEG@Mount?5THREAD?5request?5for?5File?5?$CFl@FNODOBFM@ 0002e240     ntdriver.obj
 0001:0001de00       ??_C@_19JHEHLFPM@?$AA?2?$AA?$DP?$AA?$DP?$AA?2?$AA?$AA@FNODOBFM@ 0002e280     ntdriver.obj
 0001:0001de10       ??_C@_1BA@CCLAPIHO@?$AA?2?$AAD?$AAe?$AAv?$AAi?$AAc?$AAe?$AA?$AA@FNODOBFM@ 0002e290     ntdriver.obj
 0001:0001de20       ??_C@_0CD@LOGBEHKH@Mount?5THREAD?5OPENING?5VOLUME?5BEGI@FNODOBFM@ 0002e2a0     ntdriver.obj
 0001:0001de50       ??_C@_1DA@HFFKBABD@?$AA?2?$AAD?$AAe?$AAv?$AAi?$AAc?$AAe?$AA?2?$AAG?$AAo?$AAs?$AAt?$AAC?$AAr?$AAy?$AAp?$AAt?$AAV?$AAo?$AAl?$AAu?$AAm?$AAe?$AA?$AA@FNODOBFM@ 0002e2d0     ntdriver.obj
 0001:0001de80       ??_C@_1BK@LABJKOM@?$AA?2?$AAD?$AAo?$AAs?$AAD?$AAe?$AAv?$AAi?$AAc?$AAe?$AAs?$AA?2?$AA?$AA@FNODOBFM@ 0002e300     ntdriver.obj
 0001:0001dea0       ??_C@_1M@KHJOIALG@?$AAI?$AAO?$AAC?$AAT?$AAL?$AA?$AA@FNODOBFM@ 0002e320     ntdriver.obj
 0001:0001deb0       ??_C@_1CM@DKLAEDLO@?$AAI?$AAR?$AAP?$AA_?$AAM?$AAJ?$AA_?$AAD?$AAE?$AAV?$AAI?$AAC?$AAE?$AA_?$AAC?$AAO?$AAN?$AAT?$AAR?$AAO?$AAL?$AA?$AA@FNODOBFM@ 0002e330     ntdriver.obj
 0001:0001dee0       ??_C@_1CA@FOECGGNC@?$AAI?$AAR?$AAP?$AA_?$AAM?$AAJ?$AA_?$AAS?$AAH?$AAU?$AAT?$AAD?$AAO?$AAW?$AAN?$AA?$AA@FNODOBFM@ 0002e360     ntdriver.obj
 0001:0001df00       ??_C@_1CK@MCKHKFDD@?$AAI?$AAR?$AAP?$AA_?$AAM?$AAJ?$AA_?$AAF?$AAL?$AAU?$AAS?$AAH?$AA_?$AAB?$AAU?$AAF?$AAF?$AAE?$AAR?$AAS?$AA?$AA@FNODOBFM@ 0002e380     ntdriver.obj
 0001:0001df30       ??_C@_1BO@GEGOKABG@?$AAI?$AAR?$AAP?$AA_?$AAM?$AAJ?$AA_?$AAC?$AAL?$AAE?$AAA?$AAN?$AAU?$AAP?$AA?$AA@FNODOBFM@ 0002e3b0     ntdriver.obj
 0001:0001df50       ??_C@_1BK@JLALPKNJ@?$AAI?$AAR?$AAP?$AA_?$AAM?$AAJ?$AA_?$AAC?$AAL?$AAO?$AAS?$AAE?$AA?$AA@FNODOBFM@ 0002e3d0     ntdriver.obj
 0001:0001df70       ??_C@_1BM@KFEHBPBD@?$AAI?$AAR?$AAP?$AA_?$AAM?$AAJ?$AA_?$AAC?$AAR?$AAE?$AAA?$AAT?$AAE?$AA?$AA@FNODOBFM@ 0002e3f0     ntdriver.obj
 0001:0001df90       ??_C@_1BK@HGBIKEDO@?$AAI?$AAR?$AAP?$AA_?$AAM?$AAJ?$AA_?$AAW?$AAR?$AAI?$AAT?$AAE?$AA?$AA@FNODOBFM@ 0002e410     ntdriver.obj
 0001:0001dfb0       ??_C@_1BI@CFPHGFDN@?$AAI?$AAR?$AAP?$AA_?$AAM?$AAJ?$AA_?$AAR?$AAE?$AAA?$AAD?$AA?$AA@FNODOBFM@ 0002e430     ntdriver.obj
 0001:0001dfd0       ??_C@_1DO@MEELNMKF@?$AAI?$AAO?$AAC?$AAT?$AAL?$AA_?$AAS?$AAT?$AAO?$AAR?$AAA?$AAG?$AAE?$AA_?$AAS?$AAE?$AAT?$AA_?$AAH?$AAO?$AAT?$AAP?$AAL?$AAU?$AAG?$AA_?$AAI?$AAN?$AAF?$AAO?$AA?$AA@FNODOBFM@ 0002e450     ntdriver.obj
 0001:0001e010       ??_C@_1DG@MIHPHMPG@?$AAI?$AAO?$AAC?$AAT?$AAL?$AA_?$AAD?$AAI?$AAS?$AAK?$AA_?$AAG?$AAE?$AAT?$AA_?$AAM?$AAE?$AAD?$AAI?$AAA?$AA_?$AAT?$AAY?$AAP?$AAE?$AAS?$AA?$AA@FNODOBFM@ 0002e490     ntdriver.obj
 0001:0001e050       ??_C@_1DI@EBJJOMKC@?$AAI?$AAO?$AAC?$AAT?$AAL?$AA_?$AAD?$AAI?$AAS?$AAK?$AA_?$AAF?$AAI?$AAN?$AAD?$AA_?$AAN?$AAE?$AAW?$AA_?$AAD?$AAE?$AAV?$AAI?$AAC?$AAE?$AAS?$AA?$AA@FNODOBFM@ 0002e4d0     ntdriver.obj
 0001:0001e090       ??_C@_1CG@BFEEHHEK@?$AAI?$AAO?$AAC?$AAT?$AAL?$AA_?$AAD?$AAI?$AAS?$AAK?$AA_?$AAR?$AAE?$AAL?$AAE?$AAA?$AAS?$AAE?$AA?$AA@FNODOBFM@ 0002e510     ntdriver.obj
 0001:0001e0c0       ??_C@_1CG@MJDBKCLM@?$AAI?$AAO?$AAC?$AAT?$AAL?$AA_?$AAD?$AAI?$AAS?$AAK?$AA_?$AAR?$AAE?$AAS?$AAE?$AAR?$AAV?$AAE?$AA?$AA@FNODOBFM@ 0002e540     ntdriver.obj
 0001:0001e0f0       ??_C@_1CM@GNBBIMEE@?$AAI?$AAO?$AAC?$AAT?$AAL?$AA_?$AAD?$AAI?$AAS?$AAK?$AA_?$AAL?$AAO?$AAA?$AAD?$AA_?$AAM?$AAE?$AAD?$AAI?$AAA?$AA?$AA@FNODOBFM@ 0002e570     ntdriver.obj
 0001:0001e120       ??_C@_1CO@KHEOABCH@?$AAI?$AAO?$AAC?$AAT?$AAL?$AA_?$AAD?$AAI?$AAS?$AAK?$AA_?$AAE?$AAJ?$AAE?$AAC?$AAT?$AA_?$AAM?$AAE?$AAD?$AAI?$AAA?$AA?$AA@FNODOBFM@ 0002e5a0     ntdriver.obj
 0001:0001e150       ??_C@_1DC@NMJCPDJD@?$AAI?$AAO?$AAC?$AAT?$AAL?$AA_?$AAD?$AAI?$AAS?$AAK?$AA_?$AAM?$AAE?$AAD?$AAI?$AAA?$AA_?$AAR?$AAE?$AAM?$AAO?$AAV?$AAA?$AAL?$AA?$AA@FNODOBFM@ 0002e5d0     ntdriver.obj
 0001:0001e190       ??_C@_1DA@DLMBEKMN@?$AAI?$AAO?$AAC?$AAT?$AAL?$AA_?$AAD?$AAI?$AAS?$AAK?$AA_?$AAC?$AAH?$AAE?$AAC?$AAK?$AA_?$AAV?$AAE?$AAR?$AAI?$AAF?$AAY?$AA?$AA@FNODOBFM@ 0002e610     ntdriver.obj
 0001:0001e1c0       ??_C@_1EC@JFOBAPGC@?$AAI?$AAO?$AAC?$AAT?$AAL?$AA_?$AAD?$AAI?$AAS?$AAK?$AA_?$AAI?$AAN?$AAT?$AAE?$AAR?$AAN?$AAA?$AAL?$AA_?$AAC?$AAL?$AAE?$AAA?$AAR?$AA_?$AAV?$AAE?$AAR?$AAI?$AAF?$AAY@FNODOBFM@ 0002e640     ntdriver.obj
 0001:0001e210       ??_C@_1DO@JKPDDEIN@?$AAI?$AAO?$AAC?$AAT?$AAL?$AA_?$AAD?$AAI?$AAS?$AAK?$AA_?$AAI?$AAN?$AAT?$AAE?$AAR?$AAN?$AAA?$AAL?$AA_?$AAS?$AAE?$AAT?$AA_?$AAV?$AAE?$AAR?$AAI?$AAF?$AAY?$AA?$AA@FNODOBFM@ 0002e690     ntdriver.obj
 0001:0001e250       ??_C@_1CK@JCHEBCIE@?$AAS?$AAM?$AAA?$AAR?$AAT?$AA_?$AAR?$AAC?$AAV?$AA_?$AAD?$AAR?$AAI?$AAV?$AAE?$AA_?$AAD?$AAA?$AAT?$AAA?$AA?$AA@FNODOBFM@ 0002e6d0     ntdriver.obj
 0001:0001e280       ??_C@_1DC@MGFPICHJ@?$AAS?$AAM?$AAA?$AAR?$AAT?$AA_?$AAS?$AAE?$AAN?$AAD?$AA_?$AAD?$AAR?$AAI?$AAV?$AAE?$AA_?$AAC?$AAO?$AAM?$AAM?$AAA?$AAN?$AAD?$AA?$AA@FNODOBFM@ 0002e700     ntdriver.obj
 0001:0001e2c0       ??_C@_1CE@PLNOGJJD@?$AAS?$AAM?$AAA?$AAR?$AAT?$AA_?$AAG?$AAE?$AAT?$AA_?$AAV?$AAE?$AAR?$AAS?$AAI?$AAO?$AAN?$AA?$AA@FNODOBFM@ 0002e740     ntdriver.obj
 0001:0001e2f0       ??_C@_1DK@NNJOEKIN@?$AAI?$AAO?$AAC?$AAT?$AAL?$AA_?$AAD?$AAI?$AAS?$AAK?$AA_?$AAC?$AAO?$AAN?$AAT?$AAR?$AAO?$AAL?$AAL?$AAE?$AAR?$AA_?$AAN?$AAU?$AAM?$AAB?$AAE?$AAR?$AA?$AA@FNODOBFM@ 0002e770     ntdriver.obj
 0001:0001e330       ??_C@_1DA@EGLLKJNO@?$AAI?$AAO?$AAC?$AAT?$AAL?$AA_?$AAD?$AAI?$AAS?$AAK?$AA_?$AAR?$AAE?$AAQ?$AAU?$AAE?$AAS?$AAT?$AA_?$AAD?$AAA?$AAT?$AAA?$AA?$AA@FNODOBFM@ 0002e7b0     ntdriver.obj
 0001:0001e360       ??_C@_1DK@EFIEFEEG@?$AAI?$AAO?$AAC?$AAT?$AAL?$AA_?$AAD?$AAI?$AAS?$AAK?$AA_?$AAR?$AAE?$AAQ?$AAU?$AAE?$AAS?$AAT?$AA_?$AAS?$AAT?$AAR?$AAU?$AAC?$AAT?$AAU?$AAR?$AAE?$AA?$AA@FNODOBFM@ 0002e7e0     ntdriver.obj
 0001:0001e3a0       ??_C@_1DG@BLHGEOGG@?$AAI?$AAO?$AAC?$AAT?$AAL?$AA_?$AAD?$AAI?$AAS?$AAK?$AA_?$AAH?$AAI?$AAS?$AAT?$AAO?$AAG?$AAR?$AAA?$AAM?$AA_?$AAR?$AAE?$AAS?$AAE?$AAT?$AA?$AA@FNODOBFM@ 0002e820     ntdriver.obj
 0001:0001e3e0       ??_C@_1DE@OGHADOL@?$AAI?$AAO?$AAC?$AAT?$AAL?$AA_?$AAD?$AAI?$AAS?$AAK?$AA_?$AAH?$AAI?$AAS?$AAT?$AAO?$AAG?$AAR?$AAA?$AAM?$AA_?$AAD?$AAA?$AAT?$AAA?$AA?$AA@FNODOBFM@ 0002e860     ntdriver.obj
 0001:0001e420       ??_C@_1DO@JMICENAF@?$AAI?$AAO?$AAC?$AAT?$AAL?$AA_?$AAD?$AAI?$AAS?$AAK?$AA_?$AAH?$AAI?$AAS?$AAT?$AAO?$AAG?$AAR?$AAA?$AAM?$AA_?$AAS?$AAT?$AAR?$AAU?$AAC?$AAT?$AAU?$AAR?$AAE?$AA?$AA@FNODOBFM@ 0002e8a0     ntdriver.obj
 0001:0001e460       ??_C@_1DI@LHHOILKE@?$AAI?$AAO?$AAC?$AAT?$AAL?$AA_?$AAD?$AAI?$AAS?$AAK?$AA_?$AAF?$AAO?$AAR?$AAM?$AAA?$AAT?$AA_?$AAT?$AAR?$AAA?$AAC?$AAK?$AAS?$AA_?$AAE?$AAX?$AA?$AA@FNODOBFM@ 0002e8e0     ntdriver.obj
 0001:0001e4a0       ??_C@_1CG@LCBFNDKM@?$AAI?$AAO?$AAC?$AAT?$AAL?$AA_?$AAD?$AAI?$AAS?$AAK?$AA_?$AAL?$AAO?$AAG?$AAG?$AAI?$AAN?$AAG?$AA?$AA@FNODOBFM@ 0002e920     ntdriver.obj
 0001:0001e4d0       ??_C@_1CO@MFHKENAI@?$AAI?$AAO?$AAC?$AAT?$AAL?$AA_?$AAD?$AAI?$AAS?$AAK?$AA_?$AAI?$AAS?$AA_?$AAW?$AAR?$AAI?$AAT?$AAA?$AAB?$AAL?$AAE?$AA?$AA@FNODOBFM@ 0002e950     ntdriver.obj
 0001:0001e500       ??_C@_1CO@LEDAJMII@?$AAI?$AAO?$AAC?$AAT?$AAL?$AA_?$AAD?$AAI?$AAS?$AAK?$AA_?$AAP?$AAE?$AAR?$AAF?$AAO?$AAR?$AAM?$AAA?$AAN?$AAC?$AAE?$AA?$AA@FNODOBFM@ 0002e980     ntdriver.obj
 0001:0001e530       ??_C@_1DG@HPLPDECO@?$AAI?$AAO?$AAC?$AAT?$AAL?$AA_?$AAD?$AAI?$AAS?$AAK?$AA_?$AAR?$AAE?$AAA?$AAS?$AAS?$AAI?$AAG?$AAN?$AA_?$AAB?$AAL?$AAO?$AAC?$AAK?$AAS?$AA?$AA@FNODOBFM@ 0002e9b0     ntdriver.obj
 0001:0001e570       ??_C@_1DC@PCKIDBBB@?$AAI?$AAO?$AAC?$AAT?$AAL?$AA_?$AAD?$AAI?$AAS?$AAK?$AA_?$AAF?$AAO?$AAR?$AAM?$AAA?$AAT?$AA_?$AAT?$AAR?$AAA?$AAC?$AAK?$AAS?$AA?$AA@FNODOBFM@ 0002e9f0     ntdriver.obj
 0001:0001e5b0       ??_C@_1CE@LGEELOJE@?$AAI?$AAO?$AAC?$AAT?$AAL?$AA_?$AAD?$AAI?$AAS?$AAK?$AA_?$AAV?$AAE?$AAR?$AAI?$AAF?$AAY?$AA?$AA@FNODOBFM@ 0002ea30     ntdriver.obj
 0001:0001e5e0       ??_C@_1DO@EPIDKIKJ@?$AAI?$AAO?$AAC?$AAT?$AAL?$AA_?$AAD?$AAI?$AAS?$AAK?$AA_?$AAS?$AAE?$AAT?$AA_?$AAD?$AAR?$AAI?$AAV?$AAE?$AA_?$AAL?$AAA?$AAY?$AAO?$AAU?$AAT?$AA_?$AAE?$AAX?$AA?$AA@FNODOBFM@ 0002ea60     ntdriver.obj
 0001:0001e620       ??_C@_1DI@CCDFFIEC@?$AAI?$AAO?$AAC?$AAT?$AAL?$AA_?$AAD?$AAI?$AAS?$AAK?$AA_?$AAG?$AAE?$AAT?$AA_?$AAD?$AAR?$AAI?$AAV?$AAE?$AA_?$AAL?$AAA?$AAY?$AAO?$AAU?$AAT?$AA?$AA@FNODOBFM@ 0002eaa0     ntdriver.obj
 0001:0001e660       ??_C@_1DM@FAAIHMNH@?$AAI?$AAO?$AAC?$AAT?$AAL?$AA_?$AAD?$AAI?$AAS?$AAK?$AA_?$AAS?$AAE?$AAT?$AA_?$AAP?$AAA?$AAR?$AAT?$AAI?$AAT?$AAI?$AAO?$AAN?$AA_?$AAI?$AAN?$AAF?$AAO?$AA?$AA@FNODOBFM@ 0002eae0     ntdriver.obj
 0001:0001e6a0       ??_C@_1EC@CAILBHJF@?$AAI?$AAO?$AAC?$AAT?$AAL?$AA_?$AAD?$AAI?$AAS?$AAK?$AA_?$AAG?$AAE?$AAT?$AA_?$AAP?$AAA?$AAR?$AAT?$AAI?$AAT?$AAI?$AAO?$AAN?$AA_?$AAI?$AAN?$AAF?$AAO?$AA_?$AAE?$AAX@FNODOBFM@ 0002eb20     ntdriver.obj
 0001:0001e6f0       ??_C@_1DM@LOAKHCPB@?$AAI?$AAO?$AAC?$AAT?$AAL?$AA_?$AAD?$AAI?$AAS?$AAK?$AA_?$AAG?$AAE?$AAT?$AA_?$AAP?$AAA?$AAR?$AAT?$AAI?$AAT?$AAI?$AAO?$AAN?$AA_?$AAI?$AAN?$AAF?$AAO?$AA?$AA@FNODOBFM@ 0002eb70     ntdriver.obj
 0001:0001e730       ??_C@_1EA@IKPNDHCL@?$AAI?$AAO?$AAC?$AAT?$AAL?$AA_?$AAS?$AAT?$AAO?$AAR?$AAA?$AAG?$AAE?$AA_?$AAG?$AAE?$AAT?$AA_?$AAD?$AAE?$AAV?$AAI?$AAC?$AAE?$AA_?$AAN?$AAU?$AAM?$AAB?$AAE?$AAR?$AA?$AA@FNODOBFM@ 0002ebb0     ntdriver.obj
 0001:0001e770       ??_C@_1DG@DLDFECDE@?$AAI?$AAO?$AAC?$AAT?$AAL?$AA_?$AAD?$AAI?$AAS?$AAK?$AA_?$AAG?$AAE?$AAT?$AA_?$AAL?$AAE?$AAN?$AAG?$AAT?$AAH?$AA_?$AAI?$AAN?$AAF?$AAO?$AA?$AA@FNODOBFM@ 0002ebf0     ntdriver.obj
 0001:0001e7b0       ??_C@_1FE@EBMKFIFJ@?$AAI?$AAO?$AAC?$AAT?$AAL?$AA_?$AAM?$AAO?$AAU?$AAN?$AAT?$AAM?$AAG?$AAR?$AA_?$AAV?$AAO?$AAL?$AAU?$AAM?$AAE?$AA_?$AAM?$AAO?$AAU?$AAN?$AAT?$AA_?$AAP?$AAO?$AAI?$AAN@FNODOBFM@ 0002ec30     ntdriver.obj
 0001:0001e810       ??_C@_1FE@CLAOKMGL@?$AAI?$AAO?$AAC?$AAT?$AAL?$AA_?$AAM?$AAO?$AAU?$AAN?$AAT?$AAM?$AAG?$AAR?$AA_?$AAV?$AAO?$AAL?$AAU?$AAM?$AAE?$AA_?$AAM?$AAO?$AAU?$AAN?$AAT?$AA_?$AAP?$AAO?$AAI?$AAN@FNODOBFM@ 0002ec90     ntdriver.obj
 0001:0001e870       ??_C@_1DI@LFNEEBHO@?$AAI?$AAO?$AAC?$AAT?$AAL?$AA_?$AAM?$AAO?$AAU?$AAN?$AAT?$AAM?$AAG?$AAR?$AA_?$AAQ?$AAU?$AAE?$AAR?$AAY?$AA_?$AAP?$AAO?$AAI?$AAN?$AAT?$AAS?$AA?$AA@FNODOBFM@ 0002ecf0     ntdriver.obj
 0001:0001e8b0       ??_C@_1DI@BMKMBCGO@?$AAI?$AAO?$AAC?$AAT?$AAL?$AA_?$AAM?$AAO?$AAU?$AAN?$AAT?$AAD?$AAE?$AAV?$AA_?$AAL?$AAI?$AAN?$AAK?$AA_?$AAD?$AAE?$AAL?$AAE?$AAT?$AAE?$AAD?$AA?$AA@FNODOBFM@ 0002ed30     ntdriver.obj
 0001:0001e8f0       ??_C@_1DI@HGGIOGFM@?$AAI?$AAO?$AAC?$AAT?$AAL?$AA_?$AAM?$AAO?$AAU?$AAN?$AAT?$AAD?$AAE?$AAV?$AA_?$AAL?$AAI?$AAN?$AAK?$AA_?$AAC?$AAR?$AAE?$AAA?$AAT?$AAE?$AAD?$AA?$AA@FNODOBFM@ 0002ed70     ntdriver.obj
 0001:0001e930       ??_C@_1CI@DJEMJCBH@?$AAI?$AAO?$AAC?$AAT?$AAL?$AA_?$AAV?$AAO?$AAL?$AAU?$AAM?$AAE?$AA_?$AAO?$AAN?$AAL?$AAI?$AAN?$AAE?$AA?$AA@FNODOBFM@ 0002edb0     ntdriver.obj
 0001:0001e960       ??_C@_1DO@OGNDJPNH@?$AAI?$AAO?$AAC?$AAT?$AAL?$AA_?$AAM?$AAO?$AAU?$AAN?$AAT?$AAD?$AAE?$AAV?$AA_?$AAQ?$AAU?$AAE?$AAR?$AAY?$AA_?$AAU?$AAN?$AAI?$AAQ?$AAU?$AAE?$AA_?$AAI?$AAD?$AA?$AA@FNODOBFM@ 0002ede0     ntdriver.obj
 0001:0001e9a0       ??_C@_1FC@MNMCPAAJ@?$AAI?$AAO?$AAC?$AAT?$AAL?$AA_?$AAM?$AAO?$AAU?$AAN?$AAT?$AAD?$AAE?$AAV?$AA_?$AAQ?$AAU?$AAE?$AAR?$AAY?$AA_?$AAS?$AAU?$AAG?$AAG?$AAE?$AAS?$AAT?$AAE?$AAD?$AA_?$AAL@FNODOBFM@ 0002ee20     ntdriver.obj
 0001:0001ea00       ??_C@_1EC@HFOIOEOM@?$AAI?$AAO?$AAC?$AAT?$AAL?$AA_?$AAM?$AAO?$AAU?$AAN?$AAT?$AAD?$AAE?$AAV?$AA_?$AAQ?$AAU?$AAE?$AAR?$AAY?$AA_?$AAD?$AAE?$AAV?$AAI?$AAC?$AAE?$AA_?$AAN?$AAA?$AAM?$AAE@FNODOBFM@ 0002ee80     ntdriver.obj
 0001:0001ea50       ??_C@_1EC@NPAFBAMN@?$AAI?$AAO?$AAC?$AAT?$AAL?$AA_?$AAD?$AAI?$AAS?$AAK?$AA_?$AAG?$AAE?$AAT?$AA_?$AAD?$AAR?$AAI?$AAV?$AAE?$AA_?$AAG?$AAE?$AAO?$AAM?$AAE?$AAT?$AAR?$AAY?$AA_?$AAE?$AAX@FNODOBFM@ 0002eed0     ntdriver.obj
 0001:0001eaa0       ??_C@_1DM@KPKDNCHM@?$AAI?$AAO?$AAC?$AAT?$AAL?$AA_?$AAD?$AAI?$AAS?$AAK?$AA_?$AAG?$AAE?$AAT?$AA_?$AAD?$AAR?$AAI?$AAV?$AAE?$AA_?$AAG?$AAE?$AAO?$AAM?$AAE?$AAT?$AAR?$AAY?$AA?$AA@FNODOBFM@ 0002ef20     ntdriver.obj
 0001:0001eae0       ??_C@_1EK@FDCJEFAP@?$AAI?$AAO?$AAC?$AAT?$AAL?$AA_?$AAV?$AAO?$AAL?$AAU?$AAM?$AAE?$AA_?$AAG?$AAE?$AAT?$AA_?$AAV?$AAO?$AAL?$AAU?$AAM?$AAE?$AA_?$AAD?$AAI?$AAS?$AAK?$AA_?$AAE?$AAX?$AAT@FNODOBFM@ 0002ef60     ntdriver.obj
 0001:0001eb30       ??_C@_1EE@DCDMLFMB@?$AAG?$AAS?$AAT?$AA_?$AAI?$AAO?$AAC?$AAT?$AAL?$AA_?$AAW?$AAR?$AAI?$AAT?$AAE?$AA_?$AAB?$AAO?$AAO?$AAT?$AA_?$AAD?$AAR?$AAI?$AAV?$AAE?$AA_?$AAS?$AAE?$AAC?$AAT?$AAO@FNODOBFM@ 0002efb0     ntdriver.obj
 0001:0001eb80       ??_C@_1DM@NHKGKLDG@?$AAG?$AAS?$AAT?$AA_?$AAI?$AAO?$AAC?$AAT?$AAL?$AA_?$AAW?$AAI?$AAP?$AAE?$AA_?$AAP?$AAA?$AAS?$AAS?$AAW?$AAO?$AAR?$AAD?$AA_?$AAC?$AAA?$AAC?$AAH?$AAE?$AA?$AA@FNODOBFM@ 0002f000     ntdriver.obj
 0001:0001ebc0       ??_C@_1EE@DKMHFKKB@?$AAG?$AAS?$AAT?$AA_?$AAI?$AAO?$AAC?$AAT?$AAL?$AA_?$AAS?$AAT?$AAA?$AAR?$AAT?$AA_?$AAD?$AAE?$AAC?$AAO?$AAY?$AA_?$AAS?$AAY?$AAS?$AAT?$AAE?$AAM?$AA_?$AAW?$AAI?$AAP@FNODOBFM@ 0002f040     ntdriver.obj
 0001:0001ec10       ??_C@_1FG@CELNGCOA@?$AAG?$AAS?$AAT?$AA_?$AAI?$AAO?$AAC?$AAT?$AAL?$AA_?$AAS?$AAE?$AAT?$AA_?$AAS?$AAY?$AAS?$AAT?$AAE?$AAM?$AA_?$AAF?$AAA?$AAV?$AAO?$AAR?$AAI?$AAT?$AAE?$AA_?$AAV?$AAO@FNODOBFM@ 0002f090     ntdriver.obj
 0001:0001ec70       ??_C@_1DO@PNIAGIJL@?$AAG?$AAS?$AAT?$AA_?$AAI?$AAO?$AAC?$AAT?$AAL?$AA_?$AAR?$AAE?$AAR?$AAE?$AAA?$AAD?$AA_?$AAD?$AAR?$AAI?$AAV?$AAE?$AAR?$AA_?$AAC?$AAO?$AAN?$AAF?$AAI?$AAG?$AA?$AA@FNODOBFM@ 0002f0f0     ntdriver.obj
 0001:0001ecb0       ??_C@_1EI@DOJOHJF@?$AAG?$AAS?$AAT?$AA_?$AAI?$AAO?$AAC?$AAT?$AAL?$AA_?$AAR?$AAE?$AAO?$AAP?$AAE?$AAN?$AA_?$AAB?$AAO?$AAO?$AAT?$AA_?$AAV?$AAO?$AAL?$AAU?$AAM?$AAE?$AA_?$AAH?$AAE?$AAA@FNODOBFM@ 0002f130     ntdriver.obj
 0001:0001ed00       ??_C@_1EA@MLPMMHHD@?$AAG?$AAS?$AAT?$AA_?$AAI?$AAO?$AAC?$AAT?$AAL?$AA_?$AAP?$AAR?$AAO?$AAB?$AAE?$AA_?$AAR?$AAE?$AAA?$AAL?$AA_?$AAD?$AAR?$AAI?$AAV?$AAE?$AA_?$AAS?$AAI?$AAZ?$AAE?$AA?$AA@FNODOBFM@ 0002f180     ntdriver.obj
 0001:0001ed40       ??_C@_1CI@DKAFEOJJ@?$AAG?$AAS?$AAT?$AA_?$AAI?$AAO?$AAC?$AAT?$AAL?$AA_?$AAO?$AAP?$AAE?$AAN?$AA_?$AAT?$AAE?$AAS?$AAT?$AA?$AA@FNODOBFM@ 0002f1c0     ntdriver.obj
 0001:0001ed70       ??_C@_1CO@GBDFCIBH@?$AAG?$AAS?$AAT?$AA_?$AAI?$AAO?$AAC?$AAT?$AAL?$AA_?$AAM?$AAO?$AAU?$AAN?$AAT?$AA_?$AAV?$AAO?$AAL?$AAU?$AAM?$AAE?$AA?$AA@FNODOBFM@ 0002f1f0     ntdriver.obj
 0001:0001eda0       ??_C@_1EG@HMABOPFD@?$AAG?$AAS?$AAT?$AA_?$AAI?$AAO?$AAC?$AAT?$AAL?$AA_?$AAI?$AAS?$AA_?$AAH?$AAI?$AAD?$AAD?$AAE?$AAN?$AA_?$AAS?$AAY?$AAS?$AAT?$AAE?$AAM?$AA_?$AAR?$AAU?$AAN?$AAN?$AAI@FNODOBFM@ 0002f220     ntdriver.obj
 0001:0001edf0       ??_C@_1EI@BKLPHECB@?$AAG?$AAS?$AAT?$AA_?$AAI?$AAO?$AAC?$AAT?$AAL?$AA_?$AAI?$AAS?$AA_?$AAD?$AAR?$AAI?$AAV?$AAE?$AAR?$AA_?$AAU?$AAN?$AAL?$AAO?$AAA?$AAD?$AA_?$AAD?$AAI?$AAS?$AAA?$AAB@FNODOBFM@ 0002f270     ntdriver.obj
 0001:0001ee40       ??_C@_1EA@FDLLEINC@?$AAG?$AAS?$AAT?$AA_?$AAI?$AAO?$AAC?$AAT?$AAL?$AA_?$AAI?$AAS?$AA_?$AAA?$AAN?$AAY?$AA_?$AAV?$AAO?$AAL?$AAU?$AAM?$AAE?$AA_?$AAM?$AAO?$AAU?$AAN?$AAT?$AAE?$AAD?$AA?$AA@FNODOBFM@ 0002f2c0     ntdriver.obj
 0001:0001ee80       ??_C@_1DG@MLCMIONK@?$AAG?$AAS?$AAT?$AA_?$AAI?$AAO?$AAC?$AAT?$AAL?$AA_?$AAD?$AAI?$AAS?$AAK?$AA_?$AAI?$AAS?$AA_?$AAW?$AAR?$AAI?$AAT?$AAA?$AAB?$AAL?$AAE?$AA?$AA@FNODOBFM@ 0002f300     ntdriver.obj
 0001:0001eec0       ??_C@_1DI@OHCBBBLA@?$AAG?$AAS?$AAT?$AA_?$AAI?$AAO?$AAC?$AAT?$AAL?$AA_?$AAG?$AAE?$AAT?$AA_?$AAW?$AAA?$AAR?$AAN?$AAI?$AAN?$AAG?$AA_?$AAF?$AAL?$AAA?$AAG?$AAS?$AA?$AA@FNODOBFM@ 0002f340     ntdriver.obj
 0001:0001ef00       ??_C@_1EA@ONAAGKIP@?$AAG?$AAS?$AAT?$AA_?$AAI?$AAO?$AAC?$AAT?$AAL?$AA_?$AAG?$AAE?$AAT?$AA_?$AAV?$AAO?$AAL?$AAU?$AAM?$AAE?$AA_?$AAP?$AAR?$AAO?$AAP?$AAE?$AAR?$AAT?$AAI?$AAE?$AAS?$AA?$AA@FNODOBFM@ 0002f380     ntdriver.obj
 0001:0001ef40       ??_C@_1EO@INPMIMDN@?$AAG?$AAS?$AAT?$AA_?$AAI?$AAO?$AAC?$AAT?$AAL?$AA_?$AAG?$AAE?$AAT?$AA_?$AAS?$AAY?$AAS?$AAT?$AAE?$AAM?$AA_?$AAD?$AAR?$AAI?$AAV?$AAE?$AA_?$AAD?$AAU?$AAM?$AAP?$AA_@FNODOBFM@ 0002f3c0     ntdriver.obj
 0001:0001ef90       ??_C@_1DO@NDHFIBG@?$AAG?$AAS?$AAT?$AA_?$AAI?$AAO?$AAC?$AAT?$AAL?$AA_?$AAG?$AAE?$AAT?$AA_?$AAR?$AAE?$AAS?$AAO?$AAL?$AAV?$AAE?$AAD?$AA_?$AAS?$AAY?$AAM?$AAL?$AAI?$AAN?$AAK?$AA?$AA@FNODOBFM@ 0002f410     ntdriver.obj
 0001:0001efd0       ??_C@_1EG@NPJNJBOI@?$AAG?$AAS?$AAT?$AA_?$AAI?$AAO?$AAC?$AAT?$AAL?$AA_?$AAS?$AAE?$AAT?$AA_?$AAP?$AAO?$AAR?$AAT?$AAA?$AAB?$AAL?$AAE?$AA_?$AAM?$AAO?$AAD?$AAE?$AA_?$AAS?$AAT?$AAA?$AAT@FNODOBFM@ 0002f450     ntdriver.obj
 0001:0001f020       ??_C@_1EG@IMOGEOLC@?$AAG?$AAS?$AAT?$AA_?$AAI?$AAO?$AAC?$AAT?$AAL?$AA_?$AAG?$AAE?$AAT?$AA_?$AAP?$AAO?$AAR?$AAT?$AAA?$AAB?$AAL?$AAE?$AA_?$AAM?$AAO?$AAD?$AAE?$AA_?$AAS?$AAT?$AAA?$AAT@FNODOBFM@ 0002f4a0     ntdriver.obj
 0001:0001f070       ??_C@_1EE@DMOEFLGD@?$AAG?$AAS?$AAT?$AA_?$AAI?$AAO?$AAC?$AAT?$AAL?$AA_?$AAG?$AAE?$AAT?$AA_?$AAS?$AAY?$AAS?$AAT?$AAE?$AAM?$AA_?$AAD?$AAR?$AAI?$AAV?$AAE?$AA_?$AAC?$AAO?$AAN?$AAF?$AAI@FNODOBFM@ 0002f4f0     ntdriver.obj
 0001:0001f0c0       ??_C@_1EI@NOJNBFFK@?$AAG?$AAS?$AAT?$AA_?$AAI?$AAO?$AAC?$AAT?$AAL?$AA_?$AAG?$AAE?$AAT?$AA_?$AAP?$AAA?$AAS?$AAS?$AAW?$AAO?$AAR?$AAD?$AA_?$AAC?$AAA?$AAC?$AAH?$AAE?$AA_?$AAS?$AAT?$AAA@FNODOBFM@ 0002f540     ntdriver.obj
 0001:0001f110       ??_C@_1DM@GDKLDIKK@?$AAG?$AAS?$AAT?$AA_?$AAI?$AAO?$AAC?$AAT?$AAL?$AA_?$AAG?$AAE?$AAT?$AA_?$AAM?$AAO?$AAU?$AAN?$AAT?$AAE?$AAD?$AA_?$AAV?$AAO?$AAL?$AAU?$AAM?$AAE?$AAS?$AA?$AA@FNODOBFM@ 0002f590     ntdriver.obj
 0001:0001f150       ??_C@_1DK@JBCOBEAN@?$AAG?$AAS?$AAT?$AA_?$AAI?$AAO?$AAC?$AAT?$AAL?$AA_?$AAG?$AAE?$AAT?$AA_?$AAD?$AAR?$AAI?$AAV?$AAE?$AAR?$AA_?$AAV?$AAE?$AAR?$AAS?$AAI?$AAO?$AAN?$AA?$AA@FNODOBFM@ 0002f5d0     ntdriver.obj
 0001:0001f190       ??_C@_1EG@HHHEAACH@?$AAG?$AAS?$AAT?$AA_?$AAI?$AAO?$AAC?$AAT?$AAL?$AA_?$AAG?$AAE?$AAT?$AA_?$AAD?$AAR?$AAI?$AAV?$AAE?$AA_?$AAP?$AAA?$AAR?$AAT?$AAI?$AAT?$AAI?$AAO?$AAN?$AA_?$AAI?$AAN@FNODOBFM@ 0002f610     ntdriver.obj
 0001:0001f1e0       ??_C@_1DK@MCFBGJPI@?$AAG?$AAS?$AAT?$AA_?$AAI?$AAO?$AAC?$AAT?$AAL?$AA_?$AAG?$AAE?$AAT?$AA_?$AAD?$AAR?$AAI?$AAV?$AAE?$AA_?$AAG?$AAE?$AAO?$AAM?$AAE?$AAT?$AAR?$AAY?$AA?$AA@FNODOBFM@ 0002f660     ntdriver.obj
 0001:0001f220       ??_C@_1DM@PPEMADCA@?$AAG?$AAS?$AAT?$AA_?$AAI?$AAO?$AAC?$AAT?$AAL?$AA_?$AAG?$AAE?$AAT?$AA_?$AAD?$AAE?$AAV?$AAI?$AAC?$AAE?$AA_?$AAR?$AAE?$AAF?$AAC?$AAO?$AAU?$AAN?$AAT?$AA?$AA@FNODOBFM@ 0002f6a0     ntdriver.obj
 0001:0001f260       ??_C@_1EO@DHKDLHAP@?$AAG?$AAS?$AAT?$AA_?$AAI?$AAO?$AAC?$AAT?$AAL?$AA_?$AAG?$AAE?$AAT?$AA_?$AAD?$AAE?$AAC?$AAO?$AAY?$AA_?$AAS?$AAY?$AAS?$AAT?$AAE?$AAM?$AA_?$AAW?$AAI?$AAP?$AAE?$AA_@FNODOBFM@ 0002f6e0     ntdriver.obj
 0001:0001f2b0       ??_C@_1EO@GLOOMNEL@?$AAG?$AAS?$AAT?$AA_?$AAI?$AAO?$AAC?$AAT?$AAL?$AA_?$AAG?$AAE?$AAT?$AA_?$AAD?$AAE?$AAC?$AAO?$AAY?$AA_?$AAS?$AAY?$AAS?$AAT?$AAE?$AAM?$AA_?$AAW?$AAI?$AAP?$AAE?$AA_@FNODOBFM@ 0002f730     ntdriver.obj
 0001:0001f300       ??_C@_1EE@IDPKBABP@?$AAG?$AAS?$AAT?$AA_?$AAI?$AAO?$AAC?$AAT?$AAL?$AA_?$AAG?$AAE?$AAT?$AA_?$AAB?$AAO?$AAO?$AAT?$AA_?$AAL?$AAO?$AAA?$AAD?$AAE?$AAR?$AA_?$AAV?$AAE?$AAR?$AAS?$AAI?$AAO@FNODOBFM@ 0002f780     ntdriver.obj
 0001:0001f350       ??_C@_1EK@MMBMBMJA@?$AAG?$AAS?$AAT?$AA_?$AAI?$AAO?$AAC?$AAT?$AAL?$AA_?$AAG?$AAE?$AAT?$AA_?$AAB?$AAO?$AAO?$AAT?$AA_?$AAE?$AAN?$AAC?$AAR?$AAY?$AAP?$AAT?$AAI?$AAO?$AAN?$AA_?$AAS?$AAT@FNODOBFM@ 0002f7d0     ntdriver.obj
 0001:0001f3a0       ??_C@_1FG@IMGIDGAD@?$AAG?$AAS?$AAT?$AA_?$AAI?$AAO?$AAC?$AAT?$AAL?$AA_?$AAG?$AAE?$AAT?$AA_?$AAB?$AAO?$AAO?$AAT?$AA_?$AAE?$AAN?$AAC?$AAR?$AAY?$AAP?$AAT?$AAI?$AAO?$AAN?$AA_?$AAS?$AAE@FNODOBFM@ 0002f820     ntdriver.obj
 0001:0001f400       ??_C@_1FK@HGCJBAGN@?$AAG?$AAS?$AAT?$AA_?$AAI?$AAO?$AAC?$AAT?$AAL?$AA_?$AAG?$AAE?$AAT?$AA_?$AAB?$AAO?$AAO?$AAT?$AA_?$AAE?$AAN?$AAC?$AAR?$AAY?$AAP?$AAT?$AAI?$AAO?$AAN?$AA_?$AAA?$AAL@FNODOBFM@ 0002f880     ntdriver.obj
 0001:0001f460       ??_C@_1FG@HBCEKCMI@?$AAG?$AAS?$AAT?$AA_?$AAI?$AAO?$AAC?$AAT?$AAL?$AA_?$AAG?$AAE?$AAT?$AA_?$AAB?$AAO?$AAO?$AAT?$AA_?$AAD?$AAR?$AAI?$AAV?$AAE?$AA_?$AAV?$AAO?$AAL?$AAU?$AAM?$AAE?$AA_@FNODOBFM@ 0002f8e0     ntdriver.obj
 0001:0001f4c0       ??_C@_1DE@GAINGGCN@?$AAG?$AAS?$AAT?$AA_?$AAI?$AAO?$AAC?$AAT?$AAL?$AA_?$AAD?$AAI?$AAS?$AAM?$AAO?$AAU?$AAN?$AAT?$AA_?$AAV?$AAO?$AAL?$AAU?$AAM?$AAE?$AA?$AA@FNODOBFM@ 0002f940     ntdriver.obj
 0001:0001f500       ??_C@_1DO@IDPGBIEP@?$AAG?$AAS?$AAT?$AA_?$AAI?$AAO?$AAC?$AAT?$AAL?$AA_?$AAD?$AAI?$AAS?$AAM?$AAO?$AAU?$AAN?$AAT?$AA_?$AAA?$AAL?$AAL?$AA_?$AAV?$AAO?$AAL?$AAU?$AAM?$AAE?$AAS?$AA?$AA@FNODOBFM@ 0002f980     ntdriver.obj
 0001:0001f540       ??_C@_1EA@EOEOPACH@?$AAG?$AAS?$AAT?$AA_?$AAI?$AAO?$AAC?$AAT?$AAL?$AA_?$AAB?$AAO?$AAO?$AAT?$AA_?$AAE?$AAN?$AAC?$AAR?$AAY?$AAP?$AAT?$AAI?$AAO?$AAN?$AA_?$AAS?$AAE?$AAT?$AAU?$AAP?$AA?$AA@FNODOBFM@ 0002f9c0     ntdriver.obj
 0001:0001f580       ??_C@_1EE@BAABOJFJ@?$AAG?$AAS?$AAT?$AA_?$AAI?$AAO?$AAC?$AAT?$AAL?$AA_?$AAA?$AAB?$AAO?$AAR?$AAT?$AA_?$AAD?$AAE?$AAC?$AAO?$AAY?$AA_?$AAS?$AAY?$AAS?$AAT?$AAE?$AAM?$AA_?$AAW?$AAI?$AAP@FNODOBFM@ 0002fa00     ntdriver.obj
 0001:0001f5d0       ??_C@_1EM@MIDFEHFB@?$AAG?$AAS?$AAT?$AA_?$AAI?$AAO?$AAC?$AAT?$AAL?$AA_?$AAA?$AAB?$AAO?$AAR?$AAT?$AA_?$AAB?$AAO?$AAO?$AAT?$AA_?$AAE?$AAN?$AAC?$AAR?$AAY?$AAP?$AAT?$AAI?$AAO?$AAN?$AA_@FNODOBFM@ 0002fa50     ntdriver.obj
 0001:0001f620       ??_C@_0BL@IPOBHCAN@GSTDeleteDeviceObject?5END?6?$AA@FNODOBFM@ 0002faa0     ntdriver.obj
 0001:0001f640       ??_C@_1EA@FPAPEGHJ@?$AAP?$AAs?$AAD?$AAe?$AAr?$AAe?$AAf?$AAe?$AAr?$AAe?$AAn?$AAc?$AAe?$AAI?$AAm?$AAp?$AAe?$AAr?$AAs?$AAo?$AAn?$AAa?$AAt?$AAi?$AAo?$AAn?$AAT?$AAo?$AAk?$AAe?$AAn?$AA?$AA@FNODOBFM@ 0002fac0     ntdriver.obj
 0001:0001f680       ??_C@_0CP@NIIDLADO@IoDeleteSymbolicLink?5failed?5ntSt@FNODOBFM@ 0002fb00     ntdriver.obj
 0001:0001f6b0       ??_C@_1CM@JDHADMGE@?$AA?2?$AAD?$AAo?$AAs?$AAD?$AAe?$AAv?$AAi?$AAc?$AAe?$AAs?$AA?2?$AAG?$AAo?$AAs?$AAt?$AAC?$AAr?$AAy?$AAp?$AAt?$AA?$AA@FNODOBFM@ 0002fb30     ntdriver.obj
 0001:0001f6e0       ??_C@_0BN@OKCPOKLC@GSTDeleteDeviceObject?5BEGIN?6?$AA@FNODOBFM@ 0002fb60     ntdriver.obj
 0001:0001f700       ??_C@_0BF@ECIECEFH@GSTUnloadDriver?5END?6?$AA@FNODOBFM@ 0002fb80     ntdriver.obj
 0001:0001f720       ??_C@_0BH@CIHDGGMI@GSTUnloadDriver?5BEGIN?6?$AA@FNODOBFM@ 0002fba0     ntdriver.obj
 0001:0001f740       ??_C@_0BH@BPCEMJJB@IRP?5allocation?5failed?6?$AA@FNODOBFM@ 0002fbc0     ntdriver.obj
 0001:0001f760       ??_C@_0CO@FHHNLLNJ@Real?5drive?5size?5?$DN?5?$CFI64d?5bytes?5?$CI?$CF@FNODOBFM@ 0002fbe0     ntdriver.obj
 0001:0001f790       ??_C@_0CF@BFNPLHIK@Failed?5to?5get?5drive?5size?5?9?5error@FNODOBFM@ 0002fc10     ntdriver.obj
 0001:0001f7c0       ??_C@_0CB@JIDCFMLM@Volume?5?$CFls?5open?5NTSTATUS?50x?$CF08x?6@FNODOBFM@ 0002fc40     ntdriver.obj
 0001:0001f7f0       ??_C@_0CA@MOHACMBH@KeGetCurrentIrql?$CI?$CJ?5?$DM?$DN?5APC_LEVEL?$AA@FNODOBFM@ 0002fc70     ntdriver.obj
 0001:0001f810       ??_C@_0CC@INHNDJGI@IoCreateSymbolicLink?5returned?5?$CFX@FNODOBFM@ 0002fc90     ntdriver.obj
 0001:0001f840       ??_C@_0CC@KAFJKDAC@IoDeleteSymbolicLink?5returned?5?$CFX@FNODOBFM@ 0002fcc0     ntdriver.obj
 0001:0001f870       ??_C@_1DE@MJJBHHAG@?$AA?2?$AAD?$AAe?$AAv?$AAi?$AAc?$AAe?$AA?2?$AAM?$AAo?$AAu?$AAn?$AAt?$AAP?$AAo?$AAi?$AAn?$AAt?$AAM?$AAa?$AAn?$AAa?$AAg?$AAe?$AAr?$AA?$AA@FNODOBFM@ 0002fcf0     ntdriver.obj
 0001:0001f8b0       ??_C@_0CO@FHIENMIJ@IOCTL_MOUNTMGR_DELETE_POINTS?5ret@FNODOBFM@ 0002fd30     ntdriver.obj
 0001:0001f8e0       ??_C@_0CB@DOMBPHHO@Mount?5FAILURE?5GST?5code?5?$DN?50x?$CF08x?6@FNODOBFM@ 0002fd60     ntdriver.obj
 0001:0001f910       ??_C@_0DA@KKKCGJKE@Mount?5SUCCESS?5GST?5code?5?$DN?50x?$CF08x?5@FNODOBFM@ 0002fd90     ntdriver.obj
 0001:0001f940       ??_C@_0CL@KIIHMHE@Mount?5FAILURE?5NT?5ERROR?0?5ntStatus@FNODOBFM@ 0002fdc0     ntdriver.obj
 0001:0001f970       ??_C@_0CO@NNHGPFIJ@Mount?5CREATE?5DEVICE?5ERROR?0?5ntSta@FNODOBFM@ 0002fdf0     ntdriver.obj
 0001:0001f9a0       ??_C@_0CF@CGPMKDKJ@WARNING?3?5MOUNT?5DRIVE?5LETTER?5INVA@FNODOBFM@ 0002fe20     ntdriver.obj
 0001:0001f9d0       ??_C@_0BL@PIKDDHEP@Mount?5request?5looks?5valid?6?$AA@FNODOBFM@ 0002fe50     ntdriver.obj
 0001:0001f9f0       ??_C@_0CD@FFMFJFAI@FSCTL_DISMOUNT_VOLUME?5returned?5?$CF@FNODOBFM@ 0002fe70     ntdriver.obj
 0001:0001fa20       ??_C@_0BP@EOHNIHMK@FSCTL_LOCK_VOLUME?5returned?5?$CFX?6?$AA@FNODOBFM@ 0002fea0     ntdriver.obj
 0001:0001fa40       ??_C@_0BC@FNOALNCB@UnmountDevice?5?$CFd?6?$AA@FNODOBFM@ 0002fec0     ntdriver.obj
 0001:0001fa60       ??_C@_0BI@OJEECLJN@Unmounting?5all?5volumes?6?$AA@FNODOBFM@ 0002fee0     ntdriver.obj
 0001:0001fa80       ??_C@_0CJ@KBGIGBCB@?$CBIoIsSystemThread?5?$CIPsGetCurrentT@FNODOBFM@ 0002ff00     ntdriver.obj
 0001:0001fab0       ??_C@_0BK@BGEEJMHD@?$CImaxSizeInBytes?5?$CG?51?$CJ?5?$DN?$DN?50?$AA@FNODOBFM@ 0002ff30     ntdriver.obj
 0001:0001fad0       ??_C@_0BM@GOBMMLHF@Volume?5class?5filter?5active?6?$AA@FNODOBFM@ 0002ff50     ntdriver.obj
 0001:0001faf0       ??_C@_1BE@NLKDDOJN@?$AAg?$AAo?$AAs?$AAt?$AAc?$AAr?$AAy?$AAp?$AAt?$AA?$AA@FNODOBFM@ 0002ff70     ntdriver.obj
 0001:0001fb10       ??_C@_1BK@FNJCPENK@?$AAU?$AAp?$AAp?$AAe?$AAr?$AAF?$AAi?$AAl?$AAt?$AAe?$AAr?$AAs?$AA?$AA@FNODOBFM@ 0002ff90     ntdriver.obj
 0001:0001fb30       ??_C@_1MA@BNNNAGDA@?$AA?2?$AAR?$AAE?$AAG?$AAI?$AAS?$AAT?$AAR?$AAY?$AA?2?$AAM?$AAA?$AAC?$AAH?$AAI?$AAN?$AAE?$AA?2?$AAS?$AAY?$AAS?$AAT?$AAE?$AAM?$AA?2?$AAC?$AAu?$AAr?$AAr?$AAe?$AAn?$AAt@FNODOBFM@ 0002ffb0     ntdriver.obj
 0001:0001fbf0       ??_C@_1EA@BHENEMCP@?$AAG?$AAo?$AAs?$AAt?$AAC?$AAr?$AAy?$AAp?$AAt?$AAE?$AAn?$AAc?$AAr?$AAy?$AAp?$AAt?$AAi?$AAo?$AAn?$AAF?$AAr?$AAe?$AAe?$AAC?$AAp?$AAu?$AAC?$AAo?$AAu?$AAn?$AAt?$AA?$AA@FNODOBFM@ 00030070     ntdriver.obj
 0001:0001fc30       ??_C@_0BM@LHOAOPML@Configuration?5flags?5?$DN?50x?$CFx?6?$AA@FNODOBFM@ 000300b0     ntdriver.obj
 0001:0001fc50       ??_C@_1CA@KPILIDPC@?$AAG?$AAo?$AAs?$AAt?$AAC?$AAr?$AAy?$AAp?$AAt?$AAC?$AAo?$AAn?$AAf?$AAi?$AAg?$AA?$AA@FNODOBFM@ 000300d0     ntdriver.obj
 0001:0001fc70       ??_C@_1HM@FBFGPOIK@?$AA?2?$AAR?$AAE?$AAG?$AAI?$AAS?$AAT?$AAR?$AAY?$AA?2?$AAM?$AAA?$AAC?$AAH?$AAI?$AAN?$AAE?$AA?2?$AAS?$AAY?$AAS?$AAT?$AAE?$AAM?$AA?2?$AAC?$AAu?$AAr?$AAr?$AAe?$AAn?$AAt@FNODOBFM@ 000300f0     ntdriver.obj
 0001:0001fcf0       ??_C@_0BJ@BHMICMIC@Zeroing?5sector?5at?5?$CFI64d?6?$AA@FNODOBFM@ 00030170     ntdriver.obj
 0001:0001fd10       ??_C@_0BO@NFNIJFEK@Skipping?5bad?5sector?5at?5?$CFI64d?6?$AA@FNODOBFM@ 00030190     ntdriver.obj
 0001:0001fd30       ??_C@_0BE@JBJOLBIB@OsMajorVersion?5?$CB?$DN?50?$AA@FNODOBFM@ 000301b0     ntdriver.obj
 0001:0001fd50       ??_C@_1BA@GIIKONIJ@?$AA?2?$AA?$DP?$AA?$DP?$AA?2?$AA?2?$AA?$CF?$AAs?$AA?$AA@FNODOBFM@ 000301d0     ntvol.obj
 0001:0001fd60       ??_C@_1BC@MAMPPFNN@?$AA?2?$AA?$DP?$AA?$DP?$AA?2?$AAU?$AAN?$AAC?$AA?2?$AA?$AA@FNODOBFM@ 000301e0     ntvol.obj
 0001:0001fd80       ??_C@_0BH@JONGPBLO@Incorrect?5volume?5size?6?$AA@FNODOBFM@ 00030200     ntvol.obj
 0001:0001fda0       ??_C@_0BJ@MEKDGODO@Volume?5data?5end?5?$DN?5?$CFI64d?6?$AA@FNODOBFM@ 00030220     ntvol.obj
 0001:0001fdc0       ??_C@_0BK@BIKGCOPF@Volume?5data?5size?5?$DN?5?$CFI64d?6?$AA@FNODOBFM@ 00030240     ntvol.obj
 0001:0001fde0       ??_C@_0BM@CDNAEGGM@Volume?5data?5offset?5?$DN?5?$CFI64d?6?$AA@FNODOBFM@ 00030260     ntvol.obj
 0001:0001fe00       ??_C@_0DG@NLAOEFNO@Hidden?5volume?5protection?5active?3@FNODOBFM@ 00030280     ntvol.obj
 0001:0001fe40       ??_C@_0BL@DBKGLLJI@Hidden?5volume?5end?5?$DN?5?$CFI64d?6?$AA@FNODOBFM@ 000302c0     ntvol.obj
 0001:0001fe60       ??_C@_0BM@CHOGCNPN@Hidden?5volume?5size?5?$DN?5?$CFI64d?6?$AA@FNODOBFM@ 000302e0     ntvol.obj
 0001:0001fe80       ??_C@_0BO@HCAAKCJO@Hidden?5volume?5offset?5?$DN?5?$CFI64d?6?$AA@FNODOBFM@ 00030300     ntvol.obj
 0001:0001fea0       ??_C@_0BE@LHJMDIKA@Legacy?5volume?5?$DN?5?$CFd?6?$AA@FNODOBFM@ 00030320     ntvol.obj
 0001:0001fec0       ??_C@_0BP@GNIOJEAD@Required?5program?5version?5?$DN?5?$CFx?6?$AA@FNODOBFM@ 00030340     ntvol.obj
 0001:0001fee0       ??_C@_0BJ@JCBFCEPL@Volume?5header?5decrypted?6?$AA@FNODOBFM@ 00030360     ntvol.obj
 0001:0001ff00       ??_C@_0BO@DBKGEMGK@Read?5didn?8t?5read?5enough?5data?6?$AA@FNODOBFM@ 00030380     ntvol.obj
 0001:0001ff20       ??_C@_0BO@FHFPMFGI@Read?5failed?3?5NTSTATUS?50x?$CF08x?6?$AA@FNODOBFM@ 000303a0     ntvol.obj
 0001:0001ff40       ??_C@_0BB@IPFFEHBJ@Cannot?5open?5?$CFls?6?$AA@FNODOBFM@ 000303c0     ntvol.obj
 0001:0001ff60       ??_C@_0FD@BKFNIFNN@Mounting?5partition?5within?5scope?5@FNODOBFM@ 000303e0     ntvol.obj
 0001:0001ffc0       ??_C@_1DM@FMJIKGBL@?$AA?2?$AAD?$AAe?$AAv?$AAi?$AAc?$AAe?$AA?2?$AAH?$AAa?$AAr?$AAd?$AAd?$AAi?$AAs?$AAk?$AA?$CF?$AAd?$AA?2?$AAP?$AAa?$AAr?$AAt?$AAi?$AAt?$AAi?$AAo?$AAn?$AA0?$AA?$AA@FNODOBFM@ 00030440     ntvol.obj
 0001:00020000       ??_C@_0CA@IGALEGOK@Reading?5volume?5header?5at?5?$CFI64d?6?$AA@FNODOBFM@ 00030480     ntvol.obj
 0001:00020020       ??_C@_0BP@BKDGGJEA@Trying?5to?5open?5volume?5type?5?$CFd?6?$AA@FNODOBFM@ 000304a0     ntvol.obj
 0001:00020040       ??_C@_0DF@LEPAODFF@File?5?$CC?$CFls?$CC?5is?5marked?5as?5compress@FNODOBFM@ 000304c0     ntvol.obj
 0001:00020080       ??_C@_0ED@EAABHCEJ@ZwQueryInformationFile?5failed?5wh@FNODOBFM@ 00030500     ntvol.obj
 0001:000200d0       ??_C@_0EC@JFODFBAB@ZwSetInformationFile?5failed?5in?5R@FNODOBFM@ 00030550     ntvol.obj
 0001:00020120       ??_C@_0EE@JIJFFNGM@ZwQueryInformationFile?5failed?5in@FNODOBFM@ 000305a0     ntvol.obj
 0001:00020170       ??_C@_0BO@INEJHKOL@VolumeFilterAddDevice?5pdo?$DN?$CFp?6?$AA@FNODOBFM@ 000305f0     volumefilter.obj
 0001:00020190       ??_C@_0DL@GNELLIFI@?$CBExtension?9?$DObRootDevice?5?$CG?$CG?5Exten@FNODOBFM@ 00030610     volumefilter.obj
 0001:000201d0       ??_C@_0JJ@FGAHJPEG@c?3?2users?2alexis?2desktop?2sources_@FNODOBFM@ 00030650     volumefilter.obj
 0001:00020270       ??_C@_0CD@FGGJENKJ@GST_IOCTL_DISK_IS_WRITABLE?5pdo?$DN?$CF@FNODOBFM@ 000306f0     volumefilter.obj
 0001:000202a0       ??_C@_0CE@GJODMOBD@IRP_MN_REMOVE_DEVICE?5volume?5pdo?$DN@FNODOBFM@ 00030720     volumefilter.obj
 0001:000202d0       ??_C@_0CD@BENKCDLN@IRP_MN_START_DEVICE?5volume?5pdo?$DN?$CF@FNODOBFM@ 00030750     volumefilter.obj
 0001:00020300       ??_C@_01JOAMLHOP@?9?$AA@FNODOBFM@ 00030780     Common:crypto.obj
 0001:00020310       ??_C@_01OGPIMHDM@?$DP?$AA@FNODOBFM@ 00030790     Common:crypto.obj
 0001:00020320       ??_C@_0BB@BMJBGELP@Gost?5Grasshopper?$AA@FNODOBFM@ 000307a0     Common:tests.obj
 0001:00020340       ??_C@_0O@POKHNLDL@GOST?528147?989?$AA@FNODOBFM@ 000307c0     Common:tests.obj
 0001:00020350       ??_C@_04PKOKJPGE@?G?$BDV?$LG?$AA@FNODOBFM@ 000307d0     Common:tests.obj
 0001:00020360       ??_C@_04PJHJAIAI@?$HNS?$OA?$HO?$AA@FNODOBFM@ 000307e0     Common:tests.obj
 0001:00020370       ??_C@_0GB@BHABHNEI@P?$HM6o?n?$BA?4?$JK?b?$IK?U?$ICr?$HN?8?$AP?hM?$HPhz?O?$LF?gCg?$KK?$JI?$JDR?$CL?7@FNODOBFM@ 000307f0     Common:tests.obj
 0001:000203e0       ??_C@_04OCKEDGEH@P?$HM6o?$AA@FNODOBFM@ 00030860     Common:tests.obj
 0001:000203f0       ??_C@_08NLHBPEGP@password?$AA@FNODOBFM@ 00030870     Common:tests.obj
 0001:00020400       ??_C@_04NDGDACAK@?$BC4Vx?$AA@FNODOBFM@ 00030880     Common:tests.obj
 0002:00000000       __imp_@ExAcquireFastMutex@4 00030900     hal:HAL.dll
 0002:00000004       __imp_@KfAcquireSpinLock@4 00030904     hal:HAL.dll
 0002:00000008       __imp_@KfReleaseSpinLock@8 00030908     hal:HAL.dll
 0002:0000000c       __imp__KeRaiseIrqlToDpcLevel@0 0003090c     hal:HAL.dll
 0002:00000010       __imp_@KfLowerIrql@4       00030910     hal:HAL.dll
 0002:00000014       __imp__KeGetCurrentIrql@0  00030914     hal:HAL.dll
 0002:00000018       __imp_@ExReleaseFastMutex@4 00030918     hal:HAL.dll
 0002:0000001c       \177HAL_NULL_THUNK_DATA    0003091c     hal:HAL.dll
 0002:00000020       __imp__IoAttachDeviceToDeviceStack@8 00030920     ntoskrnl:ntoskrnl.exe
 0002:00000024       __imp_@ObfDereferenceObject@4 00030924     ntoskrnl:ntoskrnl.exe
 0002:00000028       __imp__IoCreateDevice@28   00030928     ntoskrnl:ntoskrnl.exe
 0002:0000002c       __imp__IoGetAttachedDeviceReference@4 0003092c     ntoskrnl:ntoskrnl.exe
 0002:00000030       __imp__IoReleaseRemoveLockEx@12 00030930     ntoskrnl:ntoskrnl.exe
 0002:00000034       __imp__IoAcquireRemoveLockEx@20 00030934     ntoskrnl:ntoskrnl.exe
 0002:00000038       __imp__RtlAssert@16        00030938     ntoskrnl:ntoskrnl.exe
 0002:0000003c       __imp_@IofCallDriver@8     0003093c     ntoskrnl:ntoskrnl.exe
 0002:00000040       __imp__IoReleaseRemoveLockAndWaitEx@12 00030940     ntoskrnl:ntoskrnl.exe
 0002:00000044       __imp__IoFreeWorkItem@4    00030944     ntoskrnl:ntoskrnl.exe
 0002:00000048       __imp__KeWaitForSingleObject@20 00030948     ntoskrnl:ntoskrnl.exe
 0002:0000004c       __imp__IoQueueWorkItem@16  0003094c     ntoskrnl:ntoskrnl.exe
 0002:00000050       __imp__KeInitializeEvent@12 00030950     ntoskrnl:ntoskrnl.exe
 0002:00000054       __imp__IoAllocateWorkItem@4 00030954     ntoskrnl:ntoskrnl.exe
 0002:00000058       __imp__KeReleaseMutex@8    00030958     ntoskrnl:ntoskrnl.exe
 0002:0000005c       __imp__ExFreePoolWithTag@8 0003095c     ntoskrnl:ntoskrnl.exe
 0002:00000060       __imp__ExAllocatePoolWithTag@12 00030960     ntoskrnl:ntoskrnl.exe
 0002:00000064       __imp___alldiv             00030964     ntoskrnl:ntoskrnl.exe
 0002:00000068       __imp___aulldiv            00030968     ntoskrnl:ntoskrnl.exe
 0002:0000006c       __imp__KeSetEvent@12       0003096c     ntoskrnl:ntoskrnl.exe
 0002:00000070       __imp__PoCallDriver@8      00030970     ntoskrnl:ntoskrnl.exe
 0002:00000074       __imp__PoStartNextPowerIrp@4 00030974     ntoskrnl:ntoskrnl.exe
 0002:00000078       __imp__IoIsSystemThread@4  00030978     ntoskrnl:ntoskrnl.exe
 0002:0000007c       __imp__KeGetCurrentThread@0 0003097c     ntoskrnl:ntoskrnl.exe
 0002:00000080       __imp__MmFreeContiguousMemory@4 00030980     ntoskrnl:ntoskrnl.exe
 0002:00000084       __imp__IoFreeMdl@4         00030984     ntoskrnl:ntoskrnl.exe
 0002:00000088       __imp__PsSetLoadImageNotifyRoutine@4 00030988     ntoskrnl:ntoskrnl.exe
 0002:0000008c       __imp__MmBuildMdlForNonPagedPool@4 0003098c     ntoskrnl:ntoskrnl.exe
 0002:00000090       __imp__IoAllocateMdl@20    00030990     ntoskrnl:ntoskrnl.exe
 0002:00000094       __imp__MmAllocateContiguousMemory@12 00030994     ntoskrnl:ntoskrnl.exe
 0002:00000098       __imp__memcpy              00030998     ntoskrnl:ntoskrnl.exe
 0002:0000009c       __imp__PsTerminateSystemThread@4 0003099c     ntoskrnl:ntoskrnl.exe
 0002:000000a0       __imp___aullshr            000309a0     ntoskrnl:ntoskrnl.exe
 0002:000000a4       __imp__MmMapLockedPagesSpecifyCache@24 000309a4     ntoskrnl:ntoskrnl.exe
 0002:000000a8       __imp_@ExfInterlockedInsertTailList@12 000309a8     ntoskrnl:ntoskrnl.exe
 0002:000000ac       __imp__KeClearEvent@4      000309ac     ntoskrnl:ntoskrnl.exe
 0002:000000b0       __imp___allmul             000309b0     ntoskrnl:ntoskrnl.exe
 0002:000000b4       __imp_@ExfInterlockedRemoveHeadList@8 000309b4     ntoskrnl:ntoskrnl.exe
 0002:000000b8       __imp__KeSetPriorityThread@8 000309b8     ntoskrnl:ntoskrnl.exe
 0002:000000bc       __imp__ZwReadFile@36       000309bc     ntoskrnl:ntoskrnl.exe
 0002:000000c0       __imp__ZwWriteFile@36      000309c0     ntoskrnl:ntoskrnl.exe
 0002:000000c4       __imp__SeImpersonateClientEx@8 000309c4     ntoskrnl:ntoskrnl.exe
 0002:000000c8       __imp__PsGetVersion@16     000309c8     ntoskrnl:ntoskrnl.exe
 0002:000000cc       __imp__IoGetDeviceInterfaces@16 000309cc     ntoskrnl:ntoskrnl.exe
 0002:000000d0       __imp__ObQueryNameString@16 000309d0     ntoskrnl:ntoskrnl.exe
 0002:000000d4       __imp__KeReleaseSemaphore@16 000309d4     ntoskrnl:ntoskrnl.exe
 0002:000000d8       __imp__IoRegisterShutdownNotification@4 000309d8     ntoskrnl:ntoskrnl.exe
 0002:000000dc       __imp__IoInitializeRemoveLockEx@20 000309dc     ntoskrnl:ntoskrnl.exe
 0002:000000e0       __imp__RtlInitUnicodeString@8 000309e0     ntoskrnl:ntoskrnl.exe
 0002:000000e4       __imp__KeInitializeSemaphore@12 000309e4     ntoskrnl:ntoskrnl.exe
 0002:000000e8       __imp__IoGetDeviceObjectPointer@16 000309e8     ntoskrnl:ntoskrnl.exe
 0002:000000ec       __imp__ZwClose@4           000309ec     ntoskrnl:ntoskrnl.exe
 0002:000000f0       __imp__ZwCreateFile@44     000309f0     ntoskrnl:ntoskrnl.exe
 0002:000000f4       __imp__IoEnumerateDeviceObjectList@16 000309f4     ntoskrnl:ntoskrnl.exe
 0002:000000f8       __imp__ObReferenceObjectByHandle@24 000309f8     ntoskrnl:ntoskrnl.exe
 0002:000000fc       __imp__PsCreateSystemThread@28 000309fc     ntoskrnl:ntoskrnl.exe
 0002:00000100       __imp__ObOpenObjectByPointer@28 00030a00     ntoskrnl:ntoskrnl.exe
 0002:00000104       __imp__SeCreateClientSecurity@16 00030a04     ntoskrnl:ntoskrnl.exe
 0002:00000108       __imp__KeSetTimerEx@20     00030a08     ntoskrnl:ntoskrnl.exe
 0002:0000010c       __imp__KeInitializeTimerEx@8 00030a0c     ntoskrnl:ntoskrnl.exe
 0002:00000110       __imp__wcsncat             00030a10     ntoskrnl:ntoskrnl.exe
 0002:00000114       __imp__SeTokenType@4       00030a14     ntoskrnl:ntoskrnl.exe
 0002:00000118       __imp__MmGetSystemRoutineAddress@4 00030a18     ntoskrnl:ntoskrnl.exe
 0002:0000011c       __imp__IoDeleteSymbolicLink@4 00030a1c     ntoskrnl:ntoskrnl.exe
 0002:00000120       __imp__IoBuildDeviceIoControlRequest@36 00030a20     ntoskrnl:ntoskrnl.exe
 0002:00000124       __imp_@ObfReferenceObject@4 00030a24     ntoskrnl:ntoskrnl.exe
 0002:00000128       __imp__KeQueryInterruptTime@0 00030a28     ntoskrnl:ntoskrnl.exe
 0002:0000012c       __imp__IoBuildSynchronousFsdRequest@28 00030a2c     ntoskrnl:ntoskrnl.exe
 0002:00000130       __imp__IoGetRelatedDeviceObject@4 00030a30     ntoskrnl:ntoskrnl.exe
 0002:00000134       __imp__SeReleaseSubjectContext@4 00030a34     ntoskrnl:ntoskrnl.exe
 0002:00000138       __imp__RtlCopySid@12       00030a38     ntoskrnl:ntoskrnl.exe
 0002:0000013c       __imp__RtlLengthSid@4      00030a3c     ntoskrnl:ntoskrnl.exe
 0002:00000140       __imp__SeQueryInformationToken@12 00030a40     ntoskrnl:ntoskrnl.exe
 0002:00000144       __imp__SeCaptureSubjectContext@4 00030a44     ntoskrnl:ntoskrnl.exe
 0002:00000148       __imp__ZwQuerySymbolicLinkObject@12 00030a48     ntoskrnl:ntoskrnl.exe
 0002:0000014c       __imp__ZwOpenSymbolicLinkObject@12 00030a4c     ntoskrnl:ntoskrnl.exe
 0002:00000150       __imp_@IofCompleteRequest@8 00030a50     ntoskrnl:ntoskrnl.exe
 0002:00000154       __imp__KeQueryActiveProcessors@0 00030a54     ntoskrnl:ntoskrnl.exe
 0002:00000158       __imp__ZwQueryValueKey@24  00030a58     ntoskrnl:ntoskrnl.exe
 0002:0000015c       __imp__ZwOpenKey@12        00030a5c     ntoskrnl:ntoskrnl.exe
 0002:00000160       __imp__RtlEqualSid@8       00030a60     ntoskrnl:ntoskrnl.exe
 0002:00000164       __imp__SeTokenIsAdmin@4    00030a64     ntoskrnl:ntoskrnl.exe
 0002:00000168       __imp__wcsncpy             00030a68     ntoskrnl:ntoskrnl.exe
 0002:0000016c       __imp__wcsstr              00030a6c     ntoskrnl:ntoskrnl.exe
 0002:00000170       __imp___snwprintf          00030a70     ntoskrnl:ntoskrnl.exe
 0002:00000174       _IoFileObjectType          00030a74     ntoskrnl:ntoskrnl.exe
 0002:00000174       __imp__IoFileObjectType    00030a74     ntoskrnl:ntoskrnl.exe
 0002:00000178       __imp__ZwQueryInformationFile@20 00030a78     ntoskrnl:ntoskrnl.exe
 0002:0000017c       __imp___aullrem            00030a7c     ntoskrnl:ntoskrnl.exe
 0002:00000180       __imp__ZwSetInformationFile@20 00030a80     ntoskrnl:ntoskrnl.exe
 0002:00000184       _KeTickCount               00030a84     ntoskrnl:ntoskrnl.exe
 0002:00000184       __imp__KeTickCount         00030a84     ntoskrnl:ntoskrnl.exe
 0002:00000188       __imp__IoDetachDevice@4    00030a88     ntoskrnl:ntoskrnl.exe
 0002:0000018c       __imp__IoDeleteDevice@4    00030a8c     ntoskrnl:ntoskrnl.exe
 0002:00000190       __imp__memset              00030a90     ntoskrnl:ntoskrnl.exe
 0002:00000194       __imp__KeInitializeMutex@8 00030a94     ntoskrnl:ntoskrnl.exe
 0002:00000198       __imp__DbgPrint            00030a98     ntoskrnl:ntoskrnl.exe
 0002:0000019c       __imp__MmMapIoSpace@16     00030a9c     ntoskrnl:ntoskrnl.exe
 0002:000001a0       __imp__KeBugCheckEx@20     00030aa0     ntoskrnl:ntoskrnl.exe
 0002:000001a4       __imp___allshl             00030aa4     ntoskrnl:ntoskrnl.exe
 0002:000001a8       __imp__RtlUnwind@16        00030aa8     ntoskrnl:ntoskrnl.exe
 0002:000001ac       __imp__IoCreateSymbolicLink@8 00030aac     ntoskrnl:ntoskrnl.exe
 0002:000001b0       __imp__MmUnmapIoSpace@8    00030ab0     ntoskrnl:ntoskrnl.exe
 0002:000001b4       \177ntoskrnl_NULL_THUNK_DATA 00030ab4     ntoskrnl:ntoskrnl.exe
 0002:000001dc       _GUID_DEVINTERFACE_VOLUME  00030adc     uuid:cguid_i.obj
 0002:000001ec       ??_C@_09HLDHDDJL@Whirlpool?$AA@ 00030aec     Common:crypto.obj
 0002:000001f8       ??_C@_0BA@KDEBPBMN@GOST?5R?534?411?994?$AA@ 00030af8     Common:crypto.obj
 0002:00000208       ??_C@_0BC@IEIFLFFI@GOST?5R?534?411?92012?$AA@ 00030b08     Common:crypto.obj
 0002:0000021c       ??_C@_0BB@BMJBGELP@Gost?5Grasshopper?$AA@ 00030b1c     Common:crypto.obj
 0002:00000230       ??_C@_0O@POKHNLDL@GOST?528147?989?$AA@ 00030b30     Common:crypto.obj
 0002:00000240       ??_C@_0EB@NCCFEKHJ@t?$IKd?$JE?$LI4?$LNr?$JF?$KC?$DL?$BB?$IG?$BNF?g?$II?$APe?$JI?ST?a?$LCJ5?B?$KC?$IFA?$AI?$IF@ 00030b40     Common:tests.obj
 0002:00000284       ??_C@_0CB@IGIOKONH@R5?$LH?$BHV?$LIu?$CB?J?iR?$JL?$CB?$JH?$DOmNT?$BC?$PMap?$EA?zFL?w$?$JN?$CI?$NO?$BN@ 00030b84     Common:tests.obj
 0002:000002a8       ??_C@_0EB@PHFBDMAI@?$AD?$JB?R?$IA?$AA?$LGb?$LL?$LI?f?$CD?$DO?hl?r?$LC?$IEtLs?$ILX?$AA?$LK?$CI?$BC?mRo?c?$BF?3@ 00030ba8     Common:tests.obj
 0002:000002ec       ??_C@_0DJ@NGDOEGCI@abcdbcdecdefdefgefghfghighijhijk@ 00030bec     Common:tests.obj
 0002:00000328       ??_C@_0EB@DIMDKBBC@?$AA?$BB?$CC3DUfw?$II?$JJ?$KK?$LL?L?$NN?n?$PP?$AB?$CDEg?$IJ?$KL?M?o?$AA?$BB?$CC3DUfw@ 00030c28     Common:tests.obj
 0002:000043c8       _T                         00034cc8     Crypto:stribog.obj
 0002:000086c8       __load_config_used         00038fc8     ntoskrnl:loadcfg.obj
 0002:000087e0       ___safe_se_handler_table   000390e0     <linker-defined>
 0003:00000000       ___security_cookie         00039180     BufferOverflowK:gs_support.obj
 0003:00000004       ___security_cookie_complement 00039184     BufferOverflowK:gs_support.obj
 0003:00000008       _cacheEmpty                00039188     Common:cache.obj
 0003:00000010       _crc_32_tab                00039190     Common:crc.obj
 0003:00000510       _XTS_vectors               00039690     Common:tests.obj
 0003:00001a8c       _hmac_whirlpool_test_key   0003ac0c     Common:tests.obj
 0003:00001a90       _hmac_whirlpool_test_data  0003ac10     Common:tests.obj
 0003:00001a94       _hmac_whirlpool_test_vectors 0003ac14     Common:tests.obj
 0003:00001a98       _hmac_gosthash_test_key    0003ac18     Common:tests.obj
 0003:00001a9c       _hmac_gosthash_test_data   0003ac1c     Common:tests.obj
 0003:00001aa0       _hmac_gosthash_test_vectors 0003ac20     Common:tests.obj
 0003:00001aa4       _hmac_stribog_test_key     0003ac24     Common:tests.obj
 0003:00001aa8       _hmac_stribog_test_data    0003ac28     Common:tests.obj
 0003:00001aac       _hmac_stribog_test_vectors 0003ac2c     Common:tests.obj
 0003:00001b10       _pi                        0003ac90     Crypto:grasshoppercipher.obj
 0003:00001c10       _pi_inv                    0003ad90     Crypto:grasshoppercipher.obj
 0003:00001d10       _mult_mod_poly             0003ae90     Crypto:grasshoppercipher.obj
 0003:0000295c       _BootArgsValid             0003badc     drivefilter.obj
 0003:00002988       _EncryptionSetupThread     0003bb08     drivefilter.obj
 0003:00002990       _DecoySystemWipeThread     0003bb10     drivefilter.obj
 0003:000029d0       _RootDeviceObject          0003bb50     ntdriver.obj
 0003:000029d4       _DriverShuttingDown        0003bb54     ntdriver.obj
 0003:000029d8       _OsMajorVersion            0003bb58     ntdriver.obj
 0003:000029dc       _DriverUnloadDisabled      0003bb5c     ntdriver.obj
 0003:000029e0       _PortableMode              0003bb60     ntdriver.obj
 0003:000029e4       _VolumeClassFilterRegistered 0003bb64     ntdriver.obj
 0003:000029e8       _CacheBootPassword         0003bb68     ntdriver.obj
 0003:000029ec       _NonAdminSystemFavoritesAccessDisabled 0003bb6c     ntdriver.obj
 0003:000029fc       _ProbingHostDeviceForWrite 0003bb7c     ntvol.obj
 0003:00002a00       _HiddenSysLeakProtectionCount 0003bb80     volumefilter.obj
 0003:00002a14       _ReadVolumeHeaderRecoveryMode 0003bb94     Common:volumes.obj
 0003:00004f8c       _GSTDriverObject           0003e10c     <common>
 0003:00004f90       _SelfTestsPassed           0003e110     <common>
 0003:00004f94       _OsMinorVersion            0003e114     <common>
 0003:00004f98       _LastUniqueVolumeId        0003e118     <common>
 0003:00004fa0       _VirtualVolumeDeviceObjects 0003e120     <common>
 0003:00005020       _BootArgs                  0003e1a0     <common>
 0003:000050a0       _CachedPasswords           0003e220     <common>
 0004:00000010       _DriverEntry@8             0003e390 f   ntdriver.obj
 0004:00000160       _GSTCreateRootDeviceObject@4 0003e4e0 f   ntdriver.obj
 0004:000003c0       ___security_init_cookie    0003e740 f   BufferOverflowK:gs_support.obj
 0004:000003f9       _GsDriverEntry@8           0003e779 f   BufferOverflowK:gs_support.obj
 0004:00000410       ??_C@_1M@IOJLKPKK@?$AAS?$AAt?$AAa?$AAr?$AAt?$AA?$AA@PBOPGDP@ 0003e790     ntdriver.obj
 0004:00000420       ??_C@_1CE@LFEKNJLC@?$AA?2?$AAD?$AAe?$AAv?$AAi?$AAc?$AAe?$AA?2?$AAG?$AAo?$AAs?$AAt?$AAC?$AAr?$AAy?$AAp?$AAt?$AA?$AA@PBOPGDP@ 0003e7a0     ntdriver.obj
 0004:00000450       ??_C@_0BN@IJHBALAF@DriverEntry?5GostCrypt?51?43?41?6?$AA@PBOPGDP@ 0003e7d0     ntdriver.obj
 0004:00000470       ??_C@_0CO@HAIDILJN@GSTCreateRootDeviceObject?5STATUS@PBOPGDP@ 0003e7f0     ntdriver.obj
 0004:000004a0       ??_C@_0DB@OPKDMPGO@GSTCreateRootDeviceObject?5NTSTAT@PBOPGDP@ 0003e820     ntdriver.obj
 0004:000004e0       ??_C@_0CF@KMOPKHLE@Creating?5root?5device?5nt?$DN?$CFls?5dos?$DN@PBOPGDP@ 0003e860     ntdriver.obj
 0004:00000510       ??_C@_1CM@JDHADMGE@?$AA?2?$AAD?$AAo?$AAs?$AAD?$AAe?$AAv?$AAi?$AAc?$AAe?$AAs?$AA?2?$AAG?$AAo?$AAs?$AAt?$AAC?$AAr?$AAy?$AAp?$AAt?$AA?$AA@PBOPGDP@ 0003e890     ntdriver.obj
 0004:00000540       ??_C@_0CE@KKOENIAD@KeGetCurrentIrql?$CI?$CJ?5?$DN?$DN?5PASSIVE_LE@PBOPGDP@ 0003e8c0     ntdriver.obj
 0004:00000570       ??_C@_0JF@EIKLNJII@c?3?2users?2alexis?2desktop?2sources_@PBOPGDP@ 0003e8f0     ntdriver.obj
 0004:00000610       ??_C@_0CB@JKDEOCBN@GSTCreateRootDeviceObject?5BEGIN?6@PBOPGDP@ 0003e990     ntdriver.obj
 0004:00000634       __IMPORT_DESCRIPTOR_ntoskrnl 0003e9b4     ntoskrnl:ntoskrnl.exe
 0004:00000648       __IMPORT_DESCRIPTOR_HAL    0003e9c8     hal:HAL.dll
 0004:0000065c       __NULL_IMPORT_DESCRIPTOR   0003e9dc     ntoskrnl:ntoskrnl.exe

 entry point at        0004:000003f9

 Static symbols

 0001:00000710       _PassIrp@8                 00010b90 f   drivefilter.obj
 0001:00000710       _PassIrp@8                 00010b90 f   drivefilter.obj
 0001:000007b0       _DispatchPnp@16            00010c30 f   drivefilter.obj
 0001:00000a10       _DismountDrive@8           00010e90 f   drivefilter.obj
 0001:00000ad0       _PassFilteredIrp@16        00010f50 f   drivefilter.obj
 0001:00000ad0       _PassFilteredIrp@16        00010f50 f   drivefilter.obj
 0001:00000c90       _OnDeviceUsageNotificationCompleted@12 00011110 f   drivefilter.obj
 0001:00000c90       _OnDeviceUsageNotificationCompleted@12 00011110 f   drivefilter.obj
 0001:00000d20       _OnStartDeviceCompleted@12 000111a0 f   drivefilter.obj
 0001:00000e10       _CheckDeviceTypeAndMount@4 00011290 f   drivefilter.obj
 0001:00000ee0       _MountDrive@12             00011360 f   drivefilter.obj
 0001:00001850       _IsVolumeDevice@4          00011cd0 f   drivefilter.obj
 0001:00001950       _MountDriveWorkItemRoutine@8 00011dd0 f   drivefilter.obj
 0001:00001980       _DispatchPower@16          00011e00 f   drivefilter.obj
 0001:00001ec0       _LoadImageNotifyRoutine@12 00012340 f   drivefilter.obj
 0001:00002090       _HiberDriverEntryFilter0@8 00012510 f   drivefilter.obj
 0001:000020b0       _HiberDriverEntryFilter@12 00012530 f   drivefilter.obj
 0001:000022a0       _HiberDriverWriteFunctionAFilter0@16 00012720 f   drivefilter.obj
 0001:000022d0       _HiberDriverWriteFunctionFilter@24 00012750 f   drivefilter.obj
 0001:00002570       _HiberDriverWriteFunctionAFilter1@16 000129f0 f   drivefilter.obj
 0001:000025a0       _HiberDriverWriteFunctionAFilter2@16 00012a20 f   drivefilter.obj
 0001:000025d0       _HiberDriverWriteFunctionBFilter0@8 00012a50 f   drivefilter.obj
 0001:00002600       _HiberDriverWriteFunctionBFilter1@8 00012a80 f   drivefilter.obj
 0001:00002630       _HiberDriverWriteFunctionBFilter2@8 00012ab0 f   drivefilter.obj
 0001:00002660       _HiberDriverEntryFilter1@8 00012ae0 f   drivefilter.obj
 0001:00002680       _HiberDriverEntryFilter2@8 00012b00 f   drivefilter.obj
 0001:000027f0       _SetupThreadProc@4         00012c70 f   drivefilter.obj
 0001:00003440       _SaveDriveVolumeHeader@4   000138c0 f   drivefilter.obj
 0001:00004000       _DecoySystemWipeThreadProc@4 00014480 f   drivefilter.obj
 0001:000048e0       _DumpFilterStart@4         00014d60 f   dumpfilter.obj
 0001:00004960       _DumpFilterWrite@12        00014de0 f   dumpfilter.obj
 0001:00004ca0       _DumpFilterFinish@4        00015120 f   dumpfilter.obj
 0001:00004cd0       _DumpFilterUnload@4        00015150 f   dumpfilter.obj
 0001:00004e00       _DecrementOutstandingIoCount@4 00015280 f   encryptedioqueue.obj
 0001:000054a0       _GetPoolBuffer@8           00015920 f   encryptedioqueue.obj
 0001:00005620       _AcquireBufferPoolMutex@4  00015aa0 f   encryptedioqueue.obj
 0001:00005670       _ReleaseBufferPoolMutex@4  00015af0 f   encryptedioqueue.obj
 0001:00005690       _FreePoolBuffers@4         00015b10 f   encryptedioqueue.obj
 0001:00005740       _CompletionThreadProc@4    00015bc0 f   encryptedioqueue.obj
 0001:00005970       _ReleasePoolBuffer@8       00015df0 f   encryptedioqueue.obj
 0001:00005a10       _CompleteOriginalIrp@12    00015e90 f   encryptedioqueue.obj
 0001:00005a50       _OnItemCompleted@8         00015ed0 f   encryptedioqueue.obj
 0001:00005b10       _IoThreadProc@4            00015f90 f   encryptedioqueue.obj
 0001:000061a0       _ReleaseFragmentBuffer@8   00016620 f   encryptedioqueue.obj
 0001:00006210       _GSTCachedRead@24          00016690 f   encryptedioqueue.obj
 0001:00006310       _MainThreadProc@4          00016790 f   encryptedioqueue.obj
 0001:00006e90       _AcquireFragmentBuffer@8   00017310 f   encryptedioqueue.obj
 0001:0000b790       _SendDeviceIoControlRequestWorkItemRoutine@8 0001bc10 f   ntdriver.obj
 0001:0000bb10       _GSTReadWriteDevice@24     0001bf90 f   ntdriver.obj
 0001:0000c8f0       _FindVolumeWithHighestUniqueId@4 0001cd70 f   ntdriver.obj
 0001:0000ed00       _GSTSendHostDeviceIoControlRequest@20 0001f180 f   ntvol.obj
 0001:0000edf0       _RestoreTimeStamp@4        0001f270 f   ntvol.obj
 0001:0000f180       _DispatchControl@16        0001f600 f   volumefilter.obj
 0001:0000f440       _DispatchPnp@16            0001f8c0 f   volumefilter.obj
 0001:0000f5d0       _OnStartDeviceCompleted@12 0001fa50 f   volumefilter.obj
 0001:0000f630       _DispatchPower@16          0001fab0 f   volumefilter.obj
 0001:00011a40       _Wipe1PseudoRandom@12      00021ec0 f   Common:wipe.obj
 0001:00011a50       _Wipe3Dod5220@12           00021ed0 f   Common:wipe.obj
 0001:00011ab0       _Wipe7Dod5220@16           00021f30 f   Common:wipe.obj
 0001:00011b60       _Wipe35Gutmann@12          00021fe0 f   Common:wipe.obj
 0001:00012740       _DoAutoTestAlgorithms@0    00022bc0 f   Common:tests.obj
 0001:00012c70       _EncryptionThreadProc@4    000230f0 f   Common:encryptionthreadpool.obj
 0001:00012f30       _GetWorkItemState@4        000233b0 f   Common:encryptionthreadpool.obj
 0001:00012f50       _SetWorkItemState@8        000233d0 f   Common:encryptionthreadpool.obj
 0001:00013a20       _EncryptBufferXTSParallel@32 00023ea0 f   Common:xts.obj
 0001:00014020       _EncryptBufferXTSNonParallel@32 000244a0 f   Common:xts.obj
 0001:00014790       _DecryptBufferXTSParallel@32 00024c10 f   Common:xts.obj
 0001:00014d90       _DecryptBufferXTSNonParallel@32 00025210 f   Common:xts.obj
 0001:00018990       _r@16                      00028e10 f   Crypto:gostcipher.obj
 0001:00019190       _xor_s_box@8               00029610 f   Crypto:gostcipher.obj
 0001:00019760       _processBuffer@4           00029be0 f   Crypto:whirlpool.obj
 0001:0001b1c0       _add_blocks@12             0002b640 f   Crypto:gosthash.obj
 0001:0001b230       _step@12                   0002b6b0 f   Crypto:gosthash.obj
 0001:0001b470       _gost_encrypt_with_key@12  0002b8f0 f   Crypto:gosthash.obj
 0001:0001b900       _r@12                      0002bd80 f   Crypto:gosthash.obj
 0001:0001b9f0       _xor_blocks@16             0002be70 f   Crypto:gosthash.obj
 0001:0001ba40       _P_transform@8             0002bec0 f   Crypto:gosthash.obj
 0001:0001bab0       _A@8                       0002bf30 f   Crypto:gosthash.obj
 0001:0001bb30       _PSI@4                     0002bfb0 f   Crypto:gosthash.obj
 0001:0001bbf0       _move_blocks@12            0002c070 f   Crypto:gosthash.obj
 0001:0001be20       _Xor512@12                 0002c2a0 f   Crypto:stribog.obj
 0001:0001be70       _F@4                       0002c2f0 f   Crypto:stribog.obj
 0001:0001c0a0       _copy_blocks@12            0002c520 f   Crypto:stribog.obj
 0001:0001c0a0       _copy_blocks@12            0002c520 f   Crypto:stribog.obj
 0001:0001c0e0       _E@12                      0002c560 f   Crypto:stribog.obj
 0001:0001c190       _set_blocks@12             0002c610 f   Crypto:stribog.obj
 0001:0001c190       _set_blocks@12             0002c610 f   Crypto:stribog.obj
 0001:0001c400       _Add512@12                 0002c880 f   Crypto:stribog.obj
 0001:0001c7af       __unwind_handler4          0002cc2f f   sehupd:exsup4.obj
