 gostcrypt

 Timestamp is 58133e8f (Fri Oct 28 14:03:27 2016)

 Preferred load address is 0000000000010000

 Start         Length     Name                   Class
 0001:00000000 0001281cH .text                   CODE
 0001:00012820 00000505H .text$s                 CODE
 0002:00000000 000002d8H .idata$5                DATA
 0002:000002e0 00008538H .rdata                  DATA
 0002:00008818 000000caH .rdata$debug            DATA
 0002:000088e4 0000088cH .xdata                  DATA
 0003:00000000 00002920H .data                   DATA
 0003:00002920 00004436H .bss                    DATA
 0004:00000000 00000810H .pdata                  DATA
 0005:00000000 00000322H INIT                    CODE
 0005:00000330 0000006cH INIT$s                  CODE
 0005:0000039c 00000014H .idata$2                CODE
 0005:000003b0 00000014H .idata$3                CODE
 0005:000003c8 000002d8H .idata$4                CODE
 0005:000006a0 000007c4H .idata$6                CODE
 0006:00000000 00000058H .rsrc$01                DATA
 0006:00000060 00000280H .rsrc$02                DATA

  Address         Publics by Value              Rva+Base               Lib:Object

 0000:00000000       ___safe_se_handler_table   0000000000000000     <absolute>
 0000:00000000       ___safe_se_handler_count   0000000000000000     <absolute>
 0000:00000000       __ImageBase                0000000000010000     <linker-defined>
 0001:00000008       LoadBootArguments          0000000000011008 f   drivefilter.obj
 0001:0000024c       DriveFilterAddDevice       000000000001124c f   drivefilter.obj
 0001:000010c4       DriveFilterDispatchIrp     00000000000120c4 f   drivefilter.obj
 0001:000011dc       ReopenBootVolumeHeader     00000000000121dc f   drivefilter.obj
 0001:00001b04       StartLegacyHibernationDriverFilter 0000000000012b04 f   drivefilter.obj
 0001:00002340       StartBootEncryptionSetup   0000000000013340 f   drivefilter.obj
 0001:0000245c       GetBootDriveVolumeProperties 000000000001345c f   drivefilter.obj
 0001:000025a4       GetBootEncryptionStatus    00000000000135a4 f   drivefilter.obj
 0001:00002734       AbortBootEncryptionSetup   0000000000013734 f   drivefilter.obj
 0001:00002b18       StartDecoySystemWipe       0000000000013b18 f   drivefilter.obj
 0001:00002c30       GetDecoySystemWipeStatus   0000000000013c30 f   drivefilter.obj
 0001:00002ce8       AbortDecoySystemWipe       0000000000013ce8 f   drivefilter.obj
 0001:00002d60       DumpFilterEntry            0000000000013d60 f   dumpfilter.obj
 0001:000043b8       EncryptedIoQueueAddIrp     00000000000153b8 f   encryptedioqueue.obj
 0001:00004470       EncryptedIoQueueHoldWhenIdle 0000000000015470 f   encryptedioqueue.obj
 0001:0000459c       EncryptedIoQueueResumeFromHold 000000000001559c f   encryptedioqueue.obj
 0001:000045cc       EncryptedIoQueueStart      00000000000155cc f   encryptedioqueue.obj
 0001:000048e0       EncryptedIoQueueStop       00000000000158e0 f   encryptedioqueue.obj
 0001:000049c4       DriverAddDevice            00000000000159c4 f   ntdriver.obj
 0001:00004a54       ValidateIOBufferSize       0000000000015a54 f   ntdriver.obj
 0001:00004ae4       GSTDispatchQueueIRP        0000000000015ae4 f   ntdriver.obj
 0001:00004dd0       GSTCreateDeviceObject      0000000000015dd0 f   ntdriver.obj
 0001:00004f6c       ProcessVolumeDeviceControlIrp 0000000000015f6c f   ntdriver.obj
 0001:0000557c       ProcessMainDeviceControlIrp 000000000001657c f   ntdriver.obj
 0001:00006888       GSTStartThread             0000000000017888 f   ntdriver.obj
 0001:00006964       GSTStopThread              0000000000017964 f   ntdriver.obj
 0001:000069b0       GSTStartVolumeThread       00000000000179b0 f   ntdriver.obj
 0001:00006b34       GSTSleep                   0000000000017b34 f   ntdriver.obj
 0001:00006bb8       VolumeThreadProc           0000000000017bb8 f   ntdriver.obj
 0001:00006e24       GSTGetNTNameFromNumber     0000000000017e24 f   ntdriver.obj
 0001:00006e9c       GSTGetDosNameFromNumber    0000000000017e9c f   ntdriver.obj
 0001:00006f28       GSTDeleteDeviceObject      0000000000017f28 f   ntdriver.obj
 0001:0000708c       GSTUnloadDriver            000000000001808c f   ntdriver.obj
 0001:000070f0       OnShutdownPending          00000000000180f0 f   ntdriver.obj
 0001:00007180       GSTDeviceIoControl         0000000000018180 f   ntdriver.obj
 0001:000072ec       SendDeviceIoControlRequest 00000000000182ec f   ntdriver.obj
 0001:000074ac       ProbeRealDriveSize         00000000000184ac f   ntdriver.obj
 0001:000075d8       GSTOpenFsVolume            00000000000185d8 f   ntdriver.obj
 0001:000077dc       GSTFsctlCall               00000000000187dc f   ntdriver.obj
 0001:000078b8       MountManagerMount          00000000000188b8 f   ntdriver.obj
 0001:00007a60       MountDevice                0000000000018a60 f   ntdriver.obj
 0001:00007d28       UnmountDevice              0000000000018d28 f   ntdriver.obj
 0001:00007ff8       UnmountAllDevices          0000000000018ff8 f   ntdriver.obj
 0001:000080dc       SymbolicLinkToTarget       00000000000190dc f   ntdriver.obj
 0001:000081a8       UserCanAccessDriveDevice   00000000000191a8 f   ntdriver.obj
 0001:0000827c       IsDriveLetterAvailable     000000000001927c f   ntdriver.obj
 0001:00008328       GSTReadRegistryKey         0000000000019328 f   ntdriver.obj
 0001:00008454       IsVolumeClassFilterRegistered 0000000000019454 f   ntdriver.obj
 0001:0000850c       ReadRegistryConfigFlags    000000000001950c f   ntdriver.obj
 0001:000085dc       ZeroUnreadableSectors      00000000000195dc f   ntdriver.obj
 0001:0000870c       ReadDeviceSkipUnreadableSectors 000000000001970c f   ntdriver.obj
 0001:000087f4       IsVolumeAccessibleByCurrentUser 00000000000197f4 f   ntdriver.obj
 0001:000088e4       GSTOpenVolume              00000000000198e4 f   ntvol.obj
 0001:00009778       GSTCloseVolume             000000000001a778 f   ntvol.obj
 0001:00009960       VolumeFilterAddDevice      000000000001a960 f   volumefilter.obj
 0001:00009f10       VolumeFilterDispatchIrp    000000000001af10 f   volumefilter.obj
 0001:0000a038       EncipherBlock              000000000001b038 f   Common:crypto.obj
 0001:0000a08c       DecipherBlock              000000000001b08c f   Common:crypto.obj
 0001:0000a0e0       CipherGet                  000000000001b0e0 f   Common:crypto.obj
 0001:0000a124       XorKeySchedule             000000000001b124 f   Common:crypto.obj
 0001:0000a1f0       EAInit                     000000000001b1f0 f   Common:crypto.obj
 0001:0000a2b8       EAInitMode                 000000000001b2b8 f   Common:crypto.obj
 0001:0000a31c       EAGetName                  000000000001b31c f   Common:crypto.obj
 0001:0000a3d0       EAGetKeySize               000000000001b3d0 f   Common:crypto.obj
 0001:0000a41c       EAGetNextMode              000000000001b41c f   Common:crypto.obj
 0001:0000a470       EAGetKeyScheduleSize       000000000001b470 f   Common:crypto.obj
 0001:0000a4bc       EAGetLargestKeyForMode     000000000001b4bc f   Common:crypto.obj
 0001:0000a53c       EAGetLastCipher            000000000001b53c f   Common:crypto.obj
 0001:0000a574       EAGetNextCipher            000000000001b574 f   Common:crypto.obj
 0001:0000a5bc       EAGetPreviousCipher        000000000001b5bc f   Common:crypto.obj
 0001:0000a618       EAIsModeSupported          000000000001b618 f   Common:crypto.obj
 0001:0000a668       crypto_open                000000000001b668 f   Common:crypto.obj
 0001:0000a6ac       crypto_close               000000000001b6ac f   Common:crypto.obj
 0001:0000a6f0       EncryptBuffer              000000000001b6f0 f   Common:crypto.obj
 0001:0000a840       EncryptDataUnitsCurrentThread 000000000001b840 f   Common:crypto.obj
 0001:0000a984       DecryptBuffer              000000000001b984 f   Common:crypto.obj
 0001:0000aae4       DecryptDataUnitsCurrentThread 000000000001bae4 f   Common:crypto.obj
 0001:0000ac54       GetMaxPkcs5OutSize         000000000001bc54 f   Common:crypto.obj
 0001:0000aca8       GetCrc32                   000000000001bca8 f   Common:crc.obj
 0001:0000ace4       GetHeaderField64           000000000001bce4 f   Common:volumes.obj
 0001:0000ad68       ReadVolumeHeader           000000000001bd68 f   Common:volumes.obj
 0001:0000b8c4       GetWipePassCount           000000000001c8c4 f   Common:wipe.obj
 0001:0000b92c       WipeBuffer                 000000000001c92c f   Common:wipe.obj
 0001:0000b9f4       ReadVolumeHeaderWCache     000000000001c9f4 f   Common:cache.obj
 0001:0000bb34       TestSectorBufEncryption    000000000001cb34 f   Common:tests.obj
 0001:0000bf74       TestLegacySectorBufEncryption 000000000001cf74 f   Common:tests.obj
 0001:0000c254       test_pkcs5                 000000000001d254 f   Common:tests.obj
 0001:0000c710       EncryptionThreadPoolStart  000000000001d710 f   Common:encryptionthreadpool.obj
 0001:0000c8bc       EncryptionThreadPoolStop   000000000001d8bc f   Common:encryptionthreadpool.obj
 0001:0000c938       EncryptionThreadPoolDoWork 000000000001d938 f   Common:encryptionthreadpool.obj
 0001:0000cbc4       EncryptBufferXTS8Byte      000000000001dbc4 f   Common:xts.obj
 0001:0000ceec       DecryptBufferXTS8Byte      000000000001deec f   Common:xts.obj
 0001:0000d218       hmac_whirlpool             000000000001e218 f   Common:pkcs5.obj
 0001:0000d59c       derive_u_whirlpool         000000000001e59c f   Common:pkcs5.obj
 0001:0000d6fc       derive_key_whirlpool       000000000001e6fc f   Common:pkcs5.obj
 0001:0000d840       hmac_gosthash              000000000001e840 f   Common:pkcs5.obj
 0001:0000dac0       derive_u_gosthash          000000000001eac0 f   Common:pkcs5.obj
 0001:0000dc08       derive_key_gosthash        000000000001ec08 f   Common:pkcs5.obj
 0001:0000dd44       hmac_stribog               000000000001ed44 f   Common:pkcs5.obj
 0001:0000dffc       derive_u_stribog           000000000001effc f   Common:pkcs5.obj
 0001:0000e154       derive_key_stribog         000000000001f154 f   Common:pkcs5.obj
 0001:0000e298       get_pkcs5_iteration_count  000000000001f298 f   Common:pkcs5.obj
 0001:0000e2dc       S                          000000000001f2dc f   Crypto:grasshoppercipher.obj
 0001:0000e3dc       S_inv                      000000000001f3dc f   Crypto:grasshoppercipher.obj
 0001:0000e4dc       ll                         000000000001f4dc f   Crypto:grasshoppercipher.obj
 0001:0000e5a8       R                          000000000001f5a8 f   Crypto:grasshoppercipher.obj
 0001:0000e638       R_inv                      000000000001f638 f   Crypto:grasshoppercipher.obj
 0001:0000e6d0       L                          000000000001f6d0 f   Crypto:grasshoppercipher.obj
 0001:0000e764       L_inv                      000000000001f764 f   Crypto:grasshoppercipher.obj
 0001:0000e7f8       F                          000000000001f7f8 f   Crypto:grasshoppercipher.obj
 0001:0000e898       grasshopper_set_key        000000000001f898 f   Crypto:grasshoppercipher.obj
 0001:0000ee7c       grasshopper_encrypt        000000000001fe7c f   Crypto:grasshoppercipher.obj
 0001:0000f178       grasshopper_decrypt        0000000000020178 f   Crypto:grasshoppercipher.obj
 0001:0000f474       grasshopper_xor_ks         0000000000020474 f   Crypto:grasshoppercipher.obj
 0001:0000f860       gost_encrypt               0000000000020860 f   Crypto:gostcipher.obj
 0001:0000fb18       gost_decrypt               0000000000020b18 f   Crypto:gostcipher.obj
 0001:0000fdd0       gost_set_key               0000000000020dd0 f   Crypto:gostcipher.obj
 0001:00010784       GOSTHASH_add               0000000000021784 f   Crypto:gosthash.obj
 0001:00010928       GOSTHASH_finalize          0000000000021928 f   Crypto:gosthash.obj
 0001:0001192c       WHIRLPOOL_add              000000000002292c f   Crypto:whirlpool.obj
 0001:00011ad8       WHIRLPOOL_finalize         0000000000022ad8 f   Crypto:whirlpool.obj
 0001:00011d28       g_N                        0000000000022d28 f   Crypto:stribog.obj
 0001:00011e70       STRIBOG_add                0000000000022e70 f   Crypto:stribog.obj
 0001:00012024       STRIBOG_finalize           0000000000023024 f   Crypto:stribog.obj
 0001:00012170       __security_check_cookie    0000000000023170 f   BufferOverflowK:amdsecgs.obj
 0001:00012198       __report_gsfailure         0000000000023198 f   BufferOverflowK:gs_report.obj
 0001:000121d0       memset                     00000000000231d0 f   ntoskrnl:memset.obj
 0001:000122d0       memcmp                     00000000000232d0 f   ntoskrnl:memcmp.obj
 0001:000123b0       memmove                    00000000000233b0     ntoskrnl:memcpy.obj
 0001:000123b0       memcpy                     00000000000233b0 f   ntoskrnl:memcpy.obj
 0001:000126ec       __GSHandlerCheckCommon     00000000000236ec f   sehupd:gshandler.obj
 0001:00012758       __GSHandlerCheck           0000000000023758 f   sehupd:gshandler.obj
 0001:0001277c       __GSHandlerCheck_SEH       000000000002377c f   sehupd:gshandlerseh.obj
 0001:00012816       __C_specific_handler       0000000000023816 f   ntoskrnl:ntoskrnl.exe
 0001:00012820       ??_C@_00CNPNBAHC@?$AA@FNODOBFM@ 0000000000023820     drivefilter.obj
 0001:00012830       ??_C@_1M@IMEHFNOE@?$AAh?$AAi?$AAb?$AAe?$AAr?$AA?$AA@FNODOBFM@ 0000000000023830     drivefilter.obj
 0001:00012840       ??_C@_1M@JEHGIGBM@?$AAH?$AAi?$AAb?$AAe?$AAr?$AA?$AA@FNODOBFM@ 0000000000023840     drivefilter.obj
 0001:00012850       ??_C@_1M@IFMDENJC@?$AAH?$AAI?$AAB?$AAE?$AAR?$AA?$AA@FNODOBFM@ 0000000000023850     drivefilter.obj
 0001:00012860       ??_C@_1CE@LFEKNJLC@?$AA?2?$AAD?$AAe?$AAv?$AAi?$AAc?$AAe?$AA?2?$AAG?$AAo?$AAs?$AAt?$AAC?$AAr?$AAy?$AAp?$AAt?$AA?$AA@FNODOBFM@ 0000000000023860     dumpfilter.obj
 0001:00012890       ??_C@_0BA@OIGBKMHJ@GostCryptVolume?$AA@FNODOBFM@ 0000000000023890     ntdriver.obj
 0001:000128a0       ??_C@_09NKHKFHLH@GostCrypt?$AA@FNODOBFM@ 00000000000238a0     ntdriver.obj
 0001:000128b0       ??_C@_1BA@CCLAPIHO@?$AA?2?$AAD?$AAe?$AAv?$AAi?$AAc?$AAe?$AA?$AA@FNODOBFM@ 00000000000238b0     ntdriver.obj
 0001:000128c0       ??_C@_19JHEHLFPM@?$AA?2?$AA?$DP?$AA?$DP?$AA?2?$AA?$AA@FNODOBFM@ 00000000000238c0     ntdriver.obj
 0001:000128d0       ??_C@_1DA@HFFKBABD@?$AA?2?$AAD?$AAe?$AAv?$AAi?$AAc?$AAe?$AA?2?$AAG?$AAo?$AAs?$AAt?$AAC?$AAr?$AAy?$AAp?$AAt?$AAV?$AAo?$AAl?$AAu?$AAm?$AAe?$AA?$AA@FNODOBFM@ 00000000000238d0     ntdriver.obj
 0001:00012900       ??_C@_1BK@LABJKOM@?$AA?2?$AAD?$AAo?$AAs?$AAD?$AAe?$AAv?$AAi?$AAc?$AAe?$AAs?$AA?2?$AA?$AA@FNODOBFM@ 0000000000023900     ntdriver.obj
 0001:00012920       ??_C@_1CM@JDHADMGE@?$AA?2?$AAD?$AAo?$AAs?$AAD?$AAe?$AAv?$AAi?$AAc?$AAe?$AAs?$AA?2?$AAG?$AAo?$AAs?$AAt?$AAC?$AAr?$AAy?$AAp?$AAt?$AA?$AA@FNODOBFM@ 0000000000023920     ntdriver.obj
 0001:00012950       ??_C@_1EA@FPAPEGHJ@?$AAP?$AAs?$AAD?$AAe?$AAr?$AAe?$AAf?$AAe?$AAr?$AAe?$AAn?$AAc?$AAe?$AAI?$AAm?$AAp?$AAe?$AAr?$AAs?$AAo?$AAn?$AAa?$AAt?$AAi?$AAo?$AAn?$AAT?$AAo?$AAk?$AAe?$AAn?$AA?$AA@FNODOBFM@ 0000000000023950     ntdriver.obj
 0001:00012990       ??_C@_1DE@MJJBHHAG@?$AA?2?$AAD?$AAe?$AAv?$AAi?$AAc?$AAe?$AA?2?$AAM?$AAo?$AAu?$AAn?$AAt?$AAP?$AAo?$AAi?$AAn?$AAt?$AAM?$AAa?$AAn?$AAa?$AAg?$AAe?$AAr?$AA?$AA@FNODOBFM@ 0000000000023990     ntdriver.obj
 0001:000129d0       ??_C@_1MA@BNNNAGDA@?$AA?2?$AAR?$AAE?$AAG?$AAI?$AAS?$AAT?$AAR?$AAY?$AA?2?$AAM?$AAA?$AAC?$AAH?$AAI?$AAN?$AAE?$AA?2?$AAS?$AAY?$AAS?$AAT?$AAE?$AAM?$AA?2?$AAC?$AAu?$AAr?$AAr?$AAe?$AAn?$AAt@FNODOBFM@ 00000000000239d0     ntdriver.obj
 0001:00012a90       ??_C@_1BK@FNJCPENK@?$AAU?$AAp?$AAp?$AAe?$AAr?$AAF?$AAi?$AAl?$AAt?$AAe?$AAr?$AAs?$AA?$AA@FNODOBFM@ 0000000000023a90     ntdriver.obj
 0001:00012ab0       ??_C@_1BE@NLKDDOJN@?$AAg?$AAo?$AAs?$AAt?$AAc?$AAr?$AAy?$AAp?$AAt?$AA?$AA@FNODOBFM@ 0000000000023ab0     ntdriver.obj
 0001:00012ad0       ??_C@_1HM@FBFGPOIK@?$AA?2?$AAR?$AAE?$AAG?$AAI?$AAS?$AAT?$AAR?$AAY?$AA?2?$AAM?$AAA?$AAC?$AAH?$AAI?$AAN?$AAE?$AA?2?$AAS?$AAY?$AAS?$AAT?$AAE?$AAM?$AA?2?$AAC?$AAu?$AAr?$AAr?$AAe?$AAn?$AAt@FNODOBFM@ 0000000000023ad0     ntdriver.obj
 0001:00012b50       ??_C@_1CA@KPILIDPC@?$AAG?$AAo?$AAs?$AAt?$AAC?$AAr?$AAy?$AAp?$AAt?$AAC?$AAo?$AAn?$AAf?$AAi?$AAg?$AA?$AA@FNODOBFM@ 0000000000023b50     ntdriver.obj
 0001:00012b70       ??_C@_1EA@BHENEMCP@?$AAG?$AAo?$AAs?$AAt?$AAC?$AAr?$AAy?$AAp?$AAt?$AAE?$AAn?$AAc?$AAr?$AAy?$AAp?$AAt?$AAi?$AAo?$AAn?$AAF?$AAr?$AAe?$AAe?$AAC?$AAp?$AAu?$AAC?$AAo?$AAu?$AAn?$AAt?$AA?$AA@FNODOBFM@ 0000000000023b70     ntdriver.obj
 0001:00012bb0       ??_C@_1DM@FMJIKGBL@?$AA?2?$AAD?$AAe?$AAv?$AAi?$AAc?$AAe?$AA?2?$AAH?$AAa?$AAr?$AAd?$AAd?$AAi?$AAs?$AAk?$AA?$CF?$AAd?$AA?2?$AAP?$AAa?$AAr?$AAt?$AAi?$AAt?$AAi?$AAo?$AAn?$AA0?$AA?$AA@FNODOBFM@ 0000000000023bb0     ntvol.obj
 0001:00012bf0       ??_C@_1BC@MAMPPFNN@?$AA?2?$AA?$DP?$AA?$DP?$AA?2?$AAU?$AAN?$AAC?$AA?2?$AA?$AA@FNODOBFM@ 0000000000023bf0     ntvol.obj
 0001:00012c10       ??_C@_1BA@GIIKONIJ@?$AA?2?$AA?$DP?$AA?$DP?$AA?2?$AA?2?$AA?$CF?$AAs?$AA?$AA@FNODOBFM@ 0000000000023c10     ntvol.obj
 0001:00012c20       ??_C@_01OGPIMHDM@?$DP?$AA@FNODOBFM@ 0000000000023c20     Common:crypto.obj
 0001:00012c30       ??_C@_01JOAMLHOP@?9?$AA@FNODOBFM@ 0000000000023c30     Common:crypto.obj
 0001:00012c40       ??_C@_0O@POKHNLDL@GOST?528147?989?$AA@FNODOBFM@ 0000000000023c40     Common:tests.obj
 0001:00012c50       ??_C@_0BB@BMJBGELP@Gost?5Grasshopper?$AA@FNODOBFM@ 0000000000023c50     Common:tests.obj
 0001:00012c70       ??_C@_04NDGDACAK@?$BC4Vx?$AA@FNODOBFM@ 0000000000023c70     Common:tests.obj
 0001:00012c80       ??_C@_08NLHBPEGP@password?$AA@FNODOBFM@ 0000000000023c80     Common:tests.obj
 0001:00012c90       ??_C@_04OCKEDGEH@P?$HM6o?$AA@FNODOBFM@ 0000000000023c90     Common:tests.obj
 0001:00012ca0       ??_C@_0GB@BHABHNEI@P?$HM6o?n?$BA?4?$JK?b?$IK?U?$ICr?$HN?8?$AP?hM?$HPhz?O?$LF?gCg?$KK?$JI?$JDR?$CL?7@FNODOBFM@ 0000000000023ca0     Common:tests.obj
 0001:00012d10       ??_C@_04PJHJAIAI@?$HNS?$OA?$HO?$AA@FNODOBFM@ 0000000000023d10     Common:tests.obj
 0001:00012d20       ??_C@_04PKOKJPGE@?G?$BDV?$LG?$AA@FNODOBFM@ 0000000000023d20     Common:tests.obj
 0002:00000000       __imp_ExFreePoolWithTag    0000000000024000     ntoskrnl:ntoskrnl.exe
 0002:00000008       __imp_KeInitializeMutex    0000000000024008     ntoskrnl:ntoskrnl.exe
 0002:00000010       __imp_PsSetLoadImageNotifyRoutine 0000000000024010     ntoskrnl:ntoskrnl.exe
 0002:00000018       __imp_IoDeleteDevice       0000000000024018     ntoskrnl:ntoskrnl.exe
 0002:00000020       __imp_KeSetEvent           0000000000024020     ntoskrnl:ntoskrnl.exe
 0002:00000028       __imp_IoFreeWorkItem       0000000000024028     ntoskrnl:ntoskrnl.exe
 0002:00000030       __imp_KeInitializeEvent    0000000000024030     ntoskrnl:ntoskrnl.exe
 0002:00000038       __imp_IoReleaseRemoveLockEx 0000000000024038     ntoskrnl:ntoskrnl.exe
 0002:00000040       __imp_KeReleaseSpinLock    0000000000024040     ntoskrnl:ntoskrnl.exe
 0002:00000048       __imp_MmFreeContiguousMemory 0000000000024048     ntoskrnl:ntoskrnl.exe
 0002:00000050       __imp_IoDetachDevice       0000000000024050     ntoskrnl:ntoskrnl.exe
 0002:00000058       __imp_MmUnmapIoSpace       0000000000024058     ntoskrnl:ntoskrnl.exe
 0002:00000060       __imp_MmBuildMdlForNonPagedPool 0000000000024060     ntoskrnl:ntoskrnl.exe
 0002:00000068       __imp_IoFreeMdl            0000000000024068     ntoskrnl:ntoskrnl.exe
 0002:00000070       __imp_KeReleaseMutex       0000000000024070     ntoskrnl:ntoskrnl.exe
 0002:00000078       __imp_PsTerminateSystemThread 0000000000024078     ntoskrnl:ntoskrnl.exe
 0002:00000080       __imp_IoAllocateWorkItem   0000000000024080     ntoskrnl:ntoskrnl.exe
 0002:00000088       __imp_MmMapIoSpace         0000000000024088     ntoskrnl:ntoskrnl.exe
 0002:00000090       __imp_PoStartNextPowerIrp  0000000000024090     ntoskrnl:ntoskrnl.exe
 0002:00000098       __imp_IoReleaseRemoveLockAndWaitEx 0000000000024098     ntoskrnl:ntoskrnl.exe
 0002:000000a0       __imp_KeWaitForSingleObject 00000000000240a0     ntoskrnl:ntoskrnl.exe
 0002:000000a8       __imp_KeBugCheckEx         00000000000240a8     ntoskrnl:ntoskrnl.exe
 0002:000000b0       __imp_IoGetAttachedDeviceReference 00000000000240b0     ntoskrnl:ntoskrnl.exe
 0002:000000b8       __imp_IoAttachDeviceToDeviceStack 00000000000240b8     ntoskrnl:ntoskrnl.exe
 0002:000000c0       __imp_PoCallDriver         00000000000240c0     ntoskrnl:ntoskrnl.exe
 0002:000000c8       __imp_ObfDereferenceObject 00000000000240c8     ntoskrnl:ntoskrnl.exe
 0002:000000d0       __imp_IoInitializeRemoveLockEx 00000000000240d0     ntoskrnl:ntoskrnl.exe
 0002:000000d8       __imp_IoCreateDevice       00000000000240d8     ntoskrnl:ntoskrnl.exe
 0002:000000e0       __imp_IoQueueWorkItem      00000000000240e0     ntoskrnl:ntoskrnl.exe
 0002:000000e8       __imp_IoIsSystemThread     00000000000240e8     ntoskrnl:ntoskrnl.exe
 0002:000000f0       __imp_IoAllocateMdl        00000000000240f0     ntoskrnl:ntoskrnl.exe
 0002:000000f8       __imp_MmAllocateContiguousMemory 00000000000240f8     ntoskrnl:ntoskrnl.exe
 0002:00000100       __imp_IofCallDriver        0000000000024100     ntoskrnl:ntoskrnl.exe
 0002:00000108       __imp_KeAcquireSpinLockRaiseToDpc 0000000000024108     ntoskrnl:ntoskrnl.exe
 0002:00000110       __imp_MmMapLockedPagesSpecifyCache 0000000000024110     ntoskrnl:ntoskrnl.exe
 0002:00000118       __imp_KeClearEvent         0000000000024118     ntoskrnl:ntoskrnl.exe
 0002:00000120       __imp_ZwReadFile           0000000000024120     ntoskrnl:ntoskrnl.exe
 0002:00000128       __imp_KeSetPriorityThread  0000000000024128     ntoskrnl:ntoskrnl.exe
 0002:00000130       __imp_ExInterlockedInsertTailList 0000000000024130     ntoskrnl:ntoskrnl.exe
 0002:00000138       __imp_SeImpersonateClientEx 0000000000024138     ntoskrnl:ntoskrnl.exe
 0002:00000140       __imp_ExInterlockedRemoveHeadList 0000000000024140     ntoskrnl:ntoskrnl.exe
 0002:00000148       __imp_ZwWriteFile          0000000000024148     ntoskrnl:ntoskrnl.exe
 0002:00000150       __imp_SeTokenIsAdmin       0000000000024150     ntoskrnl:ntoskrnl.exe
 0002:00000158       __imp_KeQueryActiveProcessors 0000000000024158     ntoskrnl:ntoskrnl.exe
 0002:00000160       __imp_IoAcquireRemoveLockEx 0000000000024160     ntoskrnl:ntoskrnl.exe
 0002:00000168       __imp_IoDeleteSymbolicLink 0000000000024168     ntoskrnl:ntoskrnl.exe
 0002:00000170       __imp_IoRegisterShutdownNotification 0000000000024170     ntoskrnl:ntoskrnl.exe
 0002:00000178       __imp_IoBuildSynchronousFsdRequest 0000000000024178     ntoskrnl:ntoskrnl.exe
 0002:00000180       __imp_ZwQuerySymbolicLinkObject 0000000000024180     ntoskrnl:ntoskrnl.exe
 0002:00000188       __imp_IoGetRelatedDeviceObject 0000000000024188     ntoskrnl:ntoskrnl.exe
 0002:00000190       __imp_RtlInitUnicodeString 0000000000024190     ntoskrnl:ntoskrnl.exe
 0002:00000198       __imp_RtlEqualSid          0000000000024198     ntoskrnl:ntoskrnl.exe
 0002:000001a0       __imp_RtlCopySid           00000000000241a0     ntoskrnl:ntoskrnl.exe
 0002:000001a8       __imp_MmGetSystemRoutineAddress 00000000000241a8     ntoskrnl:ntoskrnl.exe
 0002:000001b0       __imp_wcsncat              00000000000241b0     ntoskrnl:ntoskrnl.exe
 0002:000001b8       __imp_ZwOpenSymbolicLinkObject 00000000000241b8     ntoskrnl:ntoskrnl.exe
 0002:000001c0       __imp_KeSetTimerEx         00000000000241c0     ntoskrnl:ntoskrnl.exe
 0002:000001c8       __imp_SeReleaseSubjectContext 00000000000241c8     ntoskrnl:ntoskrnl.exe
 0002:000001d0       __imp_SeCreateClientSecurity 00000000000241d0     ntoskrnl:ntoskrnl.exe
 0002:000001d8       __imp_ZwCreateFile         00000000000241d8     ntoskrnl:ntoskrnl.exe
 0002:000001e0       __imp_PsCreateSystemThread 00000000000241e0     ntoskrnl:ntoskrnl.exe
 0002:000001e8       __imp_IoGetDeviceObjectPointer 00000000000241e8     ntoskrnl:ntoskrnl.exe
 0002:000001f0       __imp_ZwQueryValueKey      00000000000241f0     ntoskrnl:ntoskrnl.exe
 0002:000001f8       __imp_SeCaptureSubjectContext 00000000000241f8     ntoskrnl:ntoskrnl.exe
 0002:00000200       __imp_ZwClose              0000000000024200     ntoskrnl:ntoskrnl.exe
 0002:00000208       __imp_IofCompleteRequest   0000000000024208     ntoskrnl:ntoskrnl.exe
 0002:00000210       __imp_SeQueryInformationToken 0000000000024210     ntoskrnl:ntoskrnl.exe
 0002:00000218       __imp_KeInitializeSemaphore 0000000000024218     ntoskrnl:ntoskrnl.exe
 0002:00000220       __imp_ObReferenceObjectByHandle 0000000000024220     ntoskrnl:ntoskrnl.exe
 0002:00000228       __imp_PsGetVersion         0000000000024228     ntoskrnl:ntoskrnl.exe
 0002:00000230       __imp_KeReleaseSemaphore   0000000000024230     ntoskrnl:ntoskrnl.exe
 0002:00000238       __imp_IoGetDeviceInterfaces 0000000000024238     ntoskrnl:ntoskrnl.exe
 0002:00000240       __imp_ObfReferenceObject   0000000000024240     ntoskrnl:ntoskrnl.exe
 0002:00000248       __imp_IoCreateSymbolicLink 0000000000024248     ntoskrnl:ntoskrnl.exe
 0002:00000250       __imp_IoEnumerateDeviceObjectList 0000000000024250     ntoskrnl:ntoskrnl.exe
 0002:00000258       __imp_KeInitializeTimerEx  0000000000024258     ntoskrnl:ntoskrnl.exe
 0002:00000260       __imp_RtlLengthSid         0000000000024260     ntoskrnl:ntoskrnl.exe
 0002:00000268       __imp_SeTokenType          0000000000024268     ntoskrnl:ntoskrnl.exe
 0002:00000270       __imp_ZwOpenKey            0000000000024270     ntoskrnl:ntoskrnl.exe
 0002:00000278       __imp__snwprintf           0000000000024278     ntoskrnl:ntoskrnl.exe
 0002:00000280       __imp_wcsncpy              0000000000024280     ntoskrnl:ntoskrnl.exe
 0002:00000288       __imp_ZwSetInformationFile 0000000000024288     ntoskrnl:ntoskrnl.exe
 0002:00000290       __imp_IoFileObjectType     0000000000024290     ntoskrnl:ntoskrnl.exe
 0002:00000290       IoFileObjectType           0000000000024290     ntoskrnl:ntoskrnl.exe
 0002:00000298       __imp_wcsstr               0000000000024298     ntoskrnl:ntoskrnl.exe
 0002:000002a0       __imp_ZwQueryInformationFile 00000000000242a0     ntoskrnl:ntoskrnl.exe
 0002:000002a8       __imp_IoBuildDeviceIoControlRequest 00000000000242a8     ntoskrnl:ntoskrnl.exe
 0002:000002b0       __imp_ExAllocatePoolWithTag 00000000000242b0     ntoskrnl:ntoskrnl.exe
 0002:000002b8       __imp_ExReleaseFastMutex   00000000000242b8     ntoskrnl:ntoskrnl.exe
 0002:000002c0       __imp_ExAcquireFastMutex   00000000000242c0     ntoskrnl:ntoskrnl.exe
 0002:000002c8       __imp___C_specific_handler 00000000000242c8     ntoskrnl:ntoskrnl.exe
 0002:000002d0       \177ntoskrnl_NULL_THUNK_DATA 00000000000242d0     ntoskrnl:ntoskrnl.exe
 0002:00000300       GUID_DEVINTERFACE_VOLUME   0000000000024300     uuid:cguid_i.obj
 0002:00000310       ??_C@_09HLDHDDJL@Whirlpool?$AA@ 0000000000024310     Common:crypto.obj
 0002:00000320       ??_C@_0BA@KDEBPBMN@GOST?5R?534?411?994?$AA@ 0000000000024320     Common:crypto.obj
 0002:00000330       ??_C@_0BC@IEIFLFFI@GOST?5R?534?411?92012?$AA@ 0000000000024330     Common:crypto.obj
 0002:00000348       ??_C@_0BB@BMJBGELP@Gost?5Grasshopper?$AA@ 0000000000024348     Common:crypto.obj
 0002:00000360       ??_C@_0O@POKHNLDL@GOST?528147?989?$AA@ 0000000000024360     Common:crypto.obj
 0002:00000370       ??_C@_0EB@NCCFEKHJ@t?$IKd?$JE?$LI4?$LNr?$JF?$KC?$DL?$BB?$IG?$BNF?g?$II?$APe?$JI?ST?a?$LCJ5?B?$KC?$IFA?$AI?$IF@ 0000000000024370     Common:tests.obj
 0002:000003b8       ??_C@_0CB@IGIOKONH@R5?$LH?$BHV?$LIu?$CB?J?iR?$JL?$CB?$JH?$DOmNT?$BC?$PMap?$EA?zFL?w$?$JN?$CI?$NO?$BN@ 00000000000243b8     Common:tests.obj
 0002:000003e0       ??_C@_0EB@PHFBDMAI@?$AD?$JB?R?$IA?$AA?$LGb?$LL?$LI?f?$CD?$DO?hl?r?$LC?$IEtLs?$ILX?$AA?$LK?$CI?$BC?mRo?c?$BF?3@ 00000000000243e0     Common:tests.obj
 0002:00000428       ??_C@_0DJ@NGDOEGCI@abcdbcdecdefdefgefghfghighijhijk@ 0000000000024428     Common:tests.obj
 0002:00000470       ??_C@_0EB@DIMDKBBC@?$AA?$BB?$CC3DUfw?$II?$JJ?$KK?$LL?L?$NN?n?$PP?$AB?$CDEg?$IJ?$KL?M?o?$AA?$BB?$CC3DUfw@ 0000000000024470     Common:tests.obj
 0002:000004c0       T                          00000000000244c0     Crypto:stribog.obj
 0003:00000000       HotPatchBuffer             000000000002e000     hotpatch.obj
 0003:00000100       __security_cookie          000000000002e100     BufferOverflowK:gs_support.obj
 0003:00000108       __security_cookie_complement 000000000002e108     BufferOverflowK:gs_support.obj
 0003:000003b0       pi                         000000000002e3b0     Crypto:grasshoppercipher.obj
 0003:000004b0       pi_inv                     000000000002e4b0     Crypto:grasshoppercipher.obj
 0003:000005b0       mult_mod_poly              000000000002e5b0     Crypto:grasshoppercipher.obj
 0003:00000db0       XTS_vectors                000000000002edb0     Common:tests.obj
 0003:0000232c       cacheEmpty                 000000000003032c     Common:cache.obj
 0003:00002330       hmac_whirlpool_test_key    0000000000030330     Common:tests.obj
 0003:00002338       hmac_whirlpool_test_data   0000000000030338     Common:tests.obj
 0003:00002340       hmac_whirlpool_test_vectors 0000000000030340     Common:tests.obj
 0003:00002348       hmac_gosthash_test_key     0000000000030348     Common:tests.obj
 0003:00002350       hmac_gosthash_test_data    0000000000030350     Common:tests.obj
 0003:00002358       hmac_gosthash_test_vectors 0000000000030358     Common:tests.obj
 0003:00002360       hmac_stribog_test_key      0000000000030360     Common:tests.obj
 0003:00002368       hmac_stribog_test_data     0000000000030368     Common:tests.obj
 0003:00002370       hmac_stribog_test_vectors  0000000000030370     Common:tests.obj
 0003:000023e0       crc_32_tab                 00000000000303e0     Common:crc.obj
 0003:000069f4       BootArgsValid              00000000000349f4     drivefilter.obj
 0003:00006a30       EncryptionSetupThread      0000000000034a30     drivefilter.obj
 0003:00006a38       DecoySystemWipeThread      0000000000034a38     drivefilter.obj
 0003:00006a44       DriverShuttingDown         0000000000034a44     ntdriver.obj
 0003:00006a58       RootDeviceObject           0000000000034a58     ntdriver.obj
 0003:00006a60       OsMajorVersion             0000000000034a60     ntdriver.obj
 0003:00006a64       DriverUnloadDisabled       0000000000034a64     ntdriver.obj
 0003:00006a68       PortableMode               0000000000034a68     ntdriver.obj
 0003:00006a6c       VolumeClassFilterRegistered 0000000000034a6c     ntdriver.obj
 0003:00006a70       CacheBootPassword          0000000000034a70     ntdriver.obj
 0003:00006a74       NonAdminSystemFavoritesAccessDisabled 0000000000034a74     ntdriver.obj
 0003:00006a88       ProbingHostDeviceForWrite  0000000000034a88     ntvol.obj
 0003:00006a8c       HiddenSysLeakProtectionCount 0000000000034a8c     volumefilter.obj
 0003:00006a94       ReadVolumeHeaderRecoveryMode 0000000000034a94     Common:volumes.obj
 0003:00006ac0       CachedPasswords            0000000000034ac0     <common>
 0003:00006be0       GSTDriverObject            0000000000034be0     <common>
 0003:00006be8       SelfTestsPassed            0000000000034be8     <common>
 0003:00006bec       OsMinorVersion             0000000000034bec     <common>
 0003:00006bf0       LastUniqueVolumeId         0000000000034bf0     <common>
 0003:00006c00       VirtualVolumeDeviceObjects 0000000000034c00     <common>
 0003:00006ce0       BootArgs                   0000000000034ce0     <common>
 0005:00000008       DriverEntry                0000000000036008 f   ntdriver.obj
 0005:000002a8       __security_init_cookie     00000000000362a8 f   BufferOverflowK:gs_support.obj
 0005:00000304       GsDriverEntry              0000000000036304 f   BufferOverflowK:gs_support.obj
 0005:00000330       ??_C@_1CE@LFEKNJLC@?$AA?2?$AAD?$AAe?$AAv?$AAi?$AAc?$AAe?$AA?2?$AAG?$AAo?$AAs?$AAt?$AAC?$AAr?$AAy?$AAp?$AAt?$AA?$AA@PBOPGDP@ 0000000000036330     ntdriver.obj
 0005:00000360       ??_C@_1M@IOJLKPKK@?$AAS?$AAt?$AAa?$AAr?$AAt?$AA?$AA@PBOPGDP@ 0000000000036360     ntdriver.obj
 0005:00000370       ??_C@_1CM@JDHADMGE@?$AA?2?$AAD?$AAo?$AAs?$AAD?$AAe?$AAv?$AAi?$AAc?$AAe?$AAs?$AA?2?$AAG?$AAo?$AAs?$AAt?$AAC?$AAr?$AAy?$AAp?$AAt?$AA?$AA@PBOPGDP@ 0000000000036370     ntdriver.obj
 0005:0000039c       __IMPORT_DESCRIPTOR_ntoskrnl 000000000003639c     ntoskrnl:ntoskrnl.exe
 0005:000003b0       __NULL_IMPORT_DESCRIPTOR   00000000000363b0     ntoskrnl:ntoskrnl.exe

 entry point at        0005:00000304

 Static symbols

 0001:000003c8       MountDrive                 00000000000113c8 f    CIL library: CIL module
 0001:00000848       SaveDriveVolumeHeader      0000000000011848 f    CIL library: CIL module
 0001:00000a50       OnDeviceUsageNotificationCompleted 0000000000011a50 f    CIL library: CIL module
 0001:00000a50       OnDeviceUsageNotificationCompleted 0000000000011a50 f    CIL library: CIL module
 0001:00000a98       IsVolumeDevice             0000000000011a98 f    CIL library: CIL module
 0001:00000bd8       CheckDeviceTypeAndMount    0000000000011bd8 f    CIL library: CIL module
 0001:00000c94       MountDriveWorkItemRoutine  0000000000011c94 f    CIL library: CIL module
 0001:00000cc4       OnStartDeviceCompleted     0000000000011cc4 f    CIL library: CIL module
 0001:00000db8       DispatchPnp                0000000000011db8 f    CIL library: CIL module
 0001:00000fd0       DispatchPower              0000000000011fd0 f    CIL library: CIL module
 0001:000013ec       HiberDriverWriteFunctionFilter 00000000000123ec f    CIL library: CIL module
 0001:0000164c       HiberDriverWriteFunctionAFilter0 000000000001264c f    CIL library: CIL module
 0001:00001670       HiberDriverWriteFunctionAFilter1 0000000000012670 f    CIL library: CIL module
 0001:00001694       HiberDriverWriteFunctionAFilter2 0000000000012694 f    CIL library: CIL module
 0001:000016b8       HiberDriverWriteFunctionBFilter0 00000000000126b8 f    CIL library: CIL module
 0001:000016e8       HiberDriverWriteFunctionBFilter1 00000000000126e8 f    CIL library: CIL module
 0001:00001718       HiberDriverWriteFunctionBFilter2 0000000000012718 f    CIL library: CIL module
 0001:00001748       HiberDriverEntryFilter     0000000000012748 f    CIL library: CIL module
 0001:000018f0       HiberDriverEntryFilter0    00000000000128f0 f    CIL library: CIL module
 0001:00001904       HiberDriverEntryFilter1    0000000000012904 f    CIL library: CIL module
 0001:0000191c       HiberDriverEntryFilter2    000000000001291c f    CIL library: CIL module
 0001:00001934       LoadImageNotifyRoutine     0000000000012934 f    CIL library: CIL module
 0001:00001c08       SetupThreadProc            0000000000012c08 f    CIL library: CIL module
 0001:000027ac       DecoySystemWipeThreadProc  00000000000137ac f    CIL library: CIL module
 0001:00002f5c       DumpFilterStart            0000000000013f5c f    CIL library: CIL module
 0001:00002fb8       DumpFilterWrite            0000000000013fb8 f    CIL library: CIL module
 0001:00003278       DumpFilterFinish           0000000000014278 f    CIL library: CIL module
 0001:00003284       DumpFilterUnload           0000000000014284 f    CIL library: CIL module
 0001:000032cc       AcquireBufferPoolMutex     00000000000142cc f    CIL library: CIL module
 0001:00003318       GetPoolBuffer              0000000000014318 f    CIL library: CIL module
 0001:0000345c       ReleasePoolBuffer          000000000001445c f    CIL library: CIL module
 0001:000034c0       FreePoolBuffers            00000000000144c0 f    CIL library: CIL module
 0001:00003530       DecrementOutstandingIoCount 0000000000014530 f    CIL library: CIL module
 0001:00003574       CompleteOriginalIrp        0000000000014574 f    CIL library: CIL module
 0001:00003600       ReleaseFragmentBuffer      0000000000014600 f    CIL library: CIL module
 0001:00003664       CompletionThreadProc       0000000000014664 f    CIL library: CIL module
 0001:000037cc       GSTCachedRead              00000000000147cc f    CIL library: CIL module
 0001:0000389c       IoThreadProc               000000000001489c f    CIL library: CIL module
 0001:00003cac       MainThreadProc             0000000000014cac f    CIL library: CIL module
 0001:000072a0       SendDeviceIoControlRequestWorkItemRoutine 00000000000182a0 f    CIL library: CIL module
 0001:00007700       GSTReadWriteDevice         0000000000018700 f    CIL library: CIL module
 0001:000097d0       GSTSendHostDeviceIoControlRequest 000000000001a7d0 f    CIL library: CIL module
 0001:000098a8       RestoreTimeStamp           000000000001a8a8 f    CIL library: CIL module
 0001:00009a8c       PassFilteredIrp            000000000001aa8c f    CIL library: CIL module
 0001:00009a8c       PassFilteredIrp            000000000001aa8c f    CIL library: CIL module
 0001:00009b14       OnStartDeviceCompleted     000000000001ab14 f    CIL library: CIL module
 0001:00009b58       DispatchControl            000000000001ab58 f    CIL library: CIL module
 0001:00009db8       DispatchPnp                000000000001adb8 f    CIL library: CIL module
 0001:0000b7e8       Wipe35Gutmann              000000000001c7e8 f    CIL library: CIL module
 0001:0000c17c       DoAutoTestAlgorithms       000000000001d17c f    CIL library: CIL module
 0001:0000c48c       EncryptionThreadProc       000000000001d48c f    CIL library: CIL module
 0001:0000cd6c       EncryptBufferXTSNonParallel 000000000001dd6c f    CIL library: CIL module
 0001:0000d098       DecryptBufferXTSNonParallel 000000000001e098 f    CIL library: CIL module
 0001:0000f7cc       r                          00000000000207cc f    CIL library: CIL module
 0001:0000ffac       r                          0000000000020fac f    CIL library: CIL module
 0001:00010064       gost_encrypt_with_key      0000000000021064 f    CIL library: CIL module
 0001:00010370       A                          0000000000021370 f    CIL library: CIL module
 0001:000103b8       PSI                        00000000000213b8 f    CIL library: CIL module
 0001:0001044c       step                       000000000002144c f    CIL library: CIL module
 0001:00010aac       processBuffer              0000000000021aac f    CIL library: CIL module
 0001:00011c00       Add512                     0000000000022c00 f    CIL library: CIL module
 0001:00011c58       F                          0000000000022c58 f   Crypto:grasshoppercipher.obj
